Archive member included because of file (symbol)

c:/freescale/kds_3.0.0/toolchain/bin/../lib/gcc/arm-none-eabi/4.8.4/../../../../arm-none-eabi/lib/armv7e-m\libg_s.a(lib_a-exit.o)
                              c:/freescale/kds_3.0.0/toolchain/bin/../lib/gcc/arm-none-eabi/4.8.4/../../../../arm-none-eabi/lib/armv7e-m/crt0.o (exit)
c:/freescale/kds_3.0.0/toolchain/bin/../lib/gcc/arm-none-eabi/4.8.4/../../../../arm-none-eabi/lib/armv7e-m\libg_s.a(lib_a-impure.o)
                              c:/freescale/kds_3.0.0/toolchain/bin/../lib/gcc/arm-none-eabi/4.8.4/../../../../arm-none-eabi/lib/armv7e-m\libg_s.a(lib_a-exit.o) (_global_impure_ptr)
c:/freescale/kds_3.0.0/toolchain/bin/../lib/gcc/arm-none-eabi/4.8.4/../../../../arm-none-eabi/lib/armv7e-m\libg_s.a(lib_a-init.o)
                              c:/freescale/kds_3.0.0/toolchain/bin/../lib/gcc/arm-none-eabi/4.8.4/../../../../arm-none-eabi/lib/armv7e-m/crt0.o (__libc_init_array)
c:/freescale/kds_3.0.0/toolchain/bin/../lib/gcc/arm-none-eabi/4.8.4/../../../../arm-none-eabi/lib/armv7e-m\libg_s.a(lib_a-memset.o)
                              c:/freescale/kds_3.0.0/toolchain/bin/../lib/gcc/arm-none-eabi/4.8.4/../../../../arm-none-eabi/lib/armv7e-m/crt0.o (memset)
c:/freescale/kds_3.0.0/toolchain/bin/../lib/gcc/arm-none-eabi/4.8.4/../../../../arm-none-eabi/lib/armv7e-m\libg_s.a(lib_a-sscanf.o)
                              ./Sources/main.o (sscanf)
c:/freescale/kds_3.0.0/toolchain/bin/../lib/gcc/arm-none-eabi/4.8.4/../../../../arm-none-eabi/lib/armv7e-m\libg_s.a(lib_a-stdio.o)
                              c:/freescale/kds_3.0.0/toolchain/bin/../lib/gcc/arm-none-eabi/4.8.4/../../../../arm-none-eabi/lib/armv7e-m\libg_s.a(lib_a-sscanf.o) (__seofread)
c:/freescale/kds_3.0.0/toolchain/bin/../lib/gcc/arm-none-eabi/4.8.4/../../../../arm-none-eabi/lib/armv7e-m\libg_s.a(lib_a-strlen.o)
                              c:/freescale/kds_3.0.0/toolchain/bin/../lib/gcc/arm-none-eabi/4.8.4/../../../../arm-none-eabi/lib/armv7e-m\libg_s.a(lib_a-sscanf.o) (strlen)
c:/freescale/kds_3.0.0/toolchain/bin/../lib/gcc/arm-none-eabi/4.8.4/../../../../arm-none-eabi/lib/armv7e-m\libg_s.a(lib_a-svfscanf.o)
                              c:/freescale/kds_3.0.0/toolchain/bin/../lib/gcc/arm-none-eabi/4.8.4/../../../../arm-none-eabi/lib/armv7e-m\libg_s.a(lib_a-sscanf.o) (__ssvfscanf_r)
c:/freescale/kds_3.0.0/toolchain/bin/../lib/gcc/arm-none-eabi/4.8.4/../../../../arm-none-eabi/lib/armv7e-m\libg_s.a(lib_a-ungetc.o)
                              c:/freescale/kds_3.0.0/toolchain/bin/../lib/gcc/arm-none-eabi/4.8.4/../../../../arm-none-eabi/lib/armv7e-m\libg_s.a(lib_a-svfscanf.o) (__submore)
c:/freescale/kds_3.0.0/toolchain/bin/../lib/gcc/arm-none-eabi/4.8.4/../../../../arm-none-eabi/lib/armv7e-m\libg_s.a(lib_a-vfscanf_i.o)
                              c:/freescale/kds_3.0.0/toolchain/bin/../lib/gcc/arm-none-eabi/4.8.4/../../../../arm-none-eabi/lib/armv7e-m\libg_s.a(lib_a-svfscanf.o) (_scanf_chars)
c:/freescale/kds_3.0.0/toolchain/bin/../lib/gcc/arm-none-eabi/4.8.4/../../../../arm-none-eabi/lib/armv7e-m\libg_s.a(lib_a-writer.o)
                              c:/freescale/kds_3.0.0/toolchain/bin/../lib/gcc/arm-none-eabi/4.8.4/../../../../arm-none-eabi/lib/armv7e-m\libg_s.a(lib_a-stdio.o) (_write_r)
c:/freescale/kds_3.0.0/toolchain/bin/../lib/gcc/arm-none-eabi/4.8.4/../../../../arm-none-eabi/lib/armv7e-m\libg_s.a(lib_a-closer.o)
                              c:/freescale/kds_3.0.0/toolchain/bin/../lib/gcc/arm-none-eabi/4.8.4/../../../../arm-none-eabi/lib/armv7e-m\libg_s.a(lib_a-stdio.o) (_close_r)
c:/freescale/kds_3.0.0/toolchain/bin/../lib/gcc/arm-none-eabi/4.8.4/../../../../arm-none-eabi/lib/armv7e-m\libg_s.a(lib_a-ctype_.o)
                              c:/freescale/kds_3.0.0/toolchain/bin/../lib/gcc/arm-none-eabi/4.8.4/../../../../arm-none-eabi/lib/armv7e-m\libg_s.a(lib_a-svfscanf.o) (__ctype_ptr__)
c:/freescale/kds_3.0.0/toolchain/bin/../lib/gcc/arm-none-eabi/4.8.4/../../../../arm-none-eabi/lib/armv7e-m\libg_s.a(lib_a-fflush.o)
                              c:/freescale/kds_3.0.0/toolchain/bin/../lib/gcc/arm-none-eabi/4.8.4/../../../../arm-none-eabi/lib/armv7e-m\libg_s.a(lib_a-ungetc.o) (_fflush_r)
c:/freescale/kds_3.0.0/toolchain/bin/../lib/gcc/arm-none-eabi/4.8.4/../../../../arm-none-eabi/lib/armv7e-m\libg_s.a(lib_a-findfp.o)
                              c:/freescale/kds_3.0.0/toolchain/bin/../lib/gcc/arm-none-eabi/4.8.4/../../../../arm-none-eabi/lib/armv7e-m\libg_s.a(lib_a-ungetc.o) (__sinit)
c:/freescale/kds_3.0.0/toolchain/bin/../lib/gcc/arm-none-eabi/4.8.4/../../../../arm-none-eabi/lib/armv7e-m\libg_s.a(lib_a-fwalk.o)
                              c:/freescale/kds_3.0.0/toolchain/bin/../lib/gcc/arm-none-eabi/4.8.4/../../../../arm-none-eabi/lib/armv7e-m\libg_s.a(lib_a-findfp.o) (_fwalk)
c:/freescale/kds_3.0.0/toolchain/bin/../lib/gcc/arm-none-eabi/4.8.4/../../../../arm-none-eabi/lib/armv7e-m\libg_s.a(lib_a-lseekr.o)
[...]
Memory Configuration

Name             Origin             Length             Attributes
m_interrupts     0x00000000         0x000000f8         xr
m_text           0x00000410         0x0001fbf0         xr
m_data           0x1fffe000         0x00002000         rw
m_data_20000000  0x20000000         0x00002000         rw
m_cfmprotrom     0x00000400         0x00000010         xr
*default*        0x00000000         0xffffffff

Linker script and memory map

LOAD c:/freescale/kds_3.0.0/toolchain/bin/../lib/gcc/arm-none-eabi/4.8.4/armv7e-m/crti.o
LOAD c:/freescale/kds_3.0.0/toolchain/bin/../lib/gcc/arm-none-eabi/4.8.4/armv7e-m/crtbegin.o
LOAD c:/freescale/kds_3.0.0/toolchain/bin/../lib/gcc/arm-none-eabi/4.8.4/../../../../arm-none-eabi/lib/armv7e-m/crt0.o
LOAD ./Sources/Events.o
LOAD ./Sources/OurMethods.o
LOAD ./Sources/main.o
LOAD ./Project_Settings/Startup_Code/startup.o
LOAD ./Generated_Code/AD1.o
LOAD ./Generated_Code/ASerialLdd1.o
LOAD ./Generated_Code/AdcLdd1.o
LOAD ./Generated_Code/Cpu.o
LOAD ./Generated_Code/Inhr1.o
LOAD ./Generated_Code/PE_LDD.o
LOAD ./Generated_Code/Term1.o
LOAD ./Generated_Code/Vectors.o
LOAD c:/freescale/kds_3.0.0/toolchain/bin/../lib/gcc/arm-none-eabi/4.8.4/../../../../arm-none-eabi/lib/armv7e-m\libstdc++_s.a
LOAD c:/freescale/kds_3.0.0/toolchain/bin/../lib/gcc/arm-none-eabi/4.8.4/../../../../arm-none-eabi/lib/armv7e-m\libm.a
START GROUP
LOAD c:/freescale/kds_3.0.0/toolchain/bin/../lib/gcc/arm-none-eabi/4.8.4/armv7e-m\libgcc.a
LOAD c:/freescale/kds_3.0.0/toolchain/bin/../lib/gcc/arm-none-eabi/4.8.4/../../../../arm-none-eabi/lib/armv7e-m\libg_s.a
LOAD c:/freescale/kds_3.0.0/toolchain/bin/../lib/gcc/arm-none-eabi/4.8.4/../../../../arm-none-eabi/lib/armv7e-m\libc_s.a
END GROUP
START GROUP
LOAD c:/freescale/kds_3.0.0/toolchain/bin/../lib/gcc/arm-none-eabi/4.8.4/armv7e-m\libgcc.a
LOAD c:/freescale/kds_3.0.0/toolchain/bin/../lib/gcc/arm-none-eabi/4.8.4/../../../../arm-none-eabi/lib/armv7e-m\libc_s.a
LOAD c:/freescale/kds_3.0.0/toolchain/bin/../lib/gcc/arm-none-eabi/4.8.4/../../../../arm-none-eabi/lib/armv7e-m\libnosys.a
END GROUP
START GROUP
LOAD c:/freescale/kds_3.0.0/toolchain/bin/../lib/gcc/arm-none-eabi/4.8.4/armv7e-m\libgcc.a
LOAD c:/freescale/kds_3.0.0/toolchain/bin/../lib/gcc/arm-none-eabi/4.8.4/../../../../arm-none-eabi/lib/armv7e-m\libc_s.a
LOAD c:/freescale/kds_3.0.0/toolchain/bin/../lib/gcc/arm-none-eabi/4.8.4/../../../../arm-none-eabi/lib/armv7e-m\libnosys.a
END GROUP
LOAD c:/freescale/kds_3.0.0/toolchain/bin/../lib/gcc/arm-none-eabi/4.8.4/armv7e-m/crtend.o
LOAD c:/freescale/kds_3.0.0/toolchain/bin/../lib/gcc/arm-none-eabi/4.8.4/armv7e-m/crtn.o
                0x20000000                _estack = 0x20000000
                0x20000000                __SP_INIT = _estack
                0x20000000                __stack = _estack
                0x00000000                __heap_size = 0x0
                0x00000400                __stack_size = 0x400

.interrupts     0x00000000       0xf8
                0x00000000                __vector_table = .
                0x00000000                . = ALIGN (0x4)
 *(.vectortable)
 .vectortable   0x00000000       0xf8 ./Generated_Code/Vectors.o
                0x00000000                __vect_table
                0x000000f8                . = ALIGN (0x4)

.cfmprotect     0x00000400       0x10
                0x00000400                . = ALIGN (0x4)
 *(.cfmconfig)
 .cfmconfig     0x00000400       0x10 ./Generated_Code/Cpu.o
                0x00000400                _cfm
                0x00000410                . = ALIGN (0x4)

.text           0x00000410     0x25dc
                0x00000410                . = ALIGN (0x4)
 *(.text)
 .text          0x00000410       0x54 c:/freescale/kds_3.0.0/toolchain/bin/../lib/gcc/arm-none-eabi/4.8.4/armv7e-m/crtbegin.o
 .text          0x00000464       0x74 c:/freescale/kds_3.0.0/toolchain/bin/../lib/gcc/arm-none-eabi/4.8.4/../../../../arm-none-eabi/lib/armv7e-m/crt0.o
                0x00000464                _start
                0x00000464                _mainCRTStartup
 *(.text*)
 .text.Cpu_OnNMIINT
                0x000004d8        0xc ./Sources/Events.o
                0x000004d8                Cpu_OnNMIINT
 .text.AD1_OnEnd
                0x000004e4        0xc ./Sources/Events.o
                0x000004e4                AD1_OnEnd
 .text.AD1_OnCalibrationEnd
                0x000004f0        0xc ./Sources/Events.o
                0x000004f0                AD1_OnCalibrationEnd
 .text.Inhr1_OnRxChar
                0x000004fc       0x78 ./Sources/Events.o
                0x000004fc                Inhr1_OnRxChar
 .text.commandWindow
                0x00000574       0x88 ./Sources/OurMethods.o
                0x00000574                commandWindow
 .text.inputWindow
                0x000005fc       0x88 ./Sources/OurMethods.o
                0x000005fc                inputWindow
 .text.userInput
                0x00000684       0x34 ./Sources/OurMethods.o
                0x00000684                userInput
 .text.instructions
                0x000006b8       0x44 ./Sources/OurMethods.o
                0x000006b8                instructions
 .text.main     0x000006fc       0xe8 ./Sources/main.o
                0x000006fc                main
 .text.__copy_rom_section
                0x000007e4       0xe4 ./Project_Settings/Startup_Code/startup.o
                0x000007e4                __copy_rom_section
 .text.__copy_rom_sections_to_ram
                0x000008c8       0x9c ./Project_Settings/Startup_Code/startup.o
                0x000008c8                __copy_rom_sections_to_ram
 .text.__init_registers
                0x00000964        0xc ./Project_Settings/Startup_Code/startup.o
                0x00000964                __init_registers
 .text.__init_user
                0x00000970        0xc ./Project_Settings/Startup_Code/startup.o
                0x00000970                __init_user
 .text.__thumb_startup
                0x0000097c       0x34 ./Project_Settings/Startup_Code/startup.o
                0x0000097c                __thumb_startup
 .text.AdcLdd1_OnMeasurementComplete
                0x000009b0       0xb0 ./Generated_Code/AD1.o
                0x000009b0                AdcLdd1_OnMeasurementComplete
 .text.AD1_Init
                0x00000a60       0x2c ./Generated_Code/AD1.o
                0x00000a60                AD1_Init
 .text.ASerialLdd1_Init
                0x00000a8c      0x1c0 ./Generated_Code/ASerialLdd1.o
                0x00000a8c                ASerialLdd1_Init
 .text.ASerialLdd1_ReceiveBlock
                0x00000c4c       0x90 ./Generated_Code/ASerialLdd1.o
                0x00000c4c                ASerialLdd1_ReceiveBlock
 .text.ASerialLdd1_SendBlock
                0x00000cdc       0xbc ./Generated_Code/ASerialLdd1.o
                0x00000cdc                ASerialLdd1_SendBlock
 .text.InterruptRx
                0x00000d98       0x58 ./Generated_Code/ASerialLdd1.o
 .text.InterruptTx
                0x00000df0       0x80 ./Generated_Code/ASerialLdd1.o
 .text.ASerialLdd1_Interrupt
                0x00000e70       0xf4 ./Generated_Code/ASerialLdd1.o
                0x00000e70                ASerialLdd1_Interrupt
 .text.ASerialLdd1_GetError
                0x00000f64       0x70 ./Generated_Code/ASerialLdd1.o
                0x00000f64                ASerialLdd1_GetError
 .text.AdcLdd1_Init
                0x00000fd4       0xfc ./Generated_Code/AdcLdd1.o
                0x00000fd4                AdcLdd1_Init
 .text.AdcLdd1_StartSingleMeasurement
                0x000010d0       0x4c ./Generated_Code/AdcLdd1.o
                0x000010d0                AdcLdd1_StartSingleMeasurement
 .text.AdcLdd1_CreateSampleGroup
                0x0000111c       0x6c ./Generated_Code/AdcLdd1.o
                0x0000111c                AdcLdd1_CreateSampleGroup
 .text.AdcLdd1_GetMeasuredValues
                0x00001188       0x4c ./Generated_Code/AdcLdd1.o
                0x00001188                AdcLdd1_GetMeasuredValues
 .text.AdcLdd1_GetCalibrationResultStatus
                0x000011d4       0xbc ./Generated_Code/AdcLdd1.o
                0x000011d4                AdcLdd1_GetCalibrationResultStatus
 .text.AdcLdd1_MeasurementCompleteInterrupt
                0x00001290       0x3c ./Generated_Code/AdcLdd1.o
                0x00001290                AdcLdd1_MeasurementCompleteInterrupt
 .text.Cpu_INT_NMIInterrupt
                0x000012cc       0x1c ./Generated_Code/Cpu.o
                0x000012cc                Cpu_INT_NMIInterrupt
 .text.Cpu_Interrupt
                0x000012e8       0x18 ./Generated_Code/Cpu.o
                0x000012e8                Cpu_Interrupt
 .text.__init_hardware
                0x00001300      0x11c ./Generated_Code/Cpu.o
                0x00001300                __init_hardware
 .text.Cpu_SetBASEPRI
                0x0000141c       0x18 ./Generated_Code/Cpu.o
                0x0000141c                Cpu_SetBASEPRI
 .text.PE_low_level_init
                0x00001434       0xb0 ./Generated_Code/Cpu.o
                0x00001434                PE_low_level_init
 .text.HWEnDi   0x000014e4       0x1c ./Generated_Code/Inhr1.o
 .text.Inhr1_RecvChar
                0x00001500       0xd8 ./Generated_Code/Inhr1.o
                0x00001500                Inhr1_RecvChar
 .text.Inhr1_SendChar
                0x000015d8       0xdc ./Generated_Code/Inhr1.o
                0x000015d8                Inhr1_SendChar
 .text.Inhr1_Init
                0x000016b4       0x60 ./Generated_Code/Inhr1.o
                0x000016b4                Inhr1_Init
 .text.ASerialLdd1_OnBlockReceived
                0x00001714       0x90 ./Generated_Code/Inhr1.o
                0x00001714                ASerialLdd1_OnBlockReceived
 .text.ASerialLdd1_OnBlockSent
                0x000017a4       0x88 ./Generated_Code/Inhr1.o
                0x000017a4                ASerialLdd1_OnBlockSent
 .text.ASerialLdd1_OnError
                0x0000182c       0x98 ./Generated_Code/Inhr1.o
                0x0000182c                ASerialLdd1_OnError
 .text.ASerialLdd1_OnBreak
                0x000018c4       0x24 ./Generated_Code/Inhr1.o
                0x000018c4                ASerialLdd1_OnBreak
 .text.Term1_SendChar
                0x000018e8       0x20 ./Generated_Code/Term1.o
                0x000018e8                Term1_SendChar
 .text.SendESCPrefix
                0x00001908       0x24 ./Generated_Code/Term1.o
 .text.Term1_SendStr
                0x0000192c       0x34 ./Generated_Code/Term1.o
                0x0000192c                Term1_SendStr
 .text.LongToStr
                0x00001960       0xf4 ./Generated_Code/Term1.o
 .text.Term1_SendNum
                0x00001a54       0x54 ./Generated_Code/Term1.o
                0x00001a54                Term1_SendNum
 .text.Term1_MoveTo
                0x00001aa8       0x44 ./Generated_Code/Term1.o
                0x00001aa8                Term1_MoveTo
 .text.Term1_SetColor
                0x00001aec       0x64 ./Generated_Code/Term1.o
                0x00001aec                Term1_SetColor
 .text.Term1_EraseLine
                0x00001b50       0x18 ./Generated_Code/Term1.o
                0x00001b50                Term1_EraseLine
 .text.exit     0x00001b68       0x28 c:/freescale/kds_3.0.0/toolchain/bin/../lib/gcc/arm-none-eabi/4.8.4/../../../../arm-none-eabi/lib/armv7e-m\libg_s.a(lib_a-exit.o)
                0x00001b68                exit
 .text.__libc_init_array
                0x00001b90       0x4c c:/freescale/kds_3.0.0/toolchain/bin/../lib/gcc/arm-none-eabi/4.8.4/../../../../arm-none-eabi/lib/armv7e-m\libg_s.a(lib_a-init.o)
                0x00001b90                __libc_init_array
 .text.memset   0x00001bdc       0x10 c:/freescale/kds_3.0.0/toolchain/bin/../lib/gcc/arm-none-eabi/4.8.4/../../../../arm-none-eabi/lib/armv7e-m\libg_s.a(lib_a-memset.o)
                0x00001bdc                memset
 .text.sscanf   0x00001bec       0x54 c:/freescale/kds_3.0.0/toolchain/bin/../lib/gcc/arm-none-eabi/4.8.4/../../../../arm-none-eabi/lib/armv7e-m\libg_s.a(lib_a-sscanf.o)
                0x00001bec                siscanf
                0x00001bec                sscanf
 .text.__seofread
                0x00001c40        0x4 c:/freescale/kds_3.0.0/toolchain/bin/../lib/gcc/arm-none-eabi/4.8.4/../../../../arm-none-eabi/lib/armv7e-m\libg_s.a(lib_a-stdio.o)
                0x00001c40                __seofread
 .text.strlen   0x00001c44       0x10 c:/freescale/kds_3.0.0/toolchain/bin/../lib/gcc/arm-none-eabi/4.8.4/../../../../arm-none-eabi/lib/armv7e-m\libg_s.a(lib_a-strlen.o)
                0x00001c44                strlen
 .text._sungetc_r
                0x00001c54       0x7a c:/freescale/kds_3.0.0/toolchain/bin/../lib/gcc/arm-none-eabi/4.8.4/../../../../arm-none-eabi/lib/armv7e-m\libg_s.a(lib_a-svfscanf.o)
                0x00001c54                _sungetc_r
 .text.__ssrefill_r
                0x00001cce       0x3a c:/freescale/kds_3.0.0/toolchain/bin/../lib/gcc/arm-none-eabi/4.8.4/../../../../arm-none-eabi/lib/armv7e-m\libg_s.a(lib_a-svfscanf.o)
                0x00001cce                __ssrefill_r
 .text.__ssvfscanf_r
                0x00001d08      0x29c c:/freescale/kds_3.0.0/toolchain/bin/../lib/gcc/arm-none-eabi/4.8.4/../../../../arm-none-eabi/lib/armv7e-m\libg_s.a(lib_a-svfscanf.o)
                0x00001d08                __ssvfiscanf_r
                0x00001d08                __ssvfscanf_r
 .text.__submore
                0x00001fa4       0x76 c:/freescale/kds_3.0.0/toolchain/bin/../lib/gcc/arm-none-eabi/4.8.4/../../../../arm-none-eabi/lib/armv7e-m\libg_s.a(lib_a-ungetc.o)
                0x00001fa4                __submore
 *fill*         0x0000201a        0x2 
 .text._scanf_chars
                0x0000201c       0xc0 c:/freescale/kds_3.0.0/toolchain/bin/../lib/gcc/arm-none-eabi/4.8.4/../../../../arm-none-eabi/lib/armv7e-m\libg_s.a(lib_a-vfscanf_i.o)
                0x0000201c                _scanf_chars
 .text._scanf_i
                0x000020dc      0x1ec c:/freescale/kds_3.0.0/toolchain/bin/../lib/gcc/arm-none-eabi/4.8.4/../../../../arm-none-eabi/lib/armv7e-m\libg_s.a(lib_a-vfscanf_i.o)
                0x000020dc                _scanf_i
 .text.memchr   0x000022c8       0x1e c:/freescale/kds_3.0.0/toolchain/bin/../lib/gcc/arm-none-eabi/4.8.4/../../../../arm-none-eabi/lib/armv7e-m\libg_s.a(lib_a-memchr-stub.o)
                0x000022c8                memchr
 .text.memcpy   0x000022e6       0x12 c:/freescale/kds_3.0.0/toolchain/bin/../lib/gcc/arm-none-eabi/4.8.4/../../../../arm-none-eabi/lib/armv7e-m\libg_s.a(lib_a-memcpy-stub.o)
                0x000022e6                memcpy
 .text._free_r  0x000022f8       0x88 c:/freescale/kds_3.0.0/toolchain/bin/../lib/gcc/arm-none-eabi/4.8.4/../../../../arm-none-eabi/lib/armv7e-m\libg_s.a(lib_a-nano-freer.o)
                0x000022f8                _free_r
 .text._malloc_r
                0x00002380       0xa8 c:/freescale/kds_3.0.0/toolchain/bin/../lib/gcc/arm-none-eabi/4.8.4/../../../../arm-none-eabi/lib/armv7e-m\libg_s.a(lib_a-nano-mallocr.o)
                0x00002380                _malloc_r
 .text._realloc_r
                0x00002428       0x4c c:/freescale/kds_3.0.0/toolchain/bin/../lib/gcc/arm-none-eabi/4.8.4/../../../../arm-none-eabi/lib/armv7e-m\libg_s.a(lib_a-nano-reallocr.o)
                0x00002428                _realloc_r
 .text._sbrk_r  0x00002474       0x20 c:/freescale/kds_3.0.0/toolchain/bin/../lib/gcc/arm-none-eabi/4.8.4/../../../../arm-none-eabi/lib/armv7e-m\libg_s.a(lib_a-sbrkr.o)
                0x00002474                _sbrk_r
 .text.__sccl   0x00002494       0x64 c:/freescale/kds_3.0.0/toolchain/bin/../lib/gcc/arm-none-eabi/4.8.4/../../../../arm-none-eabi/lib/armv7e-m\libg_s.a(lib_a-sccl.o)
                0x00002494                __sccl
 .text._strtol_r
                0x000024f8      0x104 c:/freescale/kds_3.0.0/toolchain/bin/../lib/gcc/arm-none-eabi/4.8.4/../../../../arm-none-eabi/lib/armv7e-m\libg_s.a(lib_a-strtol.o)
                0x000024f8                _strtol_r
 .text._strtoul_r
                0x000025fc       0xf0 c:/freescale/kds_3.0.0/toolchain/bin/../lib/gcc/arm-none-eabi/4.8.4/../../../../arm-none-eabi/lib/armv7e-m\libg_s.a(lib_a-strtoul.o)
                0x000025fc                _strtoul_r
 .text._malloc_usable_size_r
                0x000026ec       0x12 c:/freescale/kds_3.0.0/toolchain/bin/../lib/gcc/arm-none-eabi/4.8.4/../../../../arm-none-eabi/lib/armv7e-m\libg_s.a(lib_a-nano-msizer.o)
                0x000026ec                _malloc_usable_size_r
 *fill*         0x000026fe        0x2 
 .text._sbrk    0x00002700       0x34 c:/freescale/kds_3.0.0/toolchain/bin/../lib/gcc/arm-none-eabi/4.8.4/../../../../arm-none-eabi/lib/armv7e-m\libnosys.a(sbrk.o)
                0x00002700                _sbrk
 .text._exit    0x00002734        0x4 c:/freescale/kds_3.0.0/toolchain/bin/../lib/gcc/arm-none-eabi/4.8.4/../../../../arm-none-eabi/lib/armv7e-m\libnosys.a(_exit.o)
                0x00002734                _exit
 *(.rodata)
 .rodata        0x00002738       0x9c ./Sources/OurMethods.o
 .rodata        0x000027d4       0x68 ./Sources/main.o
 .rodata        0x0000283c        0xc c:/freescale/kds_3.0.0/toolchain/bin/../lib/gcc/arm-none-eabi/4.8.4/../../../../arm-none-eabi/lib/armv7e-m\libg_s.a(lib_a-vfscanf_i.o)
 *(.rodata*)
 .rodata.ChannelToPin
                0x00002848        0x4 ./Generated_Code/AdcLdd1.o
 .rodata.str1.1
                0x0000284c        0x2 c:/freescale/kds_3.0.0/toolchain/bin/../lib/gcc/arm-none-eabi/4.8.4/../../../../arm-none-eabi/lib/armv7e-m\libg_s.a(lib_a-impure.o)
 *fill*         0x0000284e        0x2 
 .rodata._global_impure_ptr
                0x00002850        0x4 c:/freescale/kds_3.0.0/toolchain/bin/../lib/gcc/arm-none-eabi/4.8.4/../../../../arm-none-eabi/lib/armv7e-m\libg_s.a(lib_a-impure.o)
                0x00002850                _global_impure_ptr
 .rodata.str1.1
                0x00002854        0x4 c:/freescale/kds_3.0.0/toolchain/bin/../lib/gcc/arm-none-eabi/4.8.4/../../../../arm-none-eabi/lib/armv7e-m\libg_s.a(lib_a-svfscanf.o)
 .rodata.str1.1
                0x00002858       0x1b c:/freescale/kds_3.0.0/toolchain/bin/../lib/gcc/arm-none-eabi/4.8.4/../../../../arm-none-eabi/lib/armv7e-m\libg_s.a(lib_a-vfscanf_i.o)
 .rodata._ctype_
                0x00002873      0x101 c:/freescale/kds_3.0.0/toolchain/bin/../lib/gcc/arm-none-eabi/4.8.4/../../../../arm-none-eabi/lib/armv7e-m\libg_s.a(lib_a-ctype_.o)
                0x00002873                _ctype_
 .rodata.__sf_fake_stdin
                0x00002974       0x20 c:/freescale/kds_3.0.0/toolchain/bin/../lib/gcc/arm-none-eabi/4.8.4/../../../../arm-none-eabi/lib/armv7e-m\libg_s.a(lib_a-findfp.o)
                0x00002974                __sf_fake_stdin
 .rodata.__sf_fake_stdout
                0x00002994       0x20 c:/freescale/kds_3.0.0/toolchain/bin/../lib/gcc/arm-none-eabi/4.8.4/../../../../arm-none-eabi/lib/armv7e-m\libg_s.a(lib_a-findfp.o)
                0x00002994                __sf_fake_stdout
 .rodata.__sf_fake_stderr
                0x000029b4       0x20 c:/freescale/kds_3.0.0/toolchain/bin/../lib/gcc/arm-none-eabi/4.8.4/../../../../arm-none-eabi/lib/armv7e-m\libg_s.a(lib_a-findfp.o)
                0x000029b4                __sf_fake_stderr
 *(.glue_7)
 .glue_7        0x00000000        0x0 linker stubs
 *(.glue_7t)
 .glue_7t       0x00000000        0x0 linker stubs
 *(.eh_frame)
 .eh_frame      0x000029d4        0x0 c:/freescale/kds_3.0.0/toolchain/bin/../lib/gcc/arm-none-eabi/4.8.4/armv7e-m/crtbegin.o
 *(.init)
 .init          0x000029d4        0x4 c:/freescale/kds_3.0.0/toolchain/bin/../lib/gcc/arm-none-eabi/4.8.4/armv7e-m/crti.o
                0x000029d4                _init
 .init          0x000029d8        0x8 c:/freescale/kds_3.0.0/toolchain/bin/../lib/gcc/arm-none-eabi/4.8.4/armv7e-m/crtn.o
 *(.fini)
 .fini          0x000029e0        0x4 c:/freescale/kds_3.0.0/toolchain/bin/../lib/gcc/arm-none-eabi/4.8.4/armv7e-m/crti.o
                0x000029e0                _fini
 .fini          0x000029e4        0x8 c:/freescale/kds_3.0.0/toolchain/bin/../lib/gcc/arm-none-eabi/4.8.4/armv7e-m/crtn.o
                0x000029ec                . = ALIGN (0x4)
                0x000029ec                _etext = .

.vfp11_veneer   0x000029ec        0x0
 .vfp11_veneer  0x00000000        0x0 linker stubs

.v4_bx          0x000029ec        0x0
 .v4_bx         0x00000000        0x0 linker stubs

.iplt           0x000029ec        0x0
 .iplt          0x00000000        0x0 c:/freescale/kds_3.0.0/toolchain/bin/../lib/gcc/arm-none-eabi/4.8.4/armv7e-m/crtbegin.o

.ARM.extab
 *(.ARM.extab* .gnu.linkonce.armextab.*)

.ARM            0x000029ec        0x8
                0x000029ec                __exidx_start = .
 *(.ARM.exidx*)
 .ARM.exidx     0x000029ec        0x8 c:/freescale/kds_3.0.0/toolchain/bin/../lib/gcc/arm-none-eabi/4.8.4/../../../../arm-none-eabi/lib/armv7e-m/crt0.o
                0x000029f4                __exidx_end = .

.rel.dyn        0x000029f4        0x0
 .rel.iplt      0x00000000        0x0 c:/freescale/kds_3.0.0/toolchain/bin/../lib/gcc/arm-none-eabi/4.8.4/armv7e-m/crtbegin.o

.ctors          0x000029f4        0x0
                0x000029f4                __CTOR_LIST__ = .
 *crtbegin.o(.ctors)
 *(EXCLUDE_FILE(*crtend.o) .ctors)
 *(SORT(.ctors.*))
 *(.ctors)
                0x000029f4                __CTOR_END__ = .

.dtors          0x000029f4        0x0
                0x000029f4                __DTOR_LIST__ = .
 *crtbegin.o(.dtors)
 *(EXCLUDE_FILE(*crtend.o) .dtors)
 *(SORT(.dtors.*))
 *(.dtors)
                0x000029f4                __DTOR_END__ = .

.preinit_array  0x000029f4        0x0
                0x000029f4                PROVIDE (__preinit_array_start, .)
 *(.preinit_array*)
                0x000029f4                PROVIDE (__preinit_array_end, .)

.init_array     0x000029f4        0x4
                0x000029f4                PROVIDE (__init_array_start, .)
 *(SORT(.init_array.*))
 *(.init_array*)
 .init_array    0x000029f4        0x4 c:/freescale/kds_3.0.0/toolchain/bin/../lib/gcc/arm-none-eabi/4.8.4/armv7e-m/crtbegin.o
                0x000029f8                PROVIDE (__init_array_end, .)

.fini_array     0x000029f8        0x4
                0x000029f8                PROVIDE (__fini_array_start, .)
 *(SORT(.fini_array.*))
 *(.fini_array*)
 .fini_array    0x000029f8        0x4 c:/freescale/kds_3.0.0/toolchain/bin/../lib/gcc/arm-none-eabi/4.8.4/armv7e-m/crtbegin.o
                0x000029fc                PROVIDE (__fini_array_end, .)
                0x000029fc                ___ROM_AT = .

.data           0x1fffe000       0x68 load address 0x000029fc
                0x1fffe000                . = ALIGN (0x4)
                0x1fffe000                _sdata = .
 *(.data)
 *(.data*)
 .data.impure_data
                0x1fffe000       0x60 c:/freescale/kds_3.0.0/toolchain/bin/../lib/gcc/arm-none-eabi/4.8.4/../../../../arm-none-eabi/lib/armv7e-m\libg_s.a(lib_a-impure.o)
 .data._impure_ptr
                0x1fffe060        0x4 c:/freescale/kds_3.0.0/toolchain/bin/../lib/gcc/arm-none-eabi/4.8.4/../../../../arm-none-eabi/lib/armv7e-m\libg_s.a(lib_a-impure.o)
                0x1fffe060                _impure_ptr
 .data.__ctype_ptr__
                0x1fffe064        0x4 c:/freescale/kds_3.0.0/toolchain/bin/../lib/gcc/arm-none-eabi/4.8.4/../../../../arm-none-eabi/lib/armv7e-m\libg_s.a(lib_a-ctype_.o)
                0x1fffe064                __ctype_ptr__
                0x1fffe068                . = ALIGN (0x4)
                0x1fffe068                _edata = .
                0x00000068                ___data_size = (_edata - _sdata)
                0x00002a64                ___m_data_20000000_ROMStart = (___ROM_AT + SIZEOF (.data))

.jcr            0x1fffe068        0x0 load address 0x00002a64
 .jcr           0x1fffe068        0x0 c:/freescale/kds_3.0.0/toolchain/bin/../lib/gcc/arm-none-eabi/4.8.4/armv7e-m/crtbegin.o

.igot.plt       0x1fffe068        0x0 load address 0x00002a64
 .igot.plt      0x00000000        0x0 c:/freescale/kds_3.0.0/toolchain/bin/../lib/gcc/arm-none-eabi/4.8.4/armv7e-m/crtbegin.o

.m_data_20000000
                0x20000000        0x0 load address 0x00002a64
                0x20000000                . = ALIGN (0x4)
                0x20000000                ___m_data_20000000_RAMStart = .
 *(.m_data_20000000)
                0x20000000                ___m_data_20000000_RAMEnd = .
                0x20000000                . = ALIGN (0x4)
                0x00000000                ___m_data_20000000_ROMSize = (___m_data_20000000_RAMEnd - ___m_data_20000000_RAMStart)
                0x20000000                . = ALIGN (0x4)

.bss            0x1fffe068      0x204 load address 0x00002a64
                0x1fffe068                __START_BSS = .
                0x1fffe068                PROVIDE (__bss_start__, __START_BSS)
 *(.bss)
 .bss           0x1fffe068       0x1c c:/freescale/kds_3.0.0/toolchain/bin/../lib/gcc/arm-none-eabi/4.8.4/armv7e-m/crtbegin.o
 *(.bss*)
 .bss.index     0x1fffe084        0x4 ./Sources/Events.o
                0x1fffe084                index
 .bss.flag      0x1fffe088        0x1 ./Sources/main.o
                0x1fffe088                flag
 .bss.SumChan   0x1fffe089        0x1 ./Generated_Code/AD1.o
 .bss.ModeFlg   0x1fffe08a        0x1 ./Generated_Code/AD1.o
 *fill*         0x1fffe08b        0x1 
 .bss.SampleGroup
                0x1fffe08c        0x4 ./Generated_Code/AD1.o
 .bss.OutFlg    0x1fffe090        0x1 ./Generated_Code/AD1.o
 *fill*         0x1fffe091        0x3 
 .bss.DeviceDataPrv__DEFAULT_RTOS_ALLOC
                0x1fffe094       0x20 ./Generated_Code/ASerialLdd1.o
 .bss.INT_UART0_RX_TX__DEFAULT_RTOS_ISRPARAM
                0x1fffe0b4        0x4 ./Generated_Code/ASerialLdd1.o
 .bss.INT_UART0_ERR__DEFAULT_RTOS_ISRPARAM
                0x1fffe0b8        0x4 ./Generated_Code/ASerialLdd1.o
 .bss.DeviceDataPrv__DEFAULT_RTOS_ALLOC
                0x1fffe0bc        0x8 ./Generated_Code/AdcLdd1.o
 .bss.INT_ADC0__DEFAULT_RTOS_ISRPARAM
                0x1fffe0c4        0x4 ./Generated_Code/AdcLdd1.o
 .bss.SR_lock   0x1fffe0c8        0x1 ./Generated_Code/Cpu.o
                0x1fffe0c8                SR_lock
 *fill*         0x1fffe0c9        0x1 
 .bss.SerFlag   0x1fffe0ca        0x2 ./Generated_Code/Inhr1.o
 .bss.Inhr1_InpLen
                0x1fffe0cc        0x2 ./Generated_Code/Inhr1.o
 .bss.InpIndexR
                0x1fffe0ce        0x2 ./Generated_Code/Inhr1.o
 .bss.InpIndexW
                0x1fffe0d0        0x2 ./Generated_Code/Inhr1.o
 *fill*         0x1fffe0d2        0x2 
 .bss.InpBuffer
                0x1fffe0d4       0x80 ./Generated_Code/Inhr1.o
 .bss.BufferRead
                0x1fffe154        0x1 ./Generated_Code/Inhr1.o
 *fill*         0x1fffe155        0x1 
 .bss.Inhr1_OutLen
                0x1fffe156        0x2 ./Generated_Code/Inhr1.o
 .bss.OutIndexR
                0x1fffe158        0x2 ./Generated_Code/Inhr1.o
 .bss.OutIndexW
                0x1fffe15a        0x2 ./Generated_Code/Inhr1.o
 .bss.OutBuffer
                0x1fffe15c       0x80 ./Generated_Code/Inhr1.o
 .bss.PE_LDD_DeviceDataList
                0x1fffe1dc        0x8 ./Generated_Code/PE_LDD.o
                0x1fffe1dc                PE_LDD_DeviceDataList
 .bss.__malloc_sbrk_start
                0x1fffe1e4        0x4 c:/freescale/kds_3.0.0/toolchain/bin/../lib/gcc/arm-none-eabi/4.8.4/../../../../arm-none-eabi/lib/armv7e-m\libg_s.a(lib_a-nano-mallocr.o)
                0x1fffe1e4                __malloc_sbrk_start
 .bss.__malloc_free_list
                0x1fffe1e8        0x4 c:/freescale/kds_3.0.0/toolchain/bin/../lib/gcc/arm-none-eabi/4.8.4/../../../../arm-none-eabi/lib/armv7e-m\libg_s.a(lib_a-nano-mallocr.o)
                0x1fffe1e8                __malloc_free_list
 .bss.heap_end.4246
                0x1fffe1ec        0x4 c:/freescale/kds_3.0.0/toolchain/bin/../lib/gcc/arm-none-eabi/4.8.4/../../../../arm-none-eabi/lib/armv7e-m\libnosys.a(sbrk.o)
 *(COMMON)
 COMMON         0x1fffe1f0       0x64 ./Sources/main.o
                0x1fffe1f0                buffer
 COMMON         0x1fffe254        0xc ./Generated_Code/AD1.o
                0x1fffe254                AD1_OutV
                0x1fffe25c                AdcLdd1_DeviceDataPtr
 COMMON         0x1fffe260        0x1 ./Generated_Code/Cpu.o
                0x1fffe260                SR_reg
 *fill*         0x1fffe261        0x3 
 COMMON         0x1fffe264        0x4 ./Generated_Code/Inhr1.o
                0x1fffe264                ASerialLdd1_DeviceDataPtr
 COMMON         0x1fffe268        0x4 c:/freescale/kds_3.0.0/toolchain/bin/../lib/gcc/arm-none-eabi/4.8.4/../../../../arm-none-eabi/lib/armv7e-m\libg_s.a(lib_a-reent.o)
                0x1fffe268                errno
                0x1fffe26c                . = ALIGN (0x4)
                0x1fffe26c                __END_BSS = .
                0x1fffe26c                PROVIDE (__bss_end__, __END_BSS)
                0x00002a64                _romp_at = ((___ROM_AT + SIZEOF (.data)) + SIZEOF (.m_data_20000000))

.romp           0x1fffe26c       0x24 load address 0x00002a64
                0x00002a64                __S_romp = _romp_at
                0x1fffe26c        0x4 LONG 0x29fc ___ROM_AT
                0x1fffe270        0x4 LONG 0x1fffe000 _sdata
                0x1fffe274        0x4 LONG 0x68 ___data_size
                0x1fffe278        0x4 LONG 0x2a64 ___m_data_20000000_ROMStart
                0x1fffe27c        0x4 LONG 0x20000000 ___m_data_20000000_RAMStart
                0x1fffe280        0x4 LONG 0x0 ___m_data_20000000_ROMSize
                0x1fffe284        0x4 LONG 0x0
                0x1fffe288        0x4 LONG 0x0
                0x1fffe28c        0x4 LONG 0x0

._user_heap_stack
                0x1fffe290      0x400 load address 0x00002a88
                0x1fffe290                . = ALIGN (0x4)
                0x1fffe290                PROVIDE (end, .)
                0x1fffe290                PROVIDE (_end, .)
                0x1fffe290                __heap_addr = .
                0x1fffe290                __HeapBase = .
                0x1fffe290                . = (. + __heap_size)
                0x1fffe290                __HeapLimit = .
                0x1fffe690                . = (. + __stack_size)
 *fill*         0x1fffe290      0x400 
                0x1fffe690                . = ALIGN (0x4)

.ARM.attributes
                0x00000000       0x2a
 *(.ARM.attributes)
 .ARM.attributes
                0x00000000       0x1e c:/freescale/kds_3.0.0/toolchain/bin/../lib/gcc/arm-none-eabi/4.8.4/armv7e-m/crti.o
 .ARM.attributes
                0x0000001e       0x2e c:/freescale/kds_3.0.0/toolchain/bin/../lib/gcc/arm-none-eabi/4.8.4/armv7e-m/crtbegin.o
 .ARM.attributes
                0x0000004c       0x1c c:/freescale/kds_3.0.0/toolchain/bin/../lib/gcc/arm-none-eabi/4.8.4/../../../../arm-none-eabi/lib/armv7e-m/crt0.o
 .ARM.attributes
                0x00000068       0x33 ./Sources/Events.o
 .ARM.attributes
                0x0000009b       0x33 ./Sources/OurMethods.o
 .ARM.attributes
                0x000000ce       0x33 ./Sources/main.o
 .ARM.attributes
                0x00000101       0x33 ./Project_Settings/Startup_Code/startup.o
 .ARM.attributes
                0x00000134       0x33 ./Generated_Code/AD1.o
 .ARM.attributes
                0x00000167       0x33 ./Generated_Code/ASerialLdd1.o
 .ARM.attributes
                0x0000019a       0x33 ./Generated_Code/AdcLdd1.o
 .ARM.attributes
                0x000001cd       0x33 ./Generated_Code/Cpu.o
 .ARM.attributes
                0x00000200       0x33 ./Generated_Code/Inhr1.o
 .ARM.attributes
                0x00000233       0x33 ./Generated_Code/PE_LDD.o
 .ARM.attributes
                0x00000266       0x33 ./Generated_Code/Term1.o
 .ARM.attributes
                0x00000299       0x33 ./Generated_Code/Vectors.o
 .ARM.attributes
                0x000002cc       0x2e c:/freescale/kds_3.0.0/toolchain/bin/../lib/gcc/arm-none-eabi/4.8.4/../../../../arm-none-eabi/lib/armv7e-m\libg_s.a(lib_a-exit.o)
 .ARM.attributes
                0x000002fa       0x2e c:/freescale/kds_3.0.0/toolchain/bin/../lib/gcc/arm-none-eabi/4.8.4/../../../../arm-none-eabi/lib/armv7e-m\libg_s.a(lib_a-impure.o)
 .ARM.attributes
                0x00000328       0x2e c:/freescale/kds_3.0.0/toolchain/bin/../lib/gcc/arm-none-eabi/4.8.4/../../../../arm-none-eabi/lib/armv7e-m\libg_s.a(lib_a-init.o)
 .ARM.attributes
                0x00000356       0x2e c:/freescale/kds_3.0.0/toolchain/bin/../lib/gcc/arm-none-eabi/4.8.4/../../../../arm-none-eabi/lib/armv7e-m\libg_s.a(lib_a-memset.o)
 .ARM.attributes
                0x00000384       0x2e c:/freescale/kds_3.0.0/toolchain/bin/../lib/gcc/arm-none-eabi/4.8.4/../../../../arm-none-eabi/lib/armv7e-m\libg_s.a(lib_a-sscanf.o)
 .ARM.attributes
                0x000003b2       0x2e c:/freescale/kds_3.0.0/toolchain/bin/../lib/gcc/arm-none-eabi/4.8.4/../../../../arm-none-eabi/lib/armv7e-m\libg_s.a(lib_a-stdio.o)
 .ARM.attributes
                0x000003e0       0x2e c:/freescale/kds_3.0.0/toolchain/bin/../lib/gcc/arm-none-eabi/4.8.4/../../../../arm-none-eabi/lib/armv7e-m\libg_s.a(lib_a-strlen.o)
 .ARM.attributes
                0x0000040e       0x2e c:/freescale/kds_3.0.0/toolchain/bin/../lib/gcc/arm-none-eabi/4.8.4/../../../../arm-none-eabi/lib/armv7e-m\libg_s.a(lib_a-svfscanf.o)
 .ARM.attributes
                0x0000043c       0x2e c:/freescale/kds_3.0.0/toolchain/bin/../lib/gcc/arm-none-eabi/4.8.4/../../../../arm-none-eabi/lib/armv7e-m\libg_s.a(lib_a-ungetc.o)
 .ARM.attributes
                0x0000046a       0x2e c:/freescale/kds_3.0.0/toolchain/bin/../lib/gcc/arm-none-eabi/4.8.4/../../../../arm-none-eabi/lib/armv7e-m\libg_s.a(lib_a-vfscanf_i.o)
 .ARM.attributes
                0x00000498       0x2e c:/freescale/kds_3.0.0/toolchain/bin/../lib/gcc/arm-none-eabi/4.8.4/../../../../arm-none-eabi/lib/armv7e-m\libg_s.a(lib_a-ctype_.o)
 .ARM.attributes
                0x000004c6       0x2e c:/freescale/kds_3.0.0/toolchain/bin/../lib/gcc/arm-none-eabi/4.8.4/../../../../arm-none-eabi/lib/armv7e-m\libg_s.a(lib_a-findfp.o)
 .ARM.attributes
                0x000004f4       0x2e c:/freescale/kds_3.0.0/toolchain/bin/../lib/gcc/arm-none-eabi/4.8.4/../../../../arm-none-eabi/lib/armv7e-m\libg_s.a(lib_a-memchr-stub.o)
 .ARM.attributes
                0x00000522       0x2e c:/freescale/kds_3.0.0/toolchain/bin/../lib/gcc/arm-none-eabi/4.8.4/../../../../arm-none-eabi/lib/armv7e-m\libg_s.a(lib_a-memcpy-stub.o)
 .ARM.attributes
                0x00000550       0x2e c:/freescale/kds_3.0.0/toolchain/bin/../lib/gcc/arm-none-eabi/4.8.4/../../../../arm-none-eabi/lib/armv7e-m\libg_s.a(lib_a-nano-freer.o)
 .ARM.attributes
                0x0000057e       0x2e c:/freescale/kds_3.0.0/toolchain/bin/../lib/gcc/arm-none-eabi/4.8.4/../../../../arm-none-eabi/lib/armv7e-m\libg_s.a(lib_a-nano-mallocr.o)
 .ARM.attributes
                0x000005ac       0x2e c:/freescale/kds_3.0.0/toolchain/bin/../lib/gcc/arm-none-eabi/4.8.4/../../../../arm-none-eabi/lib/armv7e-m\libg_s.a(lib_a-nano-reallocr.o)
 .ARM.attributes
                0x000005da       0x2e c:/freescale/kds_3.0.0/toolchain/bin/../lib/gcc/arm-none-eabi/4.8.4/../../../../arm-none-eabi/lib/armv7e-m\libg_s.a(lib_a-reent.o)
 .ARM.attributes
                0x00000608       0x2e c:/freescale/kds_3.0.0/toolchain/bin/../lib/gcc/arm-none-eabi/4.8.4/../../../../arm-none-eabi/lib/armv7e-m\libg_s.a(lib_a-sbrkr.o)
 .ARM.attributes
                0x00000636       0x2e c:/freescale/kds_3.0.0/toolchain/bin/../lib/gcc/arm-none-eabi/4.8.4/../../../../arm-none-eabi/lib/armv7e-m\libg_s.a(lib_a-sccl.o)
 .ARM.attributes
                0x00000664       0x2e c:/freescale/kds_3.0.0/toolchain/bin/../lib/gcc/arm-none-eabi/4.8.4/../../../../arm-none-eabi/lib/armv7e-m\libg_s.a(lib_a-strtol.o)
 .ARM.attributes
                0x00000692       0x2e c:/freescale/kds_3.0.0/toolchain/bin/../lib/gcc/arm-none-eabi/4.8.4/../../../../arm-none-eabi/lib/armv7e-m\libg_s.a(lib_a-strtoul.o)
 .ARM.attributes
                0x000006c0       0x2e c:/freescale/kds_3.0.0/toolchain/bin/../lib/gcc/arm-none-eabi/4.8.4/../../../../arm-none-eabi/lib/armv7e-m\libg_s.a(lib_a-nano-msizer.o)
 .ARM.attributes
                0x000006ee       0x2e c:/freescale/kds_3.0.0/toolchain/bin/../lib/gcc/arm-none-eabi/4.8.4/../../../../arm-none-eabi/lib/armv7e-m\libnosys.a(sbrk.o)
 .ARM.attributes
                0x0000071c       0x2e c:/freescale/kds_3.0.0/toolchain/bin/../lib/gcc/arm-none-eabi/4.8.4/../../../../arm-none-eabi/lib/armv7e-m\libnosys.a(_exit.o)
 .ARM.attributes
                0x0000074a       0x1e c:/freescale/kds_3.0.0/toolchain/bin/../lib/gcc/arm-none-eabi/4.8.4/armv7e-m/crtn.o
OUTPUT(A2_AutoMode.elf elf32-littlearm)

.debug_info     0x00000000     0x309c
 .debug_info    0x00000000      0x12b ./Sources/Events.o
 .debug_info    0x0000012b      0x133 ./Sources/OurMethods.o
 .debug_info    0x0000025e      0x136 ./Sources/main.o
 .debug_info    0x00000394      0x20a ./Project_Settings/Startup_Code/startup.o
 .debug_info    0x0000059e      0x311 ./Generated_Code/AD1.o
 .debug_info    0x000008af      0xab5 ./Generated_Code/ASerialLdd1.o
 .debug_info    0x00001364      0x941 ./Generated_Code/AdcLdd1.o
 .debug_info    0x00001ca5      0x9e9 ./Generated_Code/Cpu.o
 .debug_info    0x0000268e      0x367 ./Generated_Code/Inhr1.o
 .debug_info    0x000029f5      0x251 ./Generated_Code/PE_LDD.o
 .debug_info    0x00002c46      0x348 ./Generated_Code/Term1.o
 .debug_info    0x00002f8e      0x10e ./Generated_Code/Vectors.o

.debug_abbrev   0x00000000      0xe7e
 .debug_abbrev  0x00000000       0xb6 ./Sources/Events.o
 .debug_abbrev  0x000000b6       0x7e ./Sources/OurMethods.o
 .debug_abbrev  0x00000134       0xc7 ./Sources/main.o
 .debug_abbrev  0x000001fb      0x11e ./Project_Settings/Startup_Code/startup.o
 .debug_abbrev  0x00000319      0x19e ./Generated_Code/AD1.o
 .debug_abbrev  0x000004b7      0x1db ./Generated_Code/ASerialLdd1.o
 .debug_abbrev  0x00000692      0x1d2 ./Generated_Code/AdcLdd1.o
 .debug_abbrev  0x00000864      0x178 ./Generated_Code/Cpu.o
 .debug_abbrev  0x000009dc      0x18f ./Generated_Code/Inhr1.o
 .debug_abbrev  0x00000b6b      0x10d ./Generated_Code/PE_LDD.o
 .debug_abbrev  0x00000c78      0x162 ./Generated_Code/Term1.o
 .debug_abbrev  0x00000dda       0xa4 ./Generated_Code/Vectors.o

.debug_aranges  0x00000000      0x360
 .debug_aranges
                0x00000000       0x38 ./Sources/Events.o
 .debug_aranges
                0x00000038       0x38 ./Sources/OurMethods.o
 .debug_aranges
                0x00000070       0x20 ./Sources/main.o
 .debug_aranges
                0x00000090       0x50 ./Project_Settings/Startup_Code/startup.o
 .debug_aranges
                0x000000e0       0x68 ./Generated_Code/AD1.o
 .debug_aranges
                0x00000148       0x50 ./Generated_Code/ASerialLdd1.o
 .debug_aranges
                0x00000198       0x60 ./Generated_Code/AdcLdd1.o
 .debug_aranges
                0x000001f8       0x40 ./Generated_Code/Cpu.o
 .debug_aranges
                0x00000238       0x60 ./Generated_Code/Inhr1.o
 .debug_aranges
                0x00000298       0x30 ./Generated_Code/PE_LDD.o
 .debug_aranges
                0x000002c8       0x80 ./Generated_Code/Term1.o
 .debug_aranges
                0x00000348       0x18 ./Generated_Code/Vectors.o

.debug_ranges   0x00000000      0x298
 .debug_ranges  0x00000000       0x28 ./Sources/Events.o
 .debug_ranges  0x00000028       0x28 ./Sources/OurMethods.o
 .debug_ranges  0x00000050       0x10 ./Sources/main.o
 .debug_ranges  0x00000060       0x40 ./Project_Settings/Startup_Code/startup.o
 .debug_ranges  0x000000a0       0x58 ./Generated_Code/AD1.o
 .debug_ranges  0x000000f8       0x40 ./Generated_Code/ASerialLdd1.o
 .debug_ranges  0x00000138       0x50 ./Generated_Code/AdcLdd1.o
 .debug_ranges  0x00000188       0x30 ./Generated_Code/Cpu.o
 .debug_ranges  0x000001b8       0x50 ./Generated_Code/Inhr1.o
 .debug_ranges  0x00000208       0x20 ./Generated_Code/PE_LDD.o
 .debug_ranges  0x00000228       0x70 ./Generated_Code/Term1.o

.debug_macro    0x00000000    0x18ba2
 .debug_macro   0x00000000      0x10a ./Sources/Events.o
 .debug_macro   0x0000010a      0x84a ./Sources/Events.o
 .debug_macro   0x00000954       0x16 ./Sources/Events.o
 .debug_macro   0x0000096a       0x44 ./Sources/Events.o
 .debug_macro   0x000009ae      0x209 ./Sources/Events.o
 .debug_macro   0x00000bb7     0x1664 ./Sources/Events.o
 .debug_macro   0x0000221b      0x14e ./Sources/Events.o
 .debug_macro   0x00002369       0x6a ./Sources/Events.o
 .debug_macro   0x000023d3     0x9b9f ./Sources/Events.o
 .debug_macro   0x0000bf72       0x94 ./Sources/Events.o
 .debug_macro   0x0000c006       0x34 ./Sources/Events.o
 .debug_macro   0x0000c03a       0x65 ./Sources/Events.o
 .debug_macro   0x0000c09f       0x20 ./Sources/Events.o
 .debug_macro   0x0000c0bf       0x94 ./Sources/Events.o
 .debug_macro   0x0000c153      0x616 ./Sources/Events.o
 .debug_macro   0x0000c769       0x97 ./Sources/Events.o
 .debug_macro   0x0000c800       0x11 ./Sources/Events.o
 .debug_macro   0x0000c811       0xa5 ./Sources/OurMethods.o
 .debug_macro   0x0000c8b6       0x9a ./Sources/OurMethods.o
 .debug_macro   0x0000c950       0x22 ./Sources/OurMethods.o
 .debug_macro   0x0000c972      0x114 ./Sources/main.o
 .debug_macro   0x0000ca86      0x121 ./Project_Settings/Startup_Code/startup.o
 .debug_macro   0x0000cba7       0x58 ./Project_Settings/Startup_Code/startup.o
 .debug_macro   0x0000cbff       0x35 ./Project_Settings/Startup_Code/startup.o
 .debug_macro   0x0000cc34       0xa3 ./Project_Settings/Startup_Code/startup.o
 .debug_macro   0x0000ccd7      0x166 ./Project_Settings/Startup_Code/startup.o
 .debug_macro   0x0000ce3d       0x4a ./Project_Settings/Startup_Code/startup.o
 .debug_macro   0x0000ce87       0x52 ./Project_Settings/Startup_Code/startup.o
 .debug_macro   0x0000ced9       0x16 ./Project_Settings/Startup_Code/startup.o
 .debug_macro   0x0000ceef       0x43 ./Project_Settings/Startup_Code/startup.o
 .debug_macro   0x0000cf32      0x180 ./Project_Settings/Startup_Code/startup.o
 .debug_macro   0x0000d0b2      0x2a6 ./Project_Settings/Startup_Code/startup.o
 .debug_macro   0x0000d358       0x10 ./Project_Settings/Startup_Code/startup.o
 .debug_macro   0x0000d368       0x35 ./Project_Settings/Startup_Code/startup.o
 .debug_macro   0x0000d39d       0x16 ./Project_Settings/Startup_Code/startup.o
 .debug_macro   0x0000d3b3       0x22 ./Project_Settings/Startup_Code/startup.o
 .debug_macro   0x0000d3d5       0x10 ./Project_Settings/Startup_Code/startup.o
 .debug_macro   0x0000d3e5      0x20f ./Project_Settings/Startup_Code/startup.o
 .debug_macro   0x0000d5f4     0x9b93 ./Project_Settings/Startup_Code/startup.o
 .debug_macro   0x00017187      0x122 ./Generated_Code/AD1.o
 .debug_macro   0x000172a9       0xc5 ./Generated_Code/ASerialLdd1.o
 .debug_macro   0x0001736e       0x5f ./Generated_Code/ASerialLdd1.o
 .debug_macro   0x000173cd       0x26 ./Generated_Code/ASerialLdd1.o
 .debug_macro   0x000173f3      0x7ab ./Generated_Code/ASerialLdd1.o
 .debug_macro   0x00017b9e      0x9b1 ./Generated_Code/ASerialLdd1.o
 .debug_macro   0x0001854f       0xd5 ./Generated_Code/AdcLdd1.o
 .debug_macro   0x00018624      0x110 ./Generated_Code/Cpu.o
 .debug_macro   0x00018734      0x18e ./Generated_Code/Inhr1.o
 .debug_macro   0x000188c2       0xe8 ./Generated_Code/PE_LDD.o
 .debug_macro   0x000189aa       0xb2 ./Generated_Code/Term1.o
 .debug_macro   0x00018a5c      0x10c ./Generated_Code/Vectors.o
 .debug_macro   0x00018b68       0x3a ./Generated_Code/Vectors.o

.debug_line     0x00000000     0x2b09
 .debug_line    0x00000000      0x312 ./Sources/Events.o
 .debug_line    0x00000312      0x325 ./Sources/OurMethods.o
 .debug_line    0x00000637      0x30e ./Sources/main.o
 .debug_line    0x00000945      0x3d4 ./Project_Settings/Startup_Code/startup.o
 .debug_line    0x00000d19      0x40a ./Generated_Code/AD1.o
 .debug_line    0x00001123      0x38d ./Generated_Code/ASerialLdd1.o
 .debug_line    0x000014b0      0x37e ./Generated_Code/AdcLdd1.o
 .debug_line    0x0000182e      0x3f8 ./Generated_Code/Cpu.o
 .debug_line    0x00001c26      0x4a4 ./Generated_Code/Inhr1.o
 .debug_line    0x000020ca      0x2d6 ./Generated_Code/PE_LDD.o
 .debug_line    0x000023a0      0x3f4 ./Generated_Code/Term1.o
 .debug_line    0x00002794      0x375 ./Generated_Code/Vectors.o

.debug_str      0x00000000    0x55ca7
 .debug_str     0x00000000    0x4421d ./Sources/Events.o
                              0x44367 (size before relaxing)
 .debug_str     0x0004421d       0xa6 ./Sources/OurMethods.o
                              0x3ee1b (size before relaxing)
 .debug_str     0x000442c3       0x26 ./Sources/main.o
                              0x44355 (size before relaxing)
 .debug_str     0x000442e9     0x25f0 ./Project_Settings/Startup_Code/startup.o
                              0x3a1d3 (size before relaxing)
 .debug_str     0x000468d9      0x1a6 ./Generated_Code/AD1.o
                              0x444cd (size before relaxing)
 .debug_str     0x00046a7f     0xe79f ./Generated_Code/ASerialLdd1.o
                              0x4dc88 (size before relaxing)
 .debug_str     0x0005521e      0x351 ./Generated_Code/AdcLdd1.o
                              0x4463d (size before relaxing)
 .debug_str     0x0005556f      0x240 ./Generated_Code/Cpu.o
                              0x446df (size before relaxing)
 .debug_str     0x000557af      0x250 ./Generated_Code/Inhr1.o
                              0x4460e (size before relaxing)
 .debug_str     0x000559ff      0x17e ./Generated_Code/PE_LDD.o
                              0x444d7 (size before relaxing)
 .debug_str     0x00055b7d      0x10e ./Generated_Code/Term1.o
                              0x3f102 (size before relaxing)
 .debug_str     0x00055c8b       0x1c ./Generated_Code/Vectors.o
                              0x4436a (size before relaxing)

.comment        0x00000000       0x70
 .comment       0x00000000       0x70 ./Sources/Events.o
                                 0x71 (size before relaxing)
 .comment       0x00000000       0x71 ./Sources/OurMethods.o
 .comment       0x00000000       0x71 ./Sources/main.o
 .comment       0x00000000       0x71 ./Project_Settings/Startup_Code/startup.o
 .comment       0x00000000       0x71 ./Generated_Code/AD1.o
 .comment       0x00000000       0x71 ./Generated_Code/ASerialLdd1.o
 .comment       0x00000000       0x71 ./Generated_Code/AdcLdd1.o
 .comment       0x00000000       0x71 ./Generated_Code/Cpu.o
 .comment       0x00000000       0x71 ./Generated_Code/Inhr1.o
 .comment       0x00000000       0x71 ./Generated_Code/PE_LDD.o
 .comment       0x00000000       0x71 ./Generated_Code/Term1.o
 .comment       0x00000000       0x71 ./Generated_Code/Vectors.o

.debug_frame    0x00000000      0xf1c
 .debug_frame   0x00000000       0x78 ./Sources/Events.o
 .debug_frame   0x00000078       0x88 ./Sources/OurMethods.o
 .debug_frame   0x00000100       0x30 ./Sources/main.o
 .debug_frame   0x00000130       0xc0 ./Project_Settings/Startup_Code/startup.o
 .debug_frame   0x000001f0      0x130 ./Generated_Code/AD1.o
 .debug_frame   0x00000320       0xec ./Generated_Code/ASerialLdd1.o
 .debug_frame   0x0000040c      0x114 ./Generated_Code/AdcLdd1.o
 .debug_frame   0x00000520       0xa4 ./Generated_Code/Cpu.o
 .debug_frame   0x000005c4      0x118 ./Generated_Code/Inhr1.o
 .debug_frame   0x000006dc       0x64 ./Generated_Code/PE_LDD.o
 .debug_frame   0x00000740      0x198 ./Generated_Code/Term1.o
 .debug_frame   0x000008d8       0x28 c:/freescale/kds_3.0.0/toolchain/bin/../lib/gcc/arm-none-eabi/4.8.4/../../../../arm-none-eabi/lib/armv7e-m\libg_s.a(lib_a-exit.o)
 .debug_frame   0x00000900       0x2c c:/freescale/kds_3.0.0/toolchain/bin/../lib/gcc/arm-none-eabi/4.8.4/../../../../arm-none-eabi/lib/armv7e-m\libg_s.a(lib_a-init.o)
 .debug_frame   0x0000092c       0x20 c:/freescale/kds_3.0.0/toolchain/bin/../lib/gcc/arm-none-eabi/4.8.4/../../../../arm-none-eabi/lib/armv7e-m\libg_s.a(lib_a-memset.o)
 .debug_frame   0x0000094c       0x60 c:/freescale/kds_3.0.0/toolchain/bin/../lib/gcc/arm-none-eabi/4.8.4/../../../../arm-none-eabi/lib/armv7e-m\libg_s.a(lib_a-sscanf.o)
 .debug_frame   0x000009ac       0x80 c:/freescale/kds_3.0.0/toolchain/bin/../lib/gcc/arm-none-eabi/4.8.4/../../../../arm-none-eabi/lib/armv7e-m\libg_s.a(lib_a-stdio.o)
 .debug_frame   0x00000a2c       0x20 c:/freescale/kds_3.0.0/toolchain/bin/../lib/gcc/arm-none-eabi/4.8.4/../../../../arm-none-eabi/lib/armv7e-m\libg_s.a(lib_a-strlen.o)
 .debug_frame   0x00000a4c       0x6c c:/freescale/kds_3.0.0/toolchain/bin/../lib/gcc/arm-none-eabi/4.8.4/../../../../arm-none-eabi/lib/armv7e-m\libg_s.a(lib_a-svfscanf.o)
 .debug_frame   0x00000ab8       0x5c c:/freescale/kds_3.0.0/toolchain/bin/../lib/gcc/arm-none-eabi/4.8.4/../../../../arm-none-eabi/lib/armv7e-m\libg_s.a(lib_a-ungetc.o)
 .debug_frame   0x00000b14       0x58 c:/freescale/kds_3.0.0/toolchain/bin/../lib/gcc/arm-none-eabi/4.8.4/../../../../arm-none-eabi/lib/armv7e-m\libg_s.a(lib_a-vfscanf_i.o)
 .debug_frame   0x00000b6c      0x12c c:/freescale/kds_3.0.0/toolchain/bin/../lib/gcc/arm-none-eabi/4.8.4/../../../../arm-none-eabi/lib/armv7e-m\libg_s.a(lib_a-findfp.o)
 .debug_frame   0x00000c98       0x28 c:/freescale/kds_3.0.0/toolchain/bin/../lib/gcc/arm-none-eabi/4.8.4/../../../../arm-none-eabi/lib/armv7e-m\libg_s.a(lib_a-memchr-stub.o)
 .debug_frame   0x00000cc0       0x28 c:/freescale/kds_3.0.0/toolchain/bin/../lib/gcc/arm-none-eabi/4.8.4/../../../../arm-none-eabi/lib/armv7e-m\libg_s.a(lib_a-memcpy-stub.o)
 .debug_frame   0x00000ce8       0x2c c:/freescale/kds_3.0.0/toolchain/bin/../lib/gcc/arm-none-eabi/4.8.4/../../../../arm-none-eabi/lib/armv7e-m\libg_s.a(lib_a-nano-freer.o)
 .debug_frame   0x00000d14       0x2c c:/freescale/kds_3.0.0/toolchain/bin/../lib/gcc/arm-none-eabi/4.8.4/../../../../arm-none-eabi/lib/armv7e-m\libg_s.a(lib_a-nano-mallocr.o)
 .debug_frame   0x00000d40       0x30 c:/freescale/kds_3.0.0/toolchain/bin/../lib/gcc/arm-none-eabi/4.8.4/../../../../arm-none-eabi/lib/armv7e-m\libg_s.a(lib_a-nano-reallocr.o)
 .debug_frame   0x00000d70       0x48 c:/freescale/kds_3.0.0/toolchain/bin/../lib/gcc/arm-none-eabi/4.8.4/../../../../arm-none-eabi/lib/armv7e-m\libg_s.a(lib_a-reent.o)
 .debug_frame   0x00000db8       0x2c c:/freescale/kds_3.0.0/toolchain/bin/../lib/gcc/arm-none-eabi/4.8.4/../../../../arm-none-eabi/lib/armv7e-m\libg_s.a(lib_a-sbrkr.o)
 .debug_frame   0x00000de4       0x30 c:/freescale/kds_3.0.0/toolchain/bin/../lib/gcc/arm-none-eabi/4.8.4/../../../../arm-none-eabi/lib/armv7e-m\libg_s.a(lib_a-sccl.o)
 .debug_frame   0x00000e14       0x54 c:/freescale/kds_3.0.0/toolchain/bin/../lib/gcc/arm-none-eabi/4.8.4/../../../../arm-none-eabi/lib/armv7e-m\libg_s.a(lib_a-strtol.o)
 .debug_frame   0x00000e68       0x54 c:/freescale/kds_3.0.0/toolchain/bin/../lib/gcc/arm-none-eabi/4.8.4/../../../../arm-none-eabi/lib/armv7e-m\libg_s.a(lib_a-strtoul.o)
 .debug_frame   0x00000ebc       0x20 c:/freescale/kds_3.0.0/toolchain/bin/../lib/gcc/arm-none-eabi/4.8.4/../../../../arm-none-eabi/lib/armv7e-m\libg_s.a(lib_a-nano-msizer.o)
 .debug_frame   0x00000edc       0x20 c:/freescale/kds_3.0.0/toolchain/bin/../lib/gcc/arm-none-eabi/4.8.4/../../../../arm-none-eabi/lib/armv7e-m\libnosys.a(sbrk.o)
 .debug_frame   0x00000efc       0x20 c:/freescale/kds_3.0.0/toolchain/bin/../lib/gcc/arm-none-eabi/4.8.4/../../../../arm-none-eabi/lib/armv7e-m\libnosys.a(_exit.o)

.stabstr        0x00000000       0xdf
 .stabstr       0x00000000       0xdf c:/freescale/kds_3.0.0/toolchain/bin/../lib/gcc/arm-none-eabi/4.8.4/../../../../arm-none-eabi/lib/armv7e-m\libnosys.a(close.o)
