Archive member included because of file (symbol)

c:/freescale/kds_v3/toolchain/bin/../lib/gcc/arm-none-eabi/4.8.4/armv7e-m\libgcc.a(_arm_addsubsf3.o)
                              ./Generated_Code/PwmLdd1.o (__aeabi_i2f)
c:/freescale/kds_v3/toolchain/bin/../lib/gcc/arm-none-eabi/4.8.4/armv7e-m\libgcc.a(_arm_muldivsf3.o)
                              ./Generated_Code/PwmLdd1.o (__aeabi_fmul)
c:/freescale/kds_v3/toolchain/bin/../lib/gcc/arm-none-eabi/4.8.4/armv7e-m\libgcc.a(_arm_cmpsf2.o)
                              ./Generated_Code/PwmLdd1.o (__aeabi_fcmpgt)
c:/freescale/kds_v3/toolchain/bin/../lib/gcc/arm-none-eabi/4.8.4/armv7e-m\libgcc.a(_arm_fixunssfsi.o)
                              ./Generated_Code/PwmLdd1.o (__aeabi_f2uiz)
c:/freescale/kds_v3/toolchain/bin/../lib/gcc/arm-none-eabi/4.8.4/../../../../arm-none-eabi/lib/armv7e-m\libg_s.a(lib_a-exit.o)
                              c:/freescale/kds_v3/toolchain/bin/../lib/gcc/arm-none-eabi/4.8.4/../../../../arm-none-eabi/lib/armv7e-m/crt0.o (exit)
c:/freescale/kds_v3/toolchain/bin/../lib/gcc/arm-none-eabi/4.8.4/../../../../arm-none-eabi/lib/armv7e-m\libg_s.a(lib_a-impure.o)
                              c:/freescale/kds_v3/toolchain/bin/../lib/gcc/arm-none-eabi/4.8.4/../../../../arm-none-eabi/lib/armv7e-m\libg_s.a(lib_a-exit.o) (_global_impure_ptr)
c:/freescale/kds_v3/toolchain/bin/../lib/gcc/arm-none-eabi/4.8.4/../../../../arm-none-eabi/lib/armv7e-m\libg_s.a(lib_a-init.o)
                              c:/freescale/kds_v3/toolchain/bin/../lib/gcc/arm-none-eabi/4.8.4/../../../../arm-none-eabi/lib/armv7e-m/crt0.o (__libc_init_array)
c:/freescale/kds_v3/toolchain/bin/../lib/gcc/arm-none-eabi/4.8.4/../../../../arm-none-eabi/lib/armv7e-m\libg_s.a(lib_a-memset.o)
                              c:/freescale/kds_v3/toolchain/bin/../lib/gcc/arm-none-eabi/4.8.4/../../../../arm-none-eabi/lib/armv7e-m/crt0.o (memset)
c:/freescale/kds_v3/toolchain/bin/../lib/gcc/arm-none-eabi/4.8.4/../../../../arm-none-eabi/lib/armv7e-m\libg_s.a(lib_a-sscanf.o)
                              ./Sources/main.o (sscanf)
c:/freescale/kds_v3/toolchain/bin/../lib/gcc/arm-none-eabi/4.8.4/../../../../arm-none-eabi/lib/armv7e-m\libg_s.a(lib_a-stdio.o)
                              c:/freescale/kds_v3/toolchain/bin/../lib/gcc/arm-none-eabi/4.8.4/../../../../arm-none-eabi/lib/armv7e-m\libg_s.a(lib_a-sscanf.o) (__seofread)
c:/freescale/kds_v3/toolchain/bin/../lib/gcc/arm-none-eabi/4.8.4/../../../../arm-none-eabi/lib/armv7e-m\libg_s.a(lib_a-strlen.o)
                              c:/freescale/kds_v3/toolchain/bin/../lib/gcc/arm-none-eabi/4.8.4/../../../../arm-none-eabi/lib/armv7e-m\libg_s.a(lib_a-sscanf.o) (strlen)
c:/freescale/kds_v3/toolchain/bin/../lib/gcc/arm-none-eabi/4.8.4/../../../../arm-none-eabi/lib/armv7e-m\libg_s.a(lib_a-svfscanf.o)
                              c:/freescale/kds_v3/toolchain/bin/../lib/gcc/arm-none-eabi/4.8.4/../../../../arm-none-eabi/lib/armv7e-m\libg_s.a(lib_a-sscanf.o) (__ssvfscanf_r)
c:/freescale/kds_v3/toolchain/bin/../lib/gcc/arm-none-eabi/4.8.4/../../../../arm-none-eabi/lib/armv7e-m\libg_s.a(lib_a-ungetc.o)
                              c:/freescale/kds_v3/toolchain/bin/../lib/gcc/arm-none-eabi/4.8.4/../../../../arm-none-eabi/lib/armv7e-m\libg_s.a(lib_a-svfscanf.o) (__submore)
c:/freescale/kds_v3/toolchain/bin/../lib/gcc/arm-none-eabi/4.8.4/../../../../arm-none-eabi/lib/armv7e-m\libg_s.a(lib_a-vfscanf_i.o)
                              c:/freescale/kds_v3/toolchain/bin/../lib/gcc/arm-none-eabi/4.8.4/../../../../arm-none-eabi/lib/armv7e-m\libg_s.a(lib_a-svfscanf.o) (_scanf_chars)
c:/freescale/kds_v3/toolchain/bin/../lib/gcc/arm-none-eabi/4.8.4/../../../../arm-none-eabi/lib/armv7e-m\libg_s.a(lib_a-writer.o)
                              c:/freescale/kds_v3/toolchain/bin/../lib/gcc/arm-none-eabi/4.8.4/../../../../arm-none-eabi/lib/armv7e-m\libg_s.a(lib_a-stdio.o) (_write_r)
c:/freescale/kds_v3/toolchain/bin/../lib/gcc/arm-none-eabi/4.8.4/../../../../arm-none-eabi/lib/armv7e-m\libg_s.a(lib_a-closer.o)
                              c:/freescale/kds_v3/toolchain/bin/../lib/gcc/arm-none-eabi/4.8.4/../../../../arm-none-eabi/lib/armv7e-m\libg_s.a(lib_a-stdio.o) (_close_r)
c:/freescale/kds_v3/toolchain/bin/../lib/gcc/arm-none-eabi/4.8.4/../../../../arm-none-eabi/lib/armv7e-m\libg_s.a(lib_a-ctype_.o)
                              c:/freescale/kds_v3/toolchain/bin/../lib/gcc/arm-none-eabi/4.8.4/../../../../arm-none-eabi/lib/armv7e-m\libg_s.a(lib_a-svfscanf.o) (__ctype_ptr__)
c:/freescale/kds_v3/toolchain/bin/../lib/gcc/arm-none-eabi/4.8.4/../../../../arm-none-eabi/lib/armv7e-m\libg_s.a(lib_a-fflush.o)
                              c:/freescale/kds_v3/toolchain/bin/../lib/gcc/arm-none-eabi/4.8.4/../../../../arm-none-eabi/lib/armv7e-m\libg_s.a(lib_a-ungetc.o) (_fflush_r)
c:/freescale/kds_v3/toolchain/bin/../lib/gcc/arm-none-eabi/4.8.4/../../../../arm-none-eabi/lib/armv7e-m\libg_s.a(lib_a-findfp.o)
[...]
Memory Configuration

Name             Origin             Length             Attributes
m_interrupts     0x00000000         0x000000f8         xr
m_text           0x00000410         0x0001fbf0         xr
m_data           0x1fffe000         0x00002000         rw
m_data_20000000  0x20000000         0x00002000         rw
m_cfmprotrom     0x00000400         0x00000010         xr
*default*        0x00000000         0xffffffff

Linker script and memory map

LOAD c:/freescale/kds_v3/toolchain/bin/../lib/gcc/arm-none-eabi/4.8.4/armv7e-m/crti.o
LOAD c:/freescale/kds_v3/toolchain/bin/../lib/gcc/arm-none-eabi/4.8.4/armv7e-m/crtbegin.o
LOAD c:/freescale/kds_v3/toolchain/bin/../lib/gcc/arm-none-eabi/4.8.4/../../../../arm-none-eabi/lib/armv7e-m/crt0.o
LOAD ./Sources/Events.o
LOAD ./Sources/OurMethods.o
LOAD ./Sources/main.o
LOAD ./Project_Settings/Startup_Code/startup.o
LOAD ./Generated_Code/AD1.o
LOAD ./Generated_Code/ASerialLdd1.o
LOAD ./Generated_Code/AdcLdd1.o
LOAD ./Generated_Code/BitIoLdd1.o
LOAD ./Generated_Code/BitIoLdd2.o
LOAD ./Generated_Code/BitIoLdd3.o
LOAD ./Generated_Code/Cpu.o
LOAD ./Generated_Code/Inhr1.o
LOAD ./Generated_Code/PE_LDD.o
LOAD ./Generated_Code/PwmLdd1.o
LOAD ./Generated_Code/TU1.o
LOAD ./Generated_Code/Term1.o
LOAD ./Generated_Code/Vectors.o
LOAD ./Generated_Code/leftSwitch.o
LOAD ./Generated_Code/magnet.o
LOAD ./Generated_Code/rightSwitch.o
LOAD ./Generated_Code/stringThingy.o
LOAD c:/freescale/kds_v3/toolchain/bin/../lib/gcc/arm-none-eabi/4.8.4/../../../../arm-none-eabi/lib/armv7e-m\libstdc++_s.a
LOAD c:/freescale/kds_v3/toolchain/bin/../lib/gcc/arm-none-eabi/4.8.4/../../../../arm-none-eabi/lib/armv7e-m\libm.a
START GROUP
LOAD c:/freescale/kds_v3/toolchain/bin/../lib/gcc/arm-none-eabi/4.8.4/armv7e-m\libgcc.a
LOAD c:/freescale/kds_v3/toolchain/bin/../lib/gcc/arm-none-eabi/4.8.4/../../../../arm-none-eabi/lib/armv7e-m\libg_s.a
LOAD c:/freescale/kds_v3/toolchain/bin/../lib/gcc/arm-none-eabi/4.8.4/../../../../arm-none-eabi/lib/armv7e-m\libc_s.a
END GROUP
START GROUP
LOAD c:/freescale/kds_v3/toolchain/bin/../lib/gcc/arm-none-eabi/4.8.4/armv7e-m\libgcc.a
LOAD c:/freescale/kds_v3/toolchain/bin/../lib/gcc/arm-none-eabi/4.8.4/../../../../arm-none-eabi/lib/armv7e-m\libc_s.a
LOAD c:/freescale/kds_v3/toolchain/bin/../lib/gcc/arm-none-eabi/4.8.4/../../../../arm-none-eabi/lib/armv7e-m\libnosys.a
END GROUP
START GROUP
LOAD c:/freescale/kds_v3/toolchain/bin/../lib/gcc/arm-none-eabi/4.8.4/armv7e-m\libgcc.a
LOAD c:/freescale/kds_v3/toolchain/bin/../lib/gcc/arm-none-eabi/4.8.4/../../../../arm-none-eabi/lib/armv7e-m\libc_s.a
LOAD c:/freescale/kds_v3/toolchain/bin/../lib/gcc/arm-none-eabi/4.8.4/../../../../arm-none-eabi/lib/armv7e-m\libnosys.a
END GROUP
LOAD c:/freescale/kds_v3/toolchain/bin/../lib/gcc/arm-none-eabi/4.8.4/armv7e-m/crtend.o
LOAD c:/freescale/kds_v3/toolchain/bin/../lib/gcc/arm-none-eabi/4.8.4/armv7e-m/crtn.o
                0x20000000                _estack = 0x20000000
                0x20000000                __SP_INIT = _estack
                0x20000000                __stack = _estack
                0x00000000                __heap_size = 0x0
                0x00000400                __stack_size = 0x400

.interrupts     0x00000000       0xf8
                0x00000000                __vector_table = .
                0x00000000                . = ALIGN (0x4)
 *(.vectortable)
 .vectortable   0x00000000       0xf8 ./Generated_Code/Vectors.o
                0x00000000                __vect_table
                0x000000f8                . = ALIGN (0x4)

.cfmprotect     0x00000400       0x10
                0x00000400                . = ALIGN (0x4)
 *(.cfmconfig)
 .cfmconfig     0x00000400       0x10 ./Generated_Code/Cpu.o
                0x00000400                _cfm
                0x00000410                . = ALIGN (0x4)

.text           0x00000410     0x27d4
                0x00000410                . = ALIGN (0x4)
 *(.text)
 .text          0x00000410       0x54 c:/freescale/kds_v3/toolchain/bin/../lib/gcc/arm-none-eabi/4.8.4/armv7e-m/crtbegin.o
 .text          0x00000464       0x74 c:/freescale/kds_v3/toolchain/bin/../lib/gcc/arm-none-eabi/4.8.4/../../../../arm-none-eabi/lib/armv7e-m/crt0.o
                0x00000464                _start
                0x00000464                _mainCRTStartup
 *(.text*)
 .text.Cpu_OnNMIINT
                0x000004d8        0xc ./Sources/Events.o
                0x000004d8                Cpu_OnNMIINT
 .text.Inhr1_OnRxChar
                0x000004e4       0x78 ./Sources/Events.o
                0x000004e4                Inhr1_OnRxChar
 .text.AD1_OnEnd
                0x0000055c        0xc ./Sources/Events.o
                0x0000055c                AD1_OnEnd
 .text.AD1_OnCalibrationEnd
                0x00000568        0xc ./Sources/Events.o
                0x00000568                AD1_OnCalibrationEnd
 .text.commandWindow
                0x00000574       0x88 ./Sources/OurMethods.o
                0x00000574                commandWindow
 .text.inputWindow
                0x000005fc       0x88 ./Sources/OurMethods.o
                0x000005fc                inputWindow
 .text.userInput
                0x00000684       0x34 ./Sources/OurMethods.o
                0x00000684                userInput
 .text.instructions
                0x000006b8       0x44 ./Sources/OurMethods.o
                0x000006b8                instructions
 .text.main     0x000006fc       0xbc ./Sources/main.o
                0x000006fc                main
 .text.__copy_rom_section
                0x000007b8       0xe4 ./Project_Settings/Startup_Code/startup.o
                0x000007b8                __copy_rom_section
 .text.__copy_rom_sections_to_ram
                0x0000089c       0x9c ./Project_Settings/Startup_Code/startup.o
                0x0000089c                __copy_rom_sections_to_ram
 .text.__init_registers
                0x00000938        0xc ./Project_Settings/Startup_Code/startup.o
                0x00000938                __init_registers
 .text.__init_user
                0x00000944        0xc ./Project_Settings/Startup_Code/startup.o
                0x00000944                __init_user
 .text.__thumb_startup
                0x00000950       0x34 ./Project_Settings/Startup_Code/startup.o
                0x00000950                __thumb_startup
 .text.AdcLdd1_OnMeasurementComplete
                0x00000984       0xb0 ./Generated_Code/AD1.o
                0x00000984                AdcLdd1_OnMeasurementComplete
 .text.AD1_Init
                0x00000a34       0x2c ./Generated_Code/AD1.o
                0x00000a34                AD1_Init
 .text.ASerialLdd1_Init
                0x00000a60      0x1c0 ./Generated_Code/ASerialLdd1.o
                0x00000a60                ASerialLdd1_Init
 .text.ASerialLdd1_ReceiveBlock
                0x00000c20       0x90 ./Generated_Code/ASerialLdd1.o
                0x00000c20                ASerialLdd1_ReceiveBlock
 .text.ASerialLdd1_SendBlock
                0x00000cb0       0xbc ./Generated_Code/ASerialLdd1.o
                0x00000cb0                ASerialLdd1_SendBlock
 .text.InterruptRx
                0x00000d6c       0x58 ./Generated_Code/ASerialLdd1.o
 .text.InterruptTx
                0x00000dc4       0x80 ./Generated_Code/ASerialLdd1.o
 .text.ASerialLdd1_Interrupt
                0x00000e44       0xf4 ./Generated_Code/ASerialLdd1.o
                0x00000e44                ASerialLdd1_Interrupt
 .text.ASerialLdd1_GetError
                0x00000f38       0x70 ./Generated_Code/ASerialLdd1.o
                0x00000f38                ASerialLdd1_GetError
 .text.AdcLdd1_Init
                0x00000fa8       0xfc ./Generated_Code/AdcLdd1.o
                0x00000fa8                AdcLdd1_Init
 .text.AdcLdd1_StartSingleMeasurement
                0x000010a4       0x4c ./Generated_Code/AdcLdd1.o
                0x000010a4                AdcLdd1_StartSingleMeasurement
 .text.AdcLdd1_CreateSampleGroup
                0x000010f0       0x6c ./Generated_Code/AdcLdd1.o
                0x000010f0                AdcLdd1_CreateSampleGroup
 .text.AdcLdd1_GetMeasuredValues
                0x0000115c       0x4c ./Generated_Code/AdcLdd1.o
                0x0000115c                AdcLdd1_GetMeasuredValues
 .text.AdcLdd1_GetCalibrationResultStatus
                0x000011a8       0xbc ./Generated_Code/AdcLdd1.o
                0x000011a8                AdcLdd1_GetCalibrationResultStatus
 .text.AdcLdd1_MeasurementCompleteInterrupt
                0x00001264       0x3c ./Generated_Code/AdcLdd1.o
                0x00001264                AdcLdd1_MeasurementCompleteInterrupt
 .text.BitIoLdd1_Init
                0x000012a0       0x58 ./Generated_Code/BitIoLdd1.o
                0x000012a0                BitIoLdd1_Init
 .text.BitIoLdd2_Init
                0x000012f8       0x58 ./Generated_Code/BitIoLdd2.o
                0x000012f8                BitIoLdd2_Init
 .text.BitIoLdd3_Init
                0x00001350       0x64 ./Generated_Code/BitIoLdd3.o
                0x00001350                BitIoLdd3_Init
 .text.Cpu_INT_NMIInterrupt
                0x000013b4       0x1c ./Generated_Code/Cpu.o
                0x000013b4                Cpu_INT_NMIInterrupt
 .text.Cpu_Interrupt
                0x000013d0       0x18 ./Generated_Code/Cpu.o
                0x000013d0                Cpu_Interrupt
 .text.__init_hardware
                0x000013e8      0x11c ./Generated_Code/Cpu.o
                0x000013e8                __init_hardware
 .text.Cpu_SetBASEPRI
                0x00001504       0x18 ./Generated_Code/Cpu.o
                0x00001504                Cpu_SetBASEPRI
 .text.PE_low_level_init
                0x0000151c       0xc8 ./Generated_Code/Cpu.o
                0x0000151c                PE_low_level_init
 .text.HWEnDi   0x000015e4       0x1c ./Generated_Code/Inhr1.o
 .text.Inhr1_RecvChar
                0x00001600       0xd8 ./Generated_Code/Inhr1.o
                0x00001600                Inhr1_RecvChar
 .text.Inhr1_SendChar
                0x000016d8       0xdc ./Generated_Code/Inhr1.o
                0x000016d8                Inhr1_SendChar
 .text.Inhr1_Init
                0x000017b4       0x60 ./Generated_Code/Inhr1.o
                0x000017b4                Inhr1_Init
 .text.ASerialLdd1_OnBlockReceived
                0x00001814       0x90 ./Generated_Code/Inhr1.o
                0x00001814                ASerialLdd1_OnBlockReceived
 .text.ASerialLdd1_OnBlockSent
                0x000018a4       0x88 ./Generated_Code/Inhr1.o
                0x000018a4                ASerialLdd1_OnBlockSent
 .text.ASerialLdd1_OnError
                0x0000192c       0x98 ./Generated_Code/Inhr1.o
                0x0000192c                ASerialLdd1_OnError
 .text.ASerialLdd1_OnBreak
                0x000019c4       0x24 ./Generated_Code/Inhr1.o
                0x000019c4                ASerialLdd1_OnBreak
 .text.PwmLdd1_Init
                0x000019e8       0x54 ./Generated_Code/PwmLdd1.o
                0x000019e8                PwmLdd1_Init
 .text.TU1_Init
                0x00001a3c       0xdc ./Generated_Code/TU1.o
                0x00001a3c                TU1_Init
 .text.Term1_SendChar
                0x00001b18       0x20 ./Generated_Code/Term1.o
                0x00001b18                Term1_SendChar
 .text.SendESCPrefix
                0x00001b38       0x24 ./Generated_Code/Term1.o
 .text.Term1_SendStr
                0x00001b5c       0x34 ./Generated_Code/Term1.o
                0x00001b5c                Term1_SendStr
 .text.LongToStr
                0x00001b90       0xf4 ./Generated_Code/Term1.o
 .text.Term1_SendNum
                0x00001c84       0x54 ./Generated_Code/Term1.o
                0x00001c84                Term1_SendNum
 .text.Term1_MoveTo
                0x00001cd8       0x44 ./Generated_Code/Term1.o
                0x00001cd8                Term1_MoveTo
 .text.Term1_SetColor
                0x00001d1c       0x64 ./Generated_Code/Term1.o
                0x00001d1c                Term1_SetColor
 .text.Term1_EraseLine
                0x00001d80       0x18 ./Generated_Code/Term1.o
                0x00001d80                Term1_EraseLine
 .text.exit     0x00001d98       0x28 c:/freescale/kds_v3/toolchain/bin/../lib/gcc/arm-none-eabi/4.8.4/../../../../arm-none-eabi/lib/armv7e-m\libg_s.a(lib_a-exit.o)
                0x00001d98                exit
 .text.__libc_init_array
                0x00001dc0       0x4c c:/freescale/kds_v3/toolchain/bin/../lib/gcc/arm-none-eabi/4.8.4/../../../../arm-none-eabi/lib/armv7e-m\libg_s.a(lib_a-init.o)
                0x00001dc0                __libc_init_array
 .text.memset   0x00001e0c       0x10 c:/freescale/kds_v3/toolchain/bin/../lib/gcc/arm-none-eabi/4.8.4/../../../../arm-none-eabi/lib/armv7e-m\libg_s.a(lib_a-memset.o)
                0x00001e0c                memset
 .text.sscanf   0x00001e1c       0x54 c:/freescale/kds_v3/toolchain/bin/../lib/gcc/arm-none-eabi/4.8.4/../../../../arm-none-eabi/lib/armv7e-m\libg_s.a(lib_a-sscanf.o)
                0x00001e1c                siscanf
                0x00001e1c                sscanf
 .text.__seofread
                0x00001e70        0x4 c:/freescale/kds_v3/toolchain/bin/../lib/gcc/arm-none-eabi/4.8.4/../../../../arm-none-eabi/lib/armv7e-m\libg_s.a(lib_a-stdio.o)
                0x00001e70                __seofread
 .text.strlen   0x00001e74       0x10 c:/freescale/kds_v3/toolchain/bin/../lib/gcc/arm-none-eabi/4.8.4/../../../../arm-none-eabi/lib/armv7e-m\libg_s.a(lib_a-strlen.o)
                0x00001e74                strlen
 .text._sungetc_r
                0x00001e84       0x7a c:/freescale/kds_v3/toolchain/bin/../lib/gcc/arm-none-eabi/4.8.4/../../../../arm-none-eabi/lib/armv7e-m\libg_s.a(lib_a-svfscanf.o)
                0x00001e84                _sungetc_r
 .text.__ssrefill_r
                0x00001efe       0x3a c:/freescale/kds_v3/toolchain/bin/../lib/gcc/arm-none-eabi/4.8.4/../../../../arm-none-eabi/lib/armv7e-m\libg_s.a(lib_a-svfscanf.o)
                0x00001efe                __ssrefill_r
 .text.__ssvfscanf_r
                0x00001f38      0x29c c:/freescale/kds_v3/toolchain/bin/../lib/gcc/arm-none-eabi/4.8.4/../../../../arm-none-eabi/lib/armv7e-m\libg_s.a(lib_a-svfscanf.o)
                0x00001f38                __ssvfiscanf_r
                0x00001f38                __ssvfscanf_r
 .text.__submore
                0x000021d4       0x76 c:/freescale/kds_v3/toolchain/bin/../lib/gcc/arm-none-eabi/4.8.4/../../../../arm-none-eabi/lib/armv7e-m\libg_s.a(lib_a-ungetc.o)
                0x000021d4                __submore
 *fill*         0x0000224a        0x2 
 .text._scanf_chars
                0x0000224c       0xc0 c:/freescale/kds_v3/toolchain/bin/../lib/gcc/arm-none-eabi/4.8.4/../../../../arm-none-eabi/lib/armv7e-m\libg_s.a(lib_a-vfscanf_i.o)
                0x0000224c                _scanf_chars
 .text._scanf_i
                0x0000230c      0x1ec c:/freescale/kds_v3/toolchain/bin/../lib/gcc/arm-none-eabi/4.8.4/../../../../arm-none-eabi/lib/armv7e-m\libg_s.a(lib_a-vfscanf_i.o)
                0x0000230c                _scanf_i
 .text.memchr   0x000024f8       0x1e c:/freescale/kds_v3/toolchain/bin/../lib/gcc/arm-none-eabi/4.8.4/../../../../arm-none-eabi/lib/armv7e-m\libg_s.a(lib_a-memchr-stub.o)
                0x000024f8                memchr
 .text.memcpy   0x00002516       0x12 c:/freescale/kds_v3/toolchain/bin/../lib/gcc/arm-none-eabi/4.8.4/../../../../arm-none-eabi/lib/armv7e-m\libg_s.a(lib_a-memcpy-stub.o)
                0x00002516                memcpy
 .text._free_r  0x00002528       0x88 c:/freescale/kds_v3/toolchain/bin/../lib/gcc/arm-none-eabi/4.8.4/../../../../arm-none-eabi/lib/armv7e-m\libg_s.a(lib_a-nano-freer.o)
                0x00002528                _free_r
 .text._malloc_r
                0x000025b0       0xa8 c:/freescale/kds_v3/toolchain/bin/../lib/gcc/arm-none-eabi/4.8.4/../../../../arm-none-eabi/lib/armv7e-m\libg_s.a(lib_a-nano-mallocr.o)
                0x000025b0                _malloc_r
 .text._realloc_r
                0x00002658       0x4c c:/freescale/kds_v3/toolchain/bin/../lib/gcc/arm-none-eabi/4.8.4/../../../../arm-none-eabi/lib/armv7e-m\libg_s.a(lib_a-nano-reallocr.o)
                0x00002658                _realloc_r
 .text._sbrk_r  0x000026a4       0x20 c:/freescale/kds_v3/toolchain/bin/../lib/gcc/arm-none-eabi/4.8.4/../../../../arm-none-eabi/lib/armv7e-m\libg_s.a(lib_a-sbrkr.o)
                0x000026a4                _sbrk_r
 .text.__sccl   0x000026c4       0x64 c:/freescale/kds_v3/toolchain/bin/../lib/gcc/arm-none-eabi/4.8.4/../../../../arm-none-eabi/lib/armv7e-m\libg_s.a(lib_a-sccl.o)
                0x000026c4                __sccl
 .text._strtol_r
                0x00002728      0x104 c:/freescale/kds_v3/toolchain/bin/../lib/gcc/arm-none-eabi/4.8.4/../../../../arm-none-eabi/lib/armv7e-m\libg_s.a(lib_a-strtol.o)
                0x00002728                _strtol_r
 .text._strtoul_r
                0x0000282c       0xf0 c:/freescale/kds_v3/toolchain/bin/../lib/gcc/arm-none-eabi/4.8.4/../../../../arm-none-eabi/lib/armv7e-m\libg_s.a(lib_a-strtoul.o)
                0x0000282c                _strtoul_r
 .text._malloc_usable_size_r
                0x0000291c       0x12 c:/freescale/kds_v3/toolchain/bin/../lib/gcc/arm-none-eabi/4.8.4/../../../../arm-none-eabi/lib/armv7e-m\libg_s.a(lib_a-nano-msizer.o)
                0x0000291c                _malloc_usable_size_r
 *fill*         0x0000292e        0x2 
 .text._sbrk    0x00002930       0x34 c:/freescale/kds_v3/toolchain/bin/../lib/gcc/arm-none-eabi/4.8.4/../../../../arm-none-eabi/lib/armv7e-m\libnosys.a(sbrk.o)
                0x00002930                _sbrk
 .text._exit    0x00002964        0x4 c:/freescale/kds_v3/toolchain/bin/../lib/gcc/arm-none-eabi/4.8.4/../../../../arm-none-eabi/lib/armv7e-m\libnosys.a(_exit.o)
                0x00002964                _exit
 *(.rodata)
 .rodata        0x00002968       0x9c ./Sources/OurMethods.o
 .rodata        0x00002a04       0x30 ./Sources/main.o
 .rodata        0x00002a34        0xc c:/freescale/kds_v3/toolchain/bin/../lib/gcc/arm-none-eabi/4.8.4/../../../../arm-none-eabi/lib/armv7e-m\libg_s.a(lib_a-vfscanf_i.o)
 *(.rodata*)
 .rodata.ChannelToPin
                0x00002a40        0x4 ./Generated_Code/AdcLdd1.o
 .rodata.str1.1
                0x00002a44        0x2 c:/freescale/kds_v3/toolchain/bin/../lib/gcc/arm-none-eabi/4.8.4/../../../../arm-none-eabi/lib/armv7e-m\libg_s.a(lib_a-impure.o)
 *fill*         0x00002a46        0x2 
 .rodata._global_impure_ptr
                0x00002a48        0x4 c:/freescale/kds_v3/toolchain/bin/../lib/gcc/arm-none-eabi/4.8.4/../../../../arm-none-eabi/lib/armv7e-m\libg_s.a(lib_a-impure.o)
                0x00002a48                _global_impure_ptr
 .rodata.str1.1
                0x00002a4c        0x4 c:/freescale/kds_v3/toolchain/bin/../lib/gcc/arm-none-eabi/4.8.4/../../../../arm-none-eabi/lib/armv7e-m\libg_s.a(lib_a-svfscanf.o)
 .rodata.str1.1
                0x00002a50       0x1b c:/freescale/kds_v3/toolchain/bin/../lib/gcc/arm-none-eabi/4.8.4/../../../../arm-none-eabi/lib/armv7e-m\libg_s.a(lib_a-vfscanf_i.o)
 .rodata._ctype_
                0x00002a6b      0x101 c:/freescale/kds_v3/toolchain/bin/../lib/gcc/arm-none-eabi/4.8.4/../../../../arm-none-eabi/lib/armv7e-m\libg_s.a(lib_a-ctype_.o)
                0x00002a6b                _ctype_
 .rodata.__sf_fake_stdin
                0x00002b6c       0x20 c:/freescale/kds_v3/toolchain/bin/../lib/gcc/arm-none-eabi/4.8.4/../../../../arm-none-eabi/lib/armv7e-m\libg_s.a(lib_a-findfp.o)
                0x00002b6c                __sf_fake_stdin
 .rodata.__sf_fake_stdout
                0x00002b8c       0x20 c:/freescale/kds_v3/toolchain/bin/../lib/gcc/arm-none-eabi/4.8.4/../../../../arm-none-eabi/lib/armv7e-m\libg_s.a(lib_a-findfp.o)
                0x00002b8c                __sf_fake_stdout
 .rodata.__sf_fake_stderr
                0x00002bac       0x20 c:/freescale/kds_v3/toolchain/bin/../lib/gcc/arm-none-eabi/4.8.4/../../../../arm-none-eabi/lib/armv7e-m\libg_s.a(lib_a-findfp.o)
                0x00002bac                __sf_fake_stderr
 *(.glue_7)
 .glue_7        0x00000000        0x0 linker stubs
 *(.glue_7t)
 .glue_7t       0x00000000        0x0 linker stubs
 *(.eh_frame)
 .eh_frame      0x00002bcc        0x0 c:/freescale/kds_v3/toolchain/bin/../lib/gcc/arm-none-eabi/4.8.4/armv7e-m/crtbegin.o
 *(.init)
 .init          0x00002bcc        0x4 c:/freescale/kds_v3/toolchain/bin/../lib/gcc/arm-none-eabi/4.8.4/armv7e-m/crti.o
                0x00002bcc                _init
 .init          0x00002bd0        0x8 c:/freescale/kds_v3/toolchain/bin/../lib/gcc/arm-none-eabi/4.8.4/armv7e-m/crtn.o
 *(.fini)
 .fini          0x00002bd8        0x4 c:/freescale/kds_v3/toolchain/bin/../lib/gcc/arm-none-eabi/4.8.4/armv7e-m/crti.o
                0x00002bd8                _fini
 .fini          0x00002bdc        0x8 c:/freescale/kds_v3/toolchain/bin/../lib/gcc/arm-none-eabi/4.8.4/armv7e-m/crtn.o
                0x00002be4                . = ALIGN (0x4)
                0x00002be4                _etext = .

.vfp11_veneer   0x00002be4        0x0
 .vfp11_veneer  0x00000000        0x0 linker stubs

.v4_bx          0x00002be4        0x0
 .v4_bx         0x00000000        0x0 linker stubs

.iplt           0x00002be4        0x0
 .iplt          0x00000000        0x0 c:/freescale/kds_v3/toolchain/bin/../lib/gcc/arm-none-eabi/4.8.4/armv7e-m/crtbegin.o

.ARM.extab
 *(.ARM.extab* .gnu.linkonce.armextab.*)

.ARM            0x00002be4        0x8
                0x00002be4                __exidx_start = .
 *(.ARM.exidx*)
 .ARM.exidx     0x00002be4        0x8 c:/freescale/kds_v3/toolchain/bin/../lib/gcc/arm-none-eabi/4.8.4/../../../../arm-none-eabi/lib/armv7e-m/crt0.o
                0x00002bec                __exidx_end = .

.rel.dyn        0x00002bec        0x0
 .rel.iplt      0x00000000        0x0 c:/freescale/kds_v3/toolchain/bin/../lib/gcc/arm-none-eabi/4.8.4/armv7e-m/crtbegin.o

.ctors          0x00002bec        0x0
                0x00002bec                __CTOR_LIST__ = .
 *crtbegin.o(.ctors)
 *(EXCLUDE_FILE(*crtend.o) .ctors)
 *(SORT(.ctors.*))
 *(.ctors)
                0x00002bec                __CTOR_END__ = .

.dtors          0x00002bec        0x0
                0x00002bec                __DTOR_LIST__ = .
 *crtbegin.o(.dtors)
 *(EXCLUDE_FILE(*crtend.o) .dtors)
 *(SORT(.dtors.*))
 *(.dtors)
                0x00002bec                __DTOR_END__ = .

.preinit_array  0x00002bec        0x0
                0x00002bec                PROVIDE (__preinit_array_start, .)
 *(.preinit_array*)
                0x00002bec                PROVIDE (__preinit_array_end, .)

.init_array     0x00002bec        0x4
                0x00002bec                PROVIDE (__init_array_start, .)
 *(SORT(.init_array.*))
 *(.init_array*)
 .init_array    0x00002bec        0x4 c:/freescale/kds_v3/toolchain/bin/../lib/gcc/arm-none-eabi/4.8.4/armv7e-m/crtbegin.o
                0x00002bf0                PROVIDE (__init_array_end, .)

.fini_array     0x00002bf0        0x4
                0x00002bf0                PROVIDE (__fini_array_start, .)
 *(SORT(.fini_array.*))
 *(.fini_array*)
 .fini_array    0x00002bf0        0x4 c:/freescale/kds_v3/toolchain/bin/../lib/gcc/arm-none-eabi/4.8.4/armv7e-m/crtbegin.o
                0x00002bf4                PROVIDE (__fini_array_end, .)
                0x00002bf4                ___ROM_AT = .

.data           0x1fffe000       0x68 load address 0x00002bf4
                0x1fffe000                . = ALIGN (0x4)
                0x1fffe000                _sdata = .
 *(.data)
 *(.data*)
 .data.impure_data
                0x1fffe000       0x60 c:/freescale/kds_v3/toolchain/bin/../lib/gcc/arm-none-eabi/4.8.4/../../../../arm-none-eabi/lib/armv7e-m\libg_s.a(lib_a-impure.o)
 .data._impure_ptr
                0x1fffe060        0x4 c:/freescale/kds_v3/toolchain/bin/../lib/gcc/arm-none-eabi/4.8.4/../../../../arm-none-eabi/lib/armv7e-m\libg_s.a(lib_a-impure.o)
                0x1fffe060                _impure_ptr
 .data.__ctype_ptr__
                0x1fffe064        0x4 c:/freescale/kds_v3/toolchain/bin/../lib/gcc/arm-none-eabi/4.8.4/../../../../arm-none-eabi/lib/armv7e-m\libg_s.a(lib_a-ctype_.o)
                0x1fffe064                __ctype_ptr__
                0x1fffe068                . = ALIGN (0x4)
                0x1fffe068                _edata = .
                0x00000068                ___data_size = (_edata - _sdata)
                0x00002c5c                ___m_data_20000000_ROMStart = (___ROM_AT + SIZEOF (.data))

.jcr            0x1fffe068        0x0 load address 0x00002c5c
 .jcr           0x1fffe068        0x0 c:/freescale/kds_v3/toolchain/bin/../lib/gcc/arm-none-eabi/4.8.4/armv7e-m/crtbegin.o

.igot.plt       0x1fffe068        0x0 load address 0x00002c5c
 .igot.plt      0x00000000        0x0 c:/freescale/kds_v3/toolchain/bin/../lib/gcc/arm-none-eabi/4.8.4/armv7e-m/crtbegin.o

.m_data_20000000
                0x20000000        0x0 load address 0x00002c5c
                0x20000000                . = ALIGN (0x4)
                0x20000000                ___m_data_20000000_RAMStart = .
 *(.m_data_20000000)
                0x20000000                ___m_data_20000000_RAMEnd = .
                0x20000000                . = ALIGN (0x4)
                0x00000000                ___m_data_20000000_ROMSize = (___m_data_20000000_RAMEnd - ___m_data_20000000_RAMStart)
                0x20000000                . = ALIGN (0x4)

.bss            0x1fffe068      0x238 load address 0x00002c5c
                0x1fffe068                __START_BSS = .
                0x1fffe068                PROVIDE (__bss_start__, __START_BSS)
 *(.bss)
 .bss           0x1fffe068       0x1c c:/freescale/kds_v3/toolchain/bin/../lib/gcc/arm-none-eabi/4.8.4/armv7e-m/crtbegin.o
 *(.bss*)
 .bss.index     0x1fffe084        0x4 ./Sources/Events.o
                0x1fffe084                index
 .bss.flag      0x1fffe088        0x1 ./Sources/main.o
                0x1fffe088                flag
 .bss.SumChan   0x1fffe089        0x1 ./Generated_Code/AD1.o
 .bss.ModeFlg   0x1fffe08a        0x1 ./Generated_Code/AD1.o
 *fill*         0x1fffe08b        0x1 
 .bss.SampleGroup
                0x1fffe08c        0x4 ./Generated_Code/AD1.o
 .bss.OutFlg    0x1fffe090        0x1 ./Generated_Code/AD1.o
 *fill*         0x1fffe091        0x3 
 .bss.DeviceDataPrv__DEFAULT_RTOS_ALLOC
                0x1fffe094       0x20 ./Generated_Code/ASerialLdd1.o
 .bss.INT_UART0_RX_TX__DEFAULT_RTOS_ISRPARAM
                0x1fffe0b4        0x4 ./Generated_Code/ASerialLdd1.o
 .bss.INT_UART0_ERR__DEFAULT_RTOS_ISRPARAM
                0x1fffe0b8        0x4 ./Generated_Code/ASerialLdd1.o
 .bss.DeviceDataPrv__DEFAULT_RTOS_ALLOC
                0x1fffe0bc        0x8 ./Generated_Code/AdcLdd1.o
 .bss.INT_ADC0__DEFAULT_RTOS_ISRPARAM
                0x1fffe0c4        0x4 ./Generated_Code/AdcLdd1.o
 .bss.DeviceDataPrv__DEFAULT_RTOS_ALLOC
                0x1fffe0c8        0x4 ./Generated_Code/BitIoLdd1.o
 .bss.DeviceDataPrv__DEFAULT_RTOS_ALLOC
                0x1fffe0cc        0x4 ./Generated_Code/BitIoLdd2.o
 .bss.DeviceDataPrv__DEFAULT_RTOS_ALLOC
                0x1fffe0d0        0x4 ./Generated_Code/BitIoLdd3.o
 .bss.SR_lock   0x1fffe0d4        0x1 ./Generated_Code/Cpu.o
                0x1fffe0d4                SR_lock
 *fill*         0x1fffe0d5        0x1 
 .bss.SerFlag   0x1fffe0d6        0x2 ./Generated_Code/Inhr1.o
 .bss.Inhr1_InpLen
                0x1fffe0d8        0x2 ./Generated_Code/Inhr1.o
 .bss.InpIndexR
                0x1fffe0da        0x2 ./Generated_Code/Inhr1.o
 .bss.InpIndexW
                0x1fffe0dc        0x2 ./Generated_Code/Inhr1.o
 *fill*         0x1fffe0de        0x2 
 .bss.InpBuffer
                0x1fffe0e0       0x80 ./Generated_Code/Inhr1.o
 .bss.BufferRead
                0x1fffe160        0x1 ./Generated_Code/Inhr1.o
 *fill*         0x1fffe161        0x1 
 .bss.Inhr1_OutLen
                0x1fffe162        0x2 ./Generated_Code/Inhr1.o
 .bss.OutIndexR
                0x1fffe164        0x2 ./Generated_Code/Inhr1.o
 .bss.OutIndexW
                0x1fffe166        0x2 ./Generated_Code/Inhr1.o
 .bss.OutBuffer
                0x1fffe168       0x80 ./Generated_Code/Inhr1.o
 .bss.PE_LDD_DeviceDataList
                0x1fffe1e8       0x1c ./Generated_Code/PE_LDD.o
                0x1fffe1e8                PE_LDD_DeviceDataList
 .bss.DeviceDataPrv__DEFAULT_RTOS_ALLOC
                0x1fffe204        0xc ./Generated_Code/PwmLdd1.o
 .bss.DeviceDataPrv__DEFAULT_RTOS_ALLOC
                0x1fffe210        0x8 ./Generated_Code/TU1.o
 .bss.__malloc_sbrk_start
                0x1fffe218        0x4 c:/freescale/kds_v3/toolchain/bin/../lib/gcc/arm-none-eabi/4.8.4/../../../../arm-none-eabi/lib/armv7e-m\libg_s.a(lib_a-nano-mallocr.o)
                0x1fffe218                __malloc_sbrk_start
 .bss.__malloc_free_list
                0x1fffe21c        0x4 c:/freescale/kds_v3/toolchain/bin/../lib/gcc/arm-none-eabi/4.8.4/../../../../arm-none-eabi/lib/armv7e-m\libg_s.a(lib_a-nano-mallocr.o)
                0x1fffe21c                __malloc_free_list
 .bss.heap_end.4246
                0x1fffe220        0x4 c:/freescale/kds_v3/toolchain/bin/../lib/gcc/arm-none-eabi/4.8.4/../../../../arm-none-eabi/lib/armv7e-m\libnosys.a(sbrk.o)
 *(COMMON)
 COMMON         0x1fffe224       0x64 ./Sources/main.o
                0x1fffe224                buffer
 COMMON         0x1fffe288        0xc ./Generated_Code/AD1.o
                0x1fffe288                AD1_OutV
                0x1fffe290                AdcLdd1_DeviceDataPtr
 COMMON         0x1fffe294        0x1 ./Generated_Code/Cpu.o
                0x1fffe294                SR_reg
 *fill*         0x1fffe295        0x3 
 COMMON         0x1fffe298        0x4 ./Generated_Code/Inhr1.o
                0x1fffe298                ASerialLdd1_DeviceDataPtr
 COMMON         0x1fffe29c        0x4 c:/freescale/kds_v3/toolchain/bin/../lib/gcc/arm-none-eabi/4.8.4/../../../../arm-none-eabi/lib/armv7e-m\libg_s.a(lib_a-reent.o)
                0x1fffe29c                errno
                0x1fffe2a0                . = ALIGN (0x4)
                0x1fffe2a0                __END_BSS = .
                0x1fffe2a0                PROVIDE (__bss_end__, __END_BSS)
                0x00002c5c                _romp_at = ((___ROM_AT + SIZEOF (.data)) + SIZEOF (.m_data_20000000))

.romp           0x1fffe2a0       0x24 load address 0x00002c5c
                0x00002c5c                __S_romp = _romp_at
                0x1fffe2a0        0x4 LONG 0x2bf4 ___ROM_AT
                0x1fffe2a4        0x4 LONG 0x1fffe000 _sdata
                0x1fffe2a8        0x4 LONG 0x68 ___data_size
                0x1fffe2ac        0x4 LONG 0x2c5c ___m_data_20000000_ROMStart
                0x1fffe2b0        0x4 LONG 0x20000000 ___m_data_20000000_RAMStart
                0x1fffe2b4        0x4 LONG 0x0 ___m_data_20000000_ROMSize
                0x1fffe2b8        0x4 LONG 0x0
                0x1fffe2bc        0x4 LONG 0x0
                0x1fffe2c0        0x4 LONG 0x0
                0x00020000                text_end = (ORIGIN (m_text) + 0x1fbf0)
                0x00002c80                data_init_end = ((___m_data_20000000_ROMStart + SIZEOF (.m_data_20000000)) + SIZEOF (.romp))
                0x00000001                ASSERT ((data_init_end <= text_end), region m_text overflowed with text and data)

._user_heap_stack
                0x1fffe2c4      0x400 load address 0x00002c80
                0x1fffe2c4                . = ALIGN (0x4)
                0x1fffe2c4                PROVIDE (end, .)
                0x1fffe2c4                PROVIDE (_end, .)
                0x1fffe2c4                PROVIDE (__end__, .)
                0x1fffe2c4                __heap_addr = .
                0x1fffe2c4                __HeapBase = .
                0x1fffe2c4                . = (. + __heap_size)
                0x1fffe2c4                __HeapLimit = .
                0x1fffe6c4                . = (. + __stack_size)
 *fill*         0x1fffe2c4      0x400 
                0x1fffe6c4                . = ALIGN (0x4)

.ARM.attributes
                0x00000000       0x2a
 *(.ARM.attributes)
 .ARM.attributes
                0x00000000       0x1e c:/freescale/kds_v3/toolchain/bin/../lib/gcc/arm-none-eabi/4.8.4/armv7e-m/crti.o
 .ARM.attributes
                0x0000001e       0x2e c:/freescale/kds_v3/toolchain/bin/../lib/gcc/arm-none-eabi/4.8.4/armv7e-m/crtbegin.o
 .ARM.attributes
                0x0000004c       0x1c c:/freescale/kds_v3/toolchain/bin/../lib/gcc/arm-none-eabi/4.8.4/../../../../arm-none-eabi/lib/armv7e-m/crt0.o
 .ARM.attributes
                0x00000068       0x33 ./Sources/Events.o
 .ARM.attributes
                0x0000009b       0x33 ./Sources/OurMethods.o
 .ARM.attributes
                0x000000ce       0x33 ./Sources/main.o
 .ARM.attributes
                0x00000101       0x33 ./Project_Settings/Startup_Code/startup.o
 .ARM.attributes
                0x00000134       0x33 ./Generated_Code/AD1.o
 .ARM.attributes
                0x00000167       0x33 ./Generated_Code/ASerialLdd1.o
 .ARM.attributes
                0x0000019a       0x33 ./Generated_Code/AdcLdd1.o
 .ARM.attributes
                0x000001cd       0x33 ./Generated_Code/BitIoLdd1.o
 .ARM.attributes
                0x00000200       0x33 ./Generated_Code/BitIoLdd2.o
 .ARM.attributes
                0x00000233       0x33 ./Generated_Code/BitIoLdd3.o
 .ARM.attributes
                0x00000266       0x33 ./Generated_Code/Cpu.o
 .ARM.attributes
                0x00000299       0x33 ./Generated_Code/Inhr1.o
 .ARM.attributes
                0x000002cc       0x33 ./Generated_Code/PE_LDD.o
 .ARM.attributes
                0x000002ff       0x33 ./Generated_Code/PwmLdd1.o
 .ARM.attributes
                0x00000332       0x33 ./Generated_Code/TU1.o
 .ARM.attributes
                0x00000365       0x33 ./Generated_Code/Term1.o
 .ARM.attributes
                0x00000398       0x33 ./Generated_Code/Vectors.o
 .ARM.attributes
                0x000003cb       0x2e c:/freescale/kds_v3/toolchain/bin/../lib/gcc/arm-none-eabi/4.8.4/../../../../arm-none-eabi/lib/armv7e-m\libg_s.a(lib_a-exit.o)
 .ARM.attributes
                0x000003f9       0x2e c:/freescale/kds_v3/toolchain/bin/../lib/gcc/arm-none-eabi/4.8.4/../../../../arm-none-eabi/lib/armv7e-m\libg_s.a(lib_a-impure.o)
 .ARM.attributes
                0x00000427       0x2e c:/freescale/kds_v3/toolchain/bin/../lib/gcc/arm-none-eabi/4.8.4/../../../../arm-none-eabi/lib/armv7e-m\libg_s.a(lib_a-init.o)
 .ARM.attributes
                0x00000455       0x2e c:/freescale/kds_v3/toolchain/bin/../lib/gcc/arm-none-eabi/4.8.4/../../../../arm-none-eabi/lib/armv7e-m\libg_s.a(lib_a-memset.o)
 .ARM.attributes
                0x00000483       0x2e c:/freescale/kds_v3/toolchain/bin/../lib/gcc/arm-none-eabi/4.8.4/../../../../arm-none-eabi/lib/armv7e-m\libg_s.a(lib_a-sscanf.o)
 .ARM.attributes
                0x000004b1       0x2e c:/freescale/kds_v3/toolchain/bin/../lib/gcc/arm-none-eabi/4.8.4/../../../../arm-none-eabi/lib/armv7e-m\libg_s.a(lib_a-stdio.o)
 .ARM.attributes
                0x000004df       0x2e c:/freescale/kds_v3/toolchain/bin/../lib/gcc/arm-none-eabi/4.8.4/../../../../arm-none-eabi/lib/armv7e-m\libg_s.a(lib_a-strlen.o)
 .ARM.attributes
                0x0000050d       0x2e c:/freescale/kds_v3/toolchain/bin/../lib/gcc/arm-none-eabi/4.8.4/../../../../arm-none-eabi/lib/armv7e-m\libg_s.a(lib_a-svfscanf.o)
 .ARM.attributes
                0x0000053b       0x2e c:/freescale/kds_v3/toolchain/bin/../lib/gcc/arm-none-eabi/4.8.4/../../../../arm-none-eabi/lib/armv7e-m\libg_s.a(lib_a-ungetc.o)
 .ARM.attributes
                0x00000569       0x2e c:/freescale/kds_v3/toolchain/bin/../lib/gcc/arm-none-eabi/4.8.4/../../../../arm-none-eabi/lib/armv7e-m\libg_s.a(lib_a-vfscanf_i.o)
 .ARM.attributes
                0x00000597       0x2e c:/freescale/kds_v3/toolchain/bin/../lib/gcc/arm-none-eabi/4.8.4/../../../../arm-none-eabi/lib/armv7e-m\libg_s.a(lib_a-ctype_.o)
 .ARM.attributes
                0x000005c5       0x2e c:/freescale/kds_v3/toolchain/bin/../lib/gcc/arm-none-eabi/4.8.4/../../../../arm-none-eabi/lib/armv7e-m\libg_s.a(lib_a-findfp.o)
 .ARM.attributes
                0x000005f3       0x2e c:/freescale/kds_v3/toolchain/bin/../lib/gcc/arm-none-eabi/4.8.4/../../../../arm-none-eabi/lib/armv7e-m\libg_s.a(lib_a-memchr-stub.o)
 .ARM.attributes
                0x00000621       0x2e c:/freescale/kds_v3/toolchain/bin/../lib/gcc/arm-none-eabi/4.8.4/../../../../arm-none-eabi/lib/armv7e-m\libg_s.a(lib_a-memcpy-stub.o)
 .ARM.attributes
                0x0000064f       0x2e c:/freescale/kds_v3/toolchain/bin/../lib/gcc/arm-none-eabi/4.8.4/../../../../arm-none-eabi/lib/armv7e-m\libg_s.a(lib_a-nano-freer.o)
 .ARM.attributes
                0x0000067d       0x2e c:/freescale/kds_v3/toolchain/bin/../lib/gcc/arm-none-eabi/4.8.4/../../../../arm-none-eabi/lib/armv7e-m\libg_s.a(lib_a-nano-mallocr.o)
 .ARM.attributes
                0x000006ab       0x2e c:/freescale/kds_v3/toolchain/bin/../lib/gcc/arm-none-eabi/4.8.4/../../../../arm-none-eabi/lib/armv7e-m\libg_s.a(lib_a-nano-reallocr.o)
 .ARM.attributes
                0x000006d9       0x2e c:/freescale/kds_v3/toolchain/bin/../lib/gcc/arm-none-eabi/4.8.4/../../../../arm-none-eabi/lib/armv7e-m\libg_s.a(lib_a-reent.o)
 .ARM.attributes
                0x00000707       0x2e c:/freescale/kds_v3/toolchain/bin/../lib/gcc/arm-none-eabi/4.8.4/../../../../arm-none-eabi/lib/armv7e-m\libg_s.a(lib_a-sbrkr.o)
 .ARM.attributes
                0x00000735       0x2e c:/freescale/kds_v3/toolchain/bin/../lib/gcc/arm-none-eabi/4.8.4/../../../../arm-none-eabi/lib/armv7e-m\libg_s.a(lib_a-sccl.o)
 .ARM.attributes
                0x00000763       0x2e c:/freescale/kds_v3/toolchain/bin/../lib/gcc/arm-none-eabi/4.8.4/../../../../arm-none-eabi/lib/armv7e-m\libg_s.a(lib_a-strtol.o)
 .ARM.attributes
                0x00000791       0x2e c:/freescale/kds_v3/toolchain/bin/../lib/gcc/arm-none-eabi/4.8.4/../../../../arm-none-eabi/lib/armv7e-m\libg_s.a(lib_a-strtoul.o)
 .ARM.attributes
                0x000007bf       0x2e c:/freescale/kds_v3/toolchain/bin/../lib/gcc/arm-none-eabi/4.8.4/../../../../arm-none-eabi/lib/armv7e-m\libg_s.a(lib_a-nano-msizer.o)
 .ARM.attributes
                0x000007ed       0x2e c:/freescale/kds_v3/toolchain/bin/../lib/gcc/arm-none-eabi/4.8.4/../../../../arm-none-eabi/lib/armv7e-m\libnosys.a(sbrk.o)
 .ARM.attributes
                0x0000081b       0x2e c:/freescale/kds_v3/toolchain/bin/../lib/gcc/arm-none-eabi/4.8.4/../../../../arm-none-eabi/lib/armv7e-m\libnosys.a(_exit.o)
 .ARM.attributes
                0x00000849       0x1e c:/freescale/kds_v3/toolchain/bin/../lib/gcc/arm-none-eabi/4.8.4/armv7e-m/crtn.o
OUTPUT(A2.elf elf32-littlearm)

.debug_info     0x00000000     0x43c9
 .debug_info    0x00000000      0x12b ./Sources/Events.o
 .debug_info    0x0000012b      0x133 ./Sources/OurMethods.o
 .debug_info    0x0000025e      0x106 ./Sources/main.o
 .debug_info    0x00000364      0x20a ./Project_Settings/Startup_Code/startup.o
 .debug_info    0x0000056e      0x311 ./Generated_Code/AD1.o
 .debug_info    0x0000087f      0xab5 ./Generated_Code/ASerialLdd1.o
 .debug_info    0x00001334      0x941 ./Generated_Code/AdcLdd1.o
 .debug_info    0x00001c75      0x2d7 ./Generated_Code/BitIoLdd1.o
 .debug_info    0x00001f4c      0x2d7 ./Generated_Code/BitIoLdd2.o
 .debug_info    0x00002223      0x377 ./Generated_Code/BitIoLdd3.o
 .debug_info    0x0000259a      0x9e9 ./Generated_Code/Cpu.o
 .debug_info    0x00002f83      0x367 ./Generated_Code/Inhr1.o
 .debug_info    0x000032ea      0x251 ./Generated_Code/PE_LDD.o
 .debug_info    0x0000353b      0x2d4 ./Generated_Code/PwmLdd1.o
 .debug_info    0x0000380f      0x764 ./Generated_Code/TU1.o
 .debug_info    0x00003f73      0x348 ./Generated_Code/Term1.o
 .debug_info    0x000042bb      0x10e ./Generated_Code/Vectors.o

.debug_abbrev   0x00000000     0x146c
 .debug_abbrev  0x00000000       0xb6 ./Sources/Events.o
 .debug_abbrev  0x000000b6       0x7e ./Sources/OurMethods.o
 .debug_abbrev  0x00000134       0x82 ./Sources/main.o
 .debug_abbrev  0x000001b6      0x11e ./Project_Settings/Startup_Code/startup.o
 .debug_abbrev  0x000002d4      0x19e ./Generated_Code/AD1.o
 .debug_abbrev  0x00000472      0x1db ./Generated_Code/ASerialLdd1.o
 .debug_abbrev  0x0000064d      0x1d2 ./Generated_Code/AdcLdd1.o
 .debug_abbrev  0x0000081f      0x10d ./Generated_Code/BitIoLdd1.o
 .debug_abbrev  0x0000092c      0x10d ./Generated_Code/BitIoLdd2.o
 .debug_abbrev  0x00000a39      0x15f ./Generated_Code/BitIoLdd3.o
 .debug_abbrev  0x00000b98      0x178 ./Generated_Code/Cpu.o
 .debug_abbrev  0x00000d10      0x18f ./Generated_Code/Inhr1.o
 .debug_abbrev  0x00000e9f      0x10d ./Generated_Code/PE_LDD.o
 .debug_abbrev  0x00000fac      0x122 ./Generated_Code/PwmLdd1.o
 .debug_abbrev  0x000010ce      0x198 ./Generated_Code/TU1.o
 .debug_abbrev  0x00001266      0x162 ./Generated_Code/Term1.o
 .debug_abbrev  0x000013c8       0xa4 ./Generated_Code/Vectors.o

.debug_aranges  0x00000000      0x480
 .debug_aranges
                0x00000000       0x38 ./Sources/Events.o
 .debug_aranges
                0x00000038       0x38 ./Sources/OurMethods.o
 .debug_aranges
                0x00000070       0x20 ./Sources/main.o
 .debug_aranges
                0x00000090       0x50 ./Project_Settings/Startup_Code/startup.o
 .debug_aranges
                0x000000e0       0x68 ./Generated_Code/AD1.o
 .debug_aranges
                0x00000148       0x50 ./Generated_Code/ASerialLdd1.o
 .debug_aranges
                0x00000198       0x60 ./Generated_Code/AdcLdd1.o
 .debug_aranges
                0x000001f8       0x28 ./Generated_Code/BitIoLdd1.o
 .debug_aranges
                0x00000220       0x28 ./Generated_Code/BitIoLdd2.o
 .debug_aranges
                0x00000248       0x48 ./Generated_Code/BitIoLdd3.o
 .debug_aranges
                0x00000290       0x40 ./Generated_Code/Cpu.o
 .debug_aranges
                0x000002d0       0x60 ./Generated_Code/Inhr1.o
 .debug_aranges
                0x00000330       0x30 ./Generated_Code/PE_LDD.o
 .debug_aranges
                0x00000360       0x40 ./Generated_Code/PwmLdd1.o
 .debug_aranges
                0x000003a0       0x48 ./Generated_Code/TU1.o
 .debug_aranges
                0x000003e8       0x80 ./Generated_Code/Term1.o
 .debug_aranges
                0x00000468       0x18 ./Generated_Code/Vectors.o

.debug_ranges   0x00000000      0x368
 .debug_ranges  0x00000000       0x28 ./Sources/Events.o
 .debug_ranges  0x00000028       0x28 ./Sources/OurMethods.o
 .debug_ranges  0x00000050       0x10 ./Sources/main.o
 .debug_ranges  0x00000060       0x40 ./Project_Settings/Startup_Code/startup.o
 .debug_ranges  0x000000a0       0x58 ./Generated_Code/AD1.o
 .debug_ranges  0x000000f8       0x40 ./Generated_Code/ASerialLdd1.o
 .debug_ranges  0x00000138       0x50 ./Generated_Code/AdcLdd1.o
 .debug_ranges  0x00000188       0x18 ./Generated_Code/BitIoLdd1.o
 .debug_ranges  0x000001a0       0x18 ./Generated_Code/BitIoLdd2.o
 .debug_ranges  0x000001b8       0x38 ./Generated_Code/BitIoLdd3.o
 .debug_ranges  0x000001f0       0x30 ./Generated_Code/Cpu.o
 .debug_ranges  0x00000220       0x50 ./Generated_Code/Inhr1.o
 .debug_ranges  0x00000270       0x20 ./Generated_Code/PE_LDD.o
 .debug_ranges  0x00000290       0x30 ./Generated_Code/PwmLdd1.o
 .debug_ranges  0x000002c0       0x38 ./Generated_Code/TU1.o
 .debug_ranges  0x000002f8       0x70 ./Generated_Code/Term1.o

.debug_macro    0x00000000    0x1aa63
 .debug_macro   0x00000000      0x1ad ./Sources/Events.o
 .debug_macro   0x000001ad      0x84a ./Sources/Events.o
 .debug_macro   0x000009f7       0x16 ./Sources/Events.o
 .debug_macro   0x00000a0d       0x44 ./Sources/Events.o
 .debug_macro   0x00000a51      0x209 ./Sources/Events.o
 .debug_macro   0x00000c5a     0x1687 ./Sources/Events.o
 .debug_macro   0x000022e1      0x14e ./Sources/Events.o
 .debug_macro   0x0000242f       0x6a ./Sources/Events.o
 .debug_macro   0x00002499     0x9b9f ./Sources/Events.o
 .debug_macro   0x0000c038       0x94 ./Sources/Events.o
 .debug_macro   0x0000c0cc       0x34 ./Sources/Events.o
 .debug_macro   0x0000c100       0x65 ./Sources/Events.o
 .debug_macro   0x0000c165       0x20 ./Sources/Events.o
 .debug_macro   0x0000c185       0x94 ./Sources/Events.o
 .debug_macro   0x0000c219      0x616 ./Sources/Events.o
 .debug_macro   0x0000c82f       0x97 ./Sources/Events.o
 .debug_macro   0x0000c8c6       0x11 ./Sources/Events.o
 .debug_macro   0x0000c8d7      0x132 ./Sources/Events.o
 .debug_macro   0x0000ca09       0x2e ./Sources/Events.o
 .debug_macro   0x0000ca37       0x34 ./Sources/Events.o
 .debug_macro   0x0000ca6b      0x6a6 ./Sources/Events.o
 .debug_macro   0x0000d111       0x74 ./Sources/Events.o
 .debug_macro   0x0000d185       0x37 ./Sources/Events.o
 .debug_macro   0x0000d1bc       0x25 ./Sources/Events.o
 .debug_macro   0x0000d1e1       0x4c ./Sources/Events.o
 .debug_macro   0x0000d22d       0x26 ./Sources/Events.o
 .debug_macro   0x0000d253       0xa5 ./Sources/OurMethods.o
 .debug_macro   0x0000d2f8       0x9a ./Sources/OurMethods.o
 .debug_macro   0x0000d392       0x22 ./Sources/OurMethods.o
 .debug_macro   0x0000d3b4      0x2b8 ./Sources/main.o
 .debug_macro   0x0000d66c       0x58 ./Sources/main.o
 .debug_macro   0x0000d6c4       0x35 ./Sources/main.o
 .debug_macro   0x0000d6f9       0xa3 ./Sources/main.o
 .debug_macro   0x0000d79c       0x16 ./Sources/main.o
 .debug_macro   0x0000d7b2       0x97 ./Sources/main.o
 .debug_macro   0x0000d849       0x10 ./Sources/main.o
 .debug_macro   0x0000d859       0xef ./Sources/main.o
 .debug_macro   0x0000d948       0x52 ./Sources/main.o
 .debug_macro   0x0000d99a       0x16 ./Sources/main.o
 .debug_macro   0x0000d9b0       0x43 ./Sources/main.o
 .debug_macro   0x0000d9f3      0x180 ./Sources/main.o
 .debug_macro   0x0000db73       0x10 ./Sources/main.o
 .debug_macro   0x0000db83       0x22 ./Sources/main.o
 .debug_macro   0x0000dba5       0xbd ./Sources/main.o
 .debug_macro   0x0000dc62       0x16 ./Sources/main.o
 .debug_macro   0x0000dc78      0x14a ./Sources/main.o
 .debug_macro   0x0000ddc2      0x2a6 ./Sources/main.o
 .debug_macro   0x0000e068       0x10 ./Sources/main.o
 .debug_macro   0x0000e078       0x35 ./Sources/main.o
 .debug_macro   0x0000e0ad      0x121 ./Project_Settings/Startup_Code/startup.o
 .debug_macro   0x0000e1ce      0x166 ./Project_Settings/Startup_Code/startup.o
 .debug_macro   0x0000e334       0x4a ./Project_Settings/Startup_Code/startup.o
 .debug_macro   0x0000e37e       0x16 ./Project_Settings/Startup_Code/startup.o
 .debug_macro   0x0000e394       0x22 ./Project_Settings/Startup_Code/startup.o
 .debug_macro   0x0000e3b6       0x10 ./Project_Settings/Startup_Code/startup.o
 .debug_macro   0x0000e3c6      0x20f ./Project_Settings/Startup_Code/startup.o
 .debug_macro   0x0000e5d5     0x9b93 ./Project_Settings/Startup_Code/startup.o
 .debug_macro   0x00018168      0x1c5 ./Generated_Code/AD1.o
 .debug_macro   0x0001832d       0xc5 ./Generated_Code/ASerialLdd1.o
 .debug_macro   0x000183f2       0x5f ./Generated_Code/ASerialLdd1.o
 .debug_macro   0x00018451       0x26 ./Generated_Code/ASerialLdd1.o
 .debug_macro   0x00018477      0x7ab ./Generated_Code/ASerialLdd1.o
 .debug_macro   0x00018c22      0x9b1 ./Generated_Code/ASerialLdd1.o
 .debug_macro   0x000195d3       0xd5 ./Generated_Code/AdcLdd1.o
 .debug_macro   0x000196a8       0xa6 ./Generated_Code/BitIoLdd1.o
 .debug_macro   0x0001974e      0x12c ./Generated_Code/BitIoLdd1.o
 .debug_macro   0x0001987a       0xa6 ./Generated_Code/BitIoLdd2.o
 .debug_macro   0x00019920       0x2e ./Generated_Code/BitIoLdd2.o
 .debug_macro   0x0001994e       0xa6 ./Generated_Code/BitIoLdd3.o
 .debug_macro   0x000199f4       0x46 ./Generated_Code/BitIoLdd3.o
 .debug_macro   0x00019a3a      0x1c7 ./Generated_Code/Cpu.o
 .debug_macro   0x00019c01      0x231 ./Generated_Code/Inhr1.o
 .debug_macro   0x00019e32      0x177 ./Generated_Code/PE_LDD.o
 .debug_macro   0x00019fa9       0xbb ./Generated_Code/PwmLdd1.o
 .debug_macro   0x0001a064      0x6a0 ./Generated_Code/PwmLdd1.o
 .debug_macro   0x0001a704       0xb4 ./Generated_Code/TU1.o
 .debug_macro   0x0001a7b8       0xb2 ./Generated_Code/Term1.o
 .debug_macro   0x0001a86a      0x1bf ./Generated_Code/Vectors.o
 .debug_macro   0x0001aa29       0x3a ./Generated_Code/Vectors.o

.debug_line     0x00000000     0x3fcd
 .debug_line    0x00000000      0x3bb ./Sources/Events.o
 .debug_line    0x000003bb      0x32b ./Sources/OurMethods.o
 .debug_line    0x000006e6      0x4cc ./Sources/main.o
 .debug_line    0x00000bb2      0x3d5 ./Project_Settings/Startup_Code/startup.o
 .debug_line    0x00000f87      0x4bb ./Generated_Code/AD1.o
 .debug_line    0x00001442      0x391 ./Generated_Code/ASerialLdd1.o
 .debug_line    0x000017d3      0x382 ./Generated_Code/AdcLdd1.o
 .debug_line    0x00001b55      0x28c ./Generated_Code/BitIoLdd1.o
 .debug_line    0x00001de1      0x28c ./Generated_Code/BitIoLdd2.o
 .debug_line    0x0000206d      0x2d7 ./Generated_Code/BitIoLdd3.o
 .debug_line    0x00002344      0x52f ./Generated_Code/Cpu.o
 .debug_line    0x00002873      0x555 ./Generated_Code/Inhr1.o
 .debug_line    0x00002dc8      0x37f ./Generated_Code/PE_LDD.o
 .debug_line    0x00003147      0x2e1 ./Generated_Code/PwmLdd1.o
 .debug_line    0x00003428      0x30d ./Generated_Code/TU1.o
 .debug_line    0x00003735      0x3f0 ./Generated_Code/Term1.o
 .debug_line    0x00003b25      0x4a8 ./Generated_Code/Vectors.o

.debug_str      0x00000000    0x60b8b
 .debug_str     0x00000000    0x4e246 ./Sources/Events.o
                              0x4e396 (size before relaxing)
 .debug_str     0x0004e246       0xa6 ./Sources/OurMethods.o
                              0x3eecf (size before relaxing)
 .debug_str     0x0004e2ec     0x2e55 ./Sources/main.o
                              0x51280 (size before relaxing)
 .debug_str     0x00051141      0x1aa ./Project_Settings/Startup_Code/startup.o
                              0x3a1db (size before relaxing)
 .debug_str     0x000512eb      0x1a6 ./Generated_Code/AD1.o
                              0x4e4fc (size before relaxing)
 .debug_str     0x00051491     0xe79f ./Generated_Code/ASerialLdd1.o
                              0x4dd3c (size before relaxing)
 .debug_str     0x0005fc30      0x351 ./Generated_Code/AdcLdd1.o
                              0x446f1 (size before relaxing)
 .debug_str     0x0005ff81       0xaf ./Generated_Code/BitIoLdd1.o
                              0x3fdde (size before relaxing)
 .debug_str     0x00060030       0x6d ./Generated_Code/BitIoLdd2.o
                              0x3fdde (size before relaxing)
 .debug_str     0x0006009d       0xb1 ./Generated_Code/BitIoLdd3.o
                              0x3fea6 (size before relaxing)
 .debug_str     0x0006014e      0x240 ./Generated_Code/Cpu.o
                              0x4e70e (size before relaxing)
 .debug_str     0x0006038e      0x250 ./Generated_Code/Inhr1.o
                              0x4e63d (size before relaxing)
 .debug_str     0x000605de      0x17e ./Generated_Code/PE_LDD.o
                              0x4e506 (size before relaxing)
 .debug_str     0x0006075c       0xcf ./Generated_Code/PwmLdd1.o
                              0x4847a (size before relaxing)
 .debug_str     0x0006082b      0x236 ./Generated_Code/TU1.o
                              0x4859d (size before relaxing)
 .debug_str     0x00060a61      0x10e ./Generated_Code/Term1.o
                              0x3f1b6 (size before relaxing)
 .debug_str     0x00060b6f       0x1c ./Generated_Code/Vectors.o
                              0x4e399 (size before relaxing)

.comment        0x00000000       0x70
 .comment       0x00000000       0x70 ./Sources/Events.o
                                 0x71 (size before relaxing)
 .comment       0x00000000       0x71 ./Sources/OurMethods.o
 .comment       0x00000000       0x71 ./Sources/main.o
 .comment       0x00000000       0x71 ./Project_Settings/Startup_Code/startup.o
 .comment       0x00000000       0x71 ./Generated_Code/AD1.o
 .comment       0x00000000       0x71 ./Generated_Code/ASerialLdd1.o
 .comment       0x00000000       0x71 ./Generated_Code/AdcLdd1.o
 .comment       0x00000000       0x71 ./Generated_Code/BitIoLdd1.o
 .comment       0x00000000       0x71 ./Generated_Code/BitIoLdd2.o
 .comment       0x00000000       0x71 ./Generated_Code/BitIoLdd3.o
 .comment       0x00000000       0x71 ./Generated_Code/Cpu.o
 .comment       0x00000000       0x71 ./Generated_Code/Inhr1.o
 .comment       0x00000000       0x71 ./Generated_Code/PE_LDD.o
 .comment       0x00000000       0x71 ./Generated_Code/PwmLdd1.o
 .comment       0x00000000       0x71 ./Generated_Code/TU1.o
 .comment       0x00000000       0x71 ./Generated_Code/Term1.o
 .comment       0x00000000       0x71 ./Generated_Code/Vectors.o

.debug_frame    0x00000000     0x11cc
 .debug_frame   0x00000000       0x78 ./Sources/Events.o
 .debug_frame   0x00000078       0x88 ./Sources/OurMethods.o
 .debug_frame   0x00000100       0x30 ./Sources/main.o
 .debug_frame   0x00000130       0xc0 ./Project_Settings/Startup_Code/startup.o
 .debug_frame   0x000001f0      0x130 ./Generated_Code/AD1.o
 .debug_frame   0x00000320       0xec ./Generated_Code/ASerialLdd1.o
 .debug_frame   0x0000040c      0x114 ./Generated_Code/AdcLdd1.o
 .debug_frame   0x00000520       0x48 ./Generated_Code/BitIoLdd1.o
 .debug_frame   0x00000568       0x48 ./Generated_Code/BitIoLdd2.o
 .debug_frame   0x000005b0       0xb8 ./Generated_Code/BitIoLdd3.o
 .debug_frame   0x00000668       0xa4 ./Generated_Code/Cpu.o
 .debug_frame   0x0000070c      0x118 ./Generated_Code/Inhr1.o
 .debug_frame   0x00000824       0x64 ./Generated_Code/PE_LDD.o
 .debug_frame   0x00000888       0xb0 ./Generated_Code/PwmLdd1.o
 .debug_frame   0x00000938       0xb8 ./Generated_Code/TU1.o
 .debug_frame   0x000009f0      0x198 ./Generated_Code/Term1.o
 .debug_frame   0x00000b88       0x28 c:/freescale/kds_v3/toolchain/bin/../lib/gcc/arm-none-eabi/4.8.4/../../../../arm-none-eabi/lib/armv7e-m\libg_s.a(lib_a-exit.o)
 .debug_frame   0x00000bb0       0x2c c:/freescale/kds_v3/toolchain/bin/../lib/gcc/arm-none-eabi/4.8.4/../../../../arm-none-eabi/lib/armv7e-m\libg_s.a(lib_a-init.o)
 .debug_frame   0x00000bdc       0x20 c:/freescale/kds_v3/toolchain/bin/../lib/gcc/arm-none-eabi/4.8.4/../../../../arm-none-eabi/lib/armv7e-m\libg_s.a(lib_a-memset.o)
 .debug_frame   0x00000bfc       0x60 c:/freescale/kds_v3/toolchain/bin/../lib/gcc/arm-none-eabi/4.8.4/../../../../arm-none-eabi/lib/armv7e-m\libg_s.a(lib_a-sscanf.o)
 .debug_frame   0x00000c5c       0x80 c:/freescale/kds_v3/toolchain/bin/../lib/gcc/arm-none-eabi/4.8.4/../../../../arm-none-eabi/lib/armv7e-m\libg_s.a(lib_a-stdio.o)
 .debug_frame   0x00000cdc       0x20 c:/freescale/kds_v3/toolchain/bin/../lib/gcc/arm-none-eabi/4.8.4/../../../../arm-none-eabi/lib/armv7e-m\libg_s.a(lib_a-strlen.o)
 .debug_frame   0x00000cfc       0x6c c:/freescale/kds_v3/toolchain/bin/../lib/gcc/arm-none-eabi/4.8.4/../../../../arm-none-eabi/lib/armv7e-m\libg_s.a(lib_a-svfscanf.o)
 .debug_frame   0x00000d68       0x5c c:/freescale/kds_v3/toolchain/bin/../lib/gcc/arm-none-eabi/4.8.4/../../../../arm-none-eabi/lib/armv7e-m\libg_s.a(lib_a-ungetc.o)
 .debug_frame   0x00000dc4       0x58 c:/freescale/kds_v3/toolchain/bin/../lib/gcc/arm-none-eabi/4.8.4/../../../../arm-none-eabi/lib/armv7e-m\libg_s.a(lib_a-vfscanf_i.o)
 .debug_frame   0x00000e1c      0x12c c:/freescale/kds_v3/toolchain/bin/../lib/gcc/arm-none-eabi/4.8.4/../../../../arm-none-eabi/lib/armv7e-m\libg_s.a(lib_a-findfp.o)
 .debug_frame   0x00000f48       0x28 c:/freescale/kds_v3/toolchain/bin/../lib/gcc/arm-none-eabi/4.8.4/../../../../arm-none-eabi/lib/armv7e-m\libg_s.a(lib_a-memchr-stub.o)
 .debug_frame   0x00000f70       0x28 c:/freescale/kds_v3/toolchain/bin/../lib/gcc/arm-none-eabi/4.8.4/../../../../arm-none-eabi/lib/armv7e-m\libg_s.a(lib_a-memcpy-stub.o)
 .debug_frame   0x00000f98       0x2c c:/freescale/kds_v3/toolchain/bin/../lib/gcc/arm-none-eabi/4.8.4/../../../../arm-none-eabi/lib/armv7e-m\libg_s.a(lib_a-nano-freer.o)
 .debug_frame   0x00000fc4       0x2c c:/freescale/kds_v3/toolchain/bin/../lib/gcc/arm-none-eabi/4.8.4/../../../../arm-none-eabi/lib/armv7e-m\libg_s.a(lib_a-nano-mallocr.o)
 .debug_frame   0x00000ff0       0x30 c:/freescale/kds_v3/toolchain/bin/../lib/gcc/arm-none-eabi/4.8.4/../../../../arm-none-eabi/lib/armv7e-m\libg_s.a(lib_a-nano-reallocr.o)
 .debug_frame   0x00001020       0x48 c:/freescale/kds_v3/toolchain/bin/../lib/gcc/arm-none-eabi/4.8.4/../../../../arm-none-eabi/lib/armv7e-m\libg_s.a(lib_a-reent.o)
 .debug_frame   0x00001068       0x2c c:/freescale/kds_v3/toolchain/bin/../lib/gcc/arm-none-eabi/4.8.4/../../../../arm-none-eabi/lib/armv7e-m\libg_s.a(lib_a-sbrkr.o)
 .debug_frame   0x00001094       0x30 c:/freescale/kds_v3/toolchain/bin/../lib/gcc/arm-none-eabi/4.8.4/../../../../arm-none-eabi/lib/armv7e-m\libg_s.a(lib_a-sccl.o)
 .debug_frame   0x000010c4       0x54 c:/freescale/kds_v3/toolchain/bin/../lib/gcc/arm-none-eabi/4.8.4/../../../../arm-none-eabi/lib/armv7e-m\libg_s.a(lib_a-strtol.o)
 .debug_frame   0x00001118       0x54 c:/freescale/kds_v3/toolchain/bin/../lib/gcc/arm-none-eabi/4.8.4/../../../../arm-none-eabi/lib/armv7e-m\libg_s.a(lib_a-strtoul.o)
 .debug_frame   0x0000116c       0x20 c:/freescale/kds_v3/toolchain/bin/../lib/gcc/arm-none-eabi/4.8.4/../../../../arm-none-eabi/lib/armv7e-m\libg_s.a(lib_a-nano-msizer.o)
 .debug_frame   0x0000118c       0x20 c:/freescale/kds_v3/toolchain/bin/../lib/gcc/arm-none-eabi/4.8.4/../../../../arm-none-eabi/lib/armv7e-m\libnosys.a(sbrk.o)
 .debug_frame   0x000011ac       0x20 c:/freescale/kds_v3/toolchain/bin/../lib/gcc/arm-none-eabi/4.8.4/../../../../arm-none-eabi/lib/armv7e-m\libnosys.a(_exit.o)

.stabstr        0x00000000       0xdf
 .stabstr       0x00000000       0xdf c:/freescale/kds_v3/toolchain/bin/../lib/gcc/arm-none-eabi/4.8.4/../../../../arm-none-eabi/lib/armv7e-m\libnosys.a(close.o)
