Archive member included because of file (symbol)

c:/freescale/kds_3.0.0/toolchain/bin/../lib/gcc/arm-none-eabi/4.8.4/../../../../arm-none-eabi/lib/armv7e-m\libg_s.a(lib_a-exit.o)
                              c:/freescale/kds_3.0.0/toolchain/bin/../lib/gcc/arm-none-eabi/4.8.4/../../../../arm-none-eabi/lib/armv7e-m/crt0.o (exit)
c:/freescale/kds_3.0.0/toolchain/bin/../lib/gcc/arm-none-eabi/4.8.4/../../../../arm-none-eabi/lib/armv7e-m\libg_s.a(lib_a-impure.o)
                              c:/freescale/kds_3.0.0/toolchain/bin/../lib/gcc/arm-none-eabi/4.8.4/../../../../arm-none-eabi/lib/armv7e-m\libg_s.a(lib_a-exit.o) (_global_impure_ptr)
c:/freescale/kds_3.0.0/toolchain/bin/../lib/gcc/arm-none-eabi/4.8.4/../../../../arm-none-eabi/lib/armv7e-m\libg_s.a(lib_a-init.o)
                              c:/freescale/kds_3.0.0/toolchain/bin/../lib/gcc/arm-none-eabi/4.8.4/../../../../arm-none-eabi/lib/armv7e-m/crt0.o (__libc_init_array)
c:/freescale/kds_3.0.0/toolchain/bin/../lib/gcc/arm-none-eabi/4.8.4/../../../../arm-none-eabi/lib/armv7e-m\libg_s.a(lib_a-memset.o)
                              c:/freescale/kds_3.0.0/toolchain/bin/../lib/gcc/arm-none-eabi/4.8.4/../../../../arm-none-eabi/lib/armv7e-m/crt0.o (memset)
c:/freescale/kds_3.0.0/toolchain/bin/../lib/gcc/arm-none-eabi/4.8.4/../../../../arm-none-eabi/lib/armv7e-m\libg_s.a(lib_a-sscanf.o)
                              ./Sources/main.o (sscanf)
c:/freescale/kds_3.0.0/toolchain/bin/../lib/gcc/arm-none-eabi/4.8.4/../../../../arm-none-eabi/lib/armv7e-m\libg_s.a(lib_a-stdio.o)
                              c:/freescale/kds_3.0.0/toolchain/bin/../lib/gcc/arm-none-eabi/4.8.4/../../../../arm-none-eabi/lib/armv7e-m\libg_s.a(lib_a-sscanf.o) (__seofread)
c:/freescale/kds_3.0.0/toolchain/bin/../lib/gcc/arm-none-eabi/4.8.4/../../../../arm-none-eabi/lib/armv7e-m\libg_s.a(lib_a-strlen.o)
                              c:/freescale/kds_3.0.0/toolchain/bin/../lib/gcc/arm-none-eabi/4.8.4/../../../../arm-none-eabi/lib/armv7e-m\libg_s.a(lib_a-sscanf.o) (strlen)
c:/freescale/kds_3.0.0/toolchain/bin/../lib/gcc/arm-none-eabi/4.8.4/../../../../arm-none-eabi/lib/armv7e-m\libg_s.a(lib_a-svfscanf.o)
                              c:/freescale/kds_3.0.0/toolchain/bin/../lib/gcc/arm-none-eabi/4.8.4/../../../../arm-none-eabi/lib/armv7e-m\libg_s.a(lib_a-sscanf.o) (__ssvfscanf_r)
c:/freescale/kds_3.0.0/toolchain/bin/../lib/gcc/arm-none-eabi/4.8.4/../../../../arm-none-eabi/lib/armv7e-m\libg_s.a(lib_a-ungetc.o)
                              c:/freescale/kds_3.0.0/toolchain/bin/../lib/gcc/arm-none-eabi/4.8.4/../../../../arm-none-eabi/lib/armv7e-m\libg_s.a(lib_a-svfscanf.o) (__submore)
c:/freescale/kds_3.0.0/toolchain/bin/../lib/gcc/arm-none-eabi/4.8.4/../../../../arm-none-eabi/lib/armv7e-m\libg_s.a(lib_a-vfscanf_i.o)
                              c:/freescale/kds_3.0.0/toolchain/bin/../lib/gcc/arm-none-eabi/4.8.4/../../../../arm-none-eabi/lib/armv7e-m\libg_s.a(lib_a-svfscanf.o) (_scanf_chars)
c:/freescale/kds_3.0.0/toolchain/bin/../lib/gcc/arm-none-eabi/4.8.4/../../../../arm-none-eabi/lib/armv7e-m\libg_s.a(lib_a-writer.o)
                              c:/freescale/kds_3.0.0/toolchain/bin/../lib/gcc/arm-none-eabi/4.8.4/../../../../arm-none-eabi/lib/armv7e-m\libg_s.a(lib_a-stdio.o) (_write_r)
c:/freescale/kds_3.0.0/toolchain/bin/../lib/gcc/arm-none-eabi/4.8.4/../../../../arm-none-eabi/lib/armv7e-m\libg_s.a(lib_a-closer.o)
                              c:/freescale/kds_3.0.0/toolchain/bin/../lib/gcc/arm-none-eabi/4.8.4/../../../../arm-none-eabi/lib/armv7e-m\libg_s.a(lib_a-stdio.o) (_close_r)
c:/freescale/kds_3.0.0/toolchain/bin/../lib/gcc/arm-none-eabi/4.8.4/../../../../arm-none-eabi/lib/armv7e-m\libg_s.a(lib_a-ctype_.o)
                              c:/freescale/kds_3.0.0/toolchain/bin/../lib/gcc/arm-none-eabi/4.8.4/../../../../arm-none-eabi/lib/armv7e-m\libg_s.a(lib_a-svfscanf.o) (__ctype_ptr__)
c:/freescale/kds_3.0.0/toolchain/bin/../lib/gcc/arm-none-eabi/4.8.4/../../../../arm-none-eabi/lib/armv7e-m\libg_s.a(lib_a-fflush.o)
                              c:/freescale/kds_3.0.0/toolchain/bin/../lib/gcc/arm-none-eabi/4.8.4/../../../../arm-none-eabi/lib/armv7e-m\libg_s.a(lib_a-ungetc.o) (_fflush_r)
c:/freescale/kds_3.0.0/toolchain/bin/../lib/gcc/arm-none-eabi/4.8.4/../../../../arm-none-eabi/lib/armv7e-m\libg_s.a(lib_a-findfp.o)
                              c:/freescale/kds_3.0.0/toolchain/bin/../lib/gcc/arm-none-eabi/4.8.4/../../../../arm-none-eabi/lib/armv7e-m\libg_s.a(lib_a-ungetc.o) (__sinit)
c:/freescale/kds_3.0.0/toolchain/bin/../lib/gcc/arm-none-eabi/4.8.4/../../../../arm-none-eabi/lib/armv7e-m\libg_s.a(lib_a-fwalk.o)
                              c:/freescale/kds_3.0.0/toolchain/bin/../lib/gcc/arm-none-eabi/4.8.4/../../../../arm-none-eabi/lib/armv7e-m\libg_s.a(lib_a-findfp.o) (_fwalk)
c:/freescale/kds_3.0.0/toolchain/bin/../lib/gcc/arm-none-eabi/4.8.4/../../../../arm-none-eabi/lib/armv7e-m\libg_s.a(lib_a-lseekr.o)
[...]
Memory Configuration

Name             Origin             Length             Attributes
m_interrupts     0x00000000         0x000000f8         xr
m_text           0x00000410         0x0001fbf0         xr
m_data           0x1fffe000         0x00002000         rw
m_data_20000000  0x20000000         0x00002000         rw
m_cfmprotrom     0x00000400         0x00000010         xr
*default*        0x00000000         0xffffffff

Linker script and memory map

LOAD c:/freescale/kds_3.0.0/toolchain/bin/../lib/gcc/arm-none-eabi/4.8.4/armv7e-m/crti.o
LOAD c:/freescale/kds_3.0.0/toolchain/bin/../lib/gcc/arm-none-eabi/4.8.4/armv7e-m/crtbegin.o
LOAD c:/freescale/kds_3.0.0/toolchain/bin/../lib/gcc/arm-none-eabi/4.8.4/../../../../arm-none-eabi/lib/armv7e-m/crt0.o
LOAD ./Sources/Events.o
LOAD ./Sources/main.o
LOAD ./Project_Settings/Startup_Code/startup.o
LOAD ./Generated_Code/ASerialLdd1.o
LOAD ./Generated_Code/Cpu.o
LOAD ./Generated_Code/Inhr1.o
LOAD ./Generated_Code/PE_LDD.o
LOAD ./Generated_Code/Term1.o
LOAD ./Generated_Code/Vectors.o
LOAD c:/freescale/kds_3.0.0/toolchain/bin/../lib/gcc/arm-none-eabi/4.8.4/../../../../arm-none-eabi/lib/armv7e-m\libstdc++_s.a
LOAD c:/freescale/kds_3.0.0/toolchain/bin/../lib/gcc/arm-none-eabi/4.8.4/../../../../arm-none-eabi/lib/armv7e-m\libm.a
START GROUP
LOAD c:/freescale/kds_3.0.0/toolchain/bin/../lib/gcc/arm-none-eabi/4.8.4/armv7e-m\libgcc.a
LOAD c:/freescale/kds_3.0.0/toolchain/bin/../lib/gcc/arm-none-eabi/4.8.4/../../../../arm-none-eabi/lib/armv7e-m\libg_s.a
LOAD c:/freescale/kds_3.0.0/toolchain/bin/../lib/gcc/arm-none-eabi/4.8.4/../../../../arm-none-eabi/lib/armv7e-m\libc_s.a
END GROUP
START GROUP
LOAD c:/freescale/kds_3.0.0/toolchain/bin/../lib/gcc/arm-none-eabi/4.8.4/armv7e-m\libgcc.a
LOAD c:/freescale/kds_3.0.0/toolchain/bin/../lib/gcc/arm-none-eabi/4.8.4/../../../../arm-none-eabi/lib/armv7e-m\libc_s.a
LOAD c:/freescale/kds_3.0.0/toolchain/bin/../lib/gcc/arm-none-eabi/4.8.4/../../../../arm-none-eabi/lib/armv7e-m\libnosys.a
END GROUP
START GROUP
LOAD c:/freescale/kds_3.0.0/toolchain/bin/../lib/gcc/arm-none-eabi/4.8.4/armv7e-m\libgcc.a
LOAD c:/freescale/kds_3.0.0/toolchain/bin/../lib/gcc/arm-none-eabi/4.8.4/../../../../arm-none-eabi/lib/armv7e-m\libc_s.a
LOAD c:/freescale/kds_3.0.0/toolchain/bin/../lib/gcc/arm-none-eabi/4.8.4/../../../../arm-none-eabi/lib/armv7e-m\libnosys.a
END GROUP
LOAD c:/freescale/kds_3.0.0/toolchain/bin/../lib/gcc/arm-none-eabi/4.8.4/armv7e-m/crtend.o
LOAD c:/freescale/kds_3.0.0/toolchain/bin/../lib/gcc/arm-none-eabi/4.8.4/armv7e-m/crtn.o
                0x20000000                _estack = 0x20000000
                0x20000000                __SP_INIT = _estack
                0x20000000                __stack = _estack
                0x00000000                __heap_size = 0x0
                0x00000400                __stack_size = 0x400

.interrupts     0x00000000       0xf8
                0x00000000                __vector_table = .
                0x00000000                . = ALIGN (0x4)
 *(.vectortable)
 .vectortable   0x00000000       0xf8 ./Generated_Code/Vectors.o
                0x00000000                __vect_table
                0x000000f8                . = ALIGN (0x4)

.cfmprotect     0x00000400       0x10
                0x00000400                . = ALIGN (0x4)
 *(.cfmconfig)
 .cfmconfig     0x00000400       0x10 ./Generated_Code/Cpu.o
                0x00000400                _cfm
                0x00000410                . = ALIGN (0x4)

.text           0x00000410     0x2044
                0x00000410                . = ALIGN (0x4)
 *(.text)
 .text          0x00000410       0x54 c:/freescale/kds_3.0.0/toolchain/bin/../lib/gcc/arm-none-eabi/4.8.4/armv7e-m/crtbegin.o
 .text          0x00000464       0x74 c:/freescale/kds_3.0.0/toolchain/bin/../lib/gcc/arm-none-eabi/4.8.4/../../../../arm-none-eabi/lib/armv7e-m/crt0.o
                0x00000464                _start
                0x00000464                _mainCRTStartup
 *(.text*)
 .text.Cpu_OnNMIINT
                0x000004d8        0xc ./Sources/Events.o
                0x000004d8                Cpu_OnNMIINT
 .text.Inhr1_OnRxChar
                0x000004e4       0x78 ./Sources/Events.o
                0x000004e4                Inhr1_OnRxChar
 .text.window   0x0000055c       0xac ./Sources/main.o
                0x0000055c                window
 .text.commands
                0x00000608       0x44 ./Sources/main.o
                0x00000608                commands
 .text.main     0x0000064c       0x74 ./Sources/main.o
                0x0000064c                main
 .text.__copy_rom_section
                0x000006c0       0xe4 ./Project_Settings/Startup_Code/startup.o
                0x000006c0                __copy_rom_section
 .text.__copy_rom_sections_to_ram
                0x000007a4       0x9c ./Project_Settings/Startup_Code/startup.o
                0x000007a4                __copy_rom_sections_to_ram
 .text.__init_registers
                0x00000840        0xc ./Project_Settings/Startup_Code/startup.o
                0x00000840                __init_registers
 .text.__init_user
                0x0000084c        0xc ./Project_Settings/Startup_Code/startup.o
                0x0000084c                __init_user
 .text.__thumb_startup
                0x00000858       0x34 ./Project_Settings/Startup_Code/startup.o
                0x00000858                __thumb_startup
 .text.ASerialLdd1_Init
                0x0000088c      0x1c0 ./Generated_Code/ASerialLdd1.o
                0x0000088c                ASerialLdd1_Init
 .text.ASerialLdd1_ReceiveBlock
                0x00000a4c       0x90 ./Generated_Code/ASerialLdd1.o
                0x00000a4c                ASerialLdd1_ReceiveBlock
 .text.ASerialLdd1_SendBlock
                0x00000adc       0xbc ./Generated_Code/ASerialLdd1.o
                0x00000adc                ASerialLdd1_SendBlock
 .text.InterruptRx
                0x00000b98       0x58 ./Generated_Code/ASerialLdd1.o
 .text.InterruptTx
                0x00000bf0       0x80 ./Generated_Code/ASerialLdd1.o
 .text.ASerialLdd1_Interrupt
                0x00000c70       0xf4 ./Generated_Code/ASerialLdd1.o
                0x00000c70                ASerialLdd1_Interrupt
 .text.ASerialLdd1_GetError
                0x00000d64       0x70 ./Generated_Code/ASerialLdd1.o
                0x00000d64                ASerialLdd1_GetError
 .text.Cpu_INT_NMIInterrupt
                0x00000dd4       0x1c ./Generated_Code/Cpu.o
                0x00000dd4                Cpu_INT_NMIInterrupt
 .text.Cpu_Interrupt
                0x00000df0       0x18 ./Generated_Code/Cpu.o
                0x00000df0                Cpu_Interrupt
 .text.__init_hardware
                0x00000e08      0x11c ./Generated_Code/Cpu.o
                0x00000e08                __init_hardware
 .text.Cpu_SetBASEPRI
                0x00000f24       0x18 ./Generated_Code/Cpu.o
                0x00000f24                Cpu_SetBASEPRI
 .text.PE_low_level_init
                0x00000f3c       0xac ./Generated_Code/Cpu.o
                0x00000f3c                PE_low_level_init
 .text.HWEnDi   0x00000fe8       0x1c ./Generated_Code/Inhr1.o
 .text.Inhr1_RecvChar
                0x00001004       0xd8 ./Generated_Code/Inhr1.o
                0x00001004                Inhr1_RecvChar
 .text.Inhr1_SendChar
                0x000010dc       0xdc ./Generated_Code/Inhr1.o
                0x000010dc                Inhr1_SendChar
 .text.Inhr1_Init
                0x000011b8       0x60 ./Generated_Code/Inhr1.o
                0x000011b8                Inhr1_Init
 .text.ASerialLdd1_OnBlockReceived
                0x00001218       0x90 ./Generated_Code/Inhr1.o
                0x00001218                ASerialLdd1_OnBlockReceived
 .text.ASerialLdd1_OnBlockSent
                0x000012a8       0x88 ./Generated_Code/Inhr1.o
                0x000012a8                ASerialLdd1_OnBlockSent
 .text.ASerialLdd1_OnError
                0x00001330       0x98 ./Generated_Code/Inhr1.o
                0x00001330                ASerialLdd1_OnError
 .text.ASerialLdd1_OnBreak
                0x000013c8       0x24 ./Generated_Code/Inhr1.o
                0x000013c8                ASerialLdd1_OnBreak
 .text.Term1_SendChar
                0x000013ec       0x20 ./Generated_Code/Term1.o
                0x000013ec                Term1_SendChar
 .text.SendESCPrefix
                0x0000140c       0x24 ./Generated_Code/Term1.o
 .text.Term1_SendStr
                0x00001430       0x34 ./Generated_Code/Term1.o
                0x00001430                Term1_SendStr
 .text.LongToStr
                0x00001464       0xf4 ./Generated_Code/Term1.o
 .text.Term1_SendNum
                0x00001558       0x54 ./Generated_Code/Term1.o
                0x00001558                Term1_SendNum
 .text.Term1_MoveTo
                0x000015ac       0x44 ./Generated_Code/Term1.o
                0x000015ac                Term1_MoveTo
 .text.Term1_SetColor
                0x000015f0       0x64 ./Generated_Code/Term1.o
                0x000015f0                Term1_SetColor
 .text.Term1_EraseLine
                0x00001654       0x18 ./Generated_Code/Term1.o
                0x00001654                Term1_EraseLine
 .text.exit     0x0000166c       0x28 c:/freescale/kds_3.0.0/toolchain/bin/../lib/gcc/arm-none-eabi/4.8.4/../../../../arm-none-eabi/lib/armv7e-m\libg_s.a(lib_a-exit.o)
                0x0000166c                exit
 .text.__libc_init_array
                0x00001694       0x4c c:/freescale/kds_3.0.0/toolchain/bin/../lib/gcc/arm-none-eabi/4.8.4/../../../../arm-none-eabi/lib/armv7e-m\libg_s.a(lib_a-init.o)
                0x00001694                __libc_init_array
 .text.memset   0x000016e0       0x10 c:/freescale/kds_3.0.0/toolchain/bin/../lib/gcc/arm-none-eabi/4.8.4/../../../../arm-none-eabi/lib/armv7e-m\libg_s.a(lib_a-memset.o)
                0x000016e0                memset
 .text.sscanf   0x000016f0       0x54 c:/freescale/kds_3.0.0/toolchain/bin/../lib/gcc/arm-none-eabi/4.8.4/../../../../arm-none-eabi/lib/armv7e-m\libg_s.a(lib_a-sscanf.o)
                0x000016f0                siscanf
                0x000016f0                sscanf
 .text.__seofread
                0x00001744        0x4 c:/freescale/kds_3.0.0/toolchain/bin/../lib/gcc/arm-none-eabi/4.8.4/../../../../arm-none-eabi/lib/armv7e-m\libg_s.a(lib_a-stdio.o)
                0x00001744                __seofread
 .text.strlen   0x00001748       0x10 c:/freescale/kds_3.0.0/toolchain/bin/../lib/gcc/arm-none-eabi/4.8.4/../../../../arm-none-eabi/lib/armv7e-m\libg_s.a(lib_a-strlen.o)
                0x00001748                strlen
 .text._sungetc_r
                0x00001758       0x7a c:/freescale/kds_3.0.0/toolchain/bin/../lib/gcc/arm-none-eabi/4.8.4/../../../../arm-none-eabi/lib/armv7e-m\libg_s.a(lib_a-svfscanf.o)
                0x00001758                _sungetc_r
 .text.__ssrefill_r
                0x000017d2       0x3a c:/freescale/kds_3.0.0/toolchain/bin/../lib/gcc/arm-none-eabi/4.8.4/../../../../arm-none-eabi/lib/armv7e-m\libg_s.a(lib_a-svfscanf.o)
                0x000017d2                __ssrefill_r
 .text.__ssvfscanf_r
                0x0000180c      0x29c c:/freescale/kds_3.0.0/toolchain/bin/../lib/gcc/arm-none-eabi/4.8.4/../../../../arm-none-eabi/lib/armv7e-m\libg_s.a(lib_a-svfscanf.o)
                0x0000180c                __ssvfiscanf_r
                0x0000180c                __ssvfscanf_r
 .text.__submore
                0x00001aa8       0x76 c:/freescale/kds_3.0.0/toolchain/bin/../lib/gcc/arm-none-eabi/4.8.4/../../../../arm-none-eabi/lib/armv7e-m\libg_s.a(lib_a-ungetc.o)
                0x00001aa8                __submore
 *fill*         0x00001b1e        0x2 
 .text._scanf_chars
                0x00001b20       0xc0 c:/freescale/kds_3.0.0/toolchain/bin/../lib/gcc/arm-none-eabi/4.8.4/../../../../arm-none-eabi/lib/armv7e-m\libg_s.a(lib_a-vfscanf_i.o)
                0x00001b20                _scanf_chars
 .text._scanf_i
                0x00001be0      0x1ec c:/freescale/kds_3.0.0/toolchain/bin/../lib/gcc/arm-none-eabi/4.8.4/../../../../arm-none-eabi/lib/armv7e-m\libg_s.a(lib_a-vfscanf_i.o)
                0x00001be0                _scanf_i
 .text.memchr   0x00001dcc       0x1e c:/freescale/kds_3.0.0/toolchain/bin/../lib/gcc/arm-none-eabi/4.8.4/../../../../arm-none-eabi/lib/armv7e-m\libg_s.a(lib_a-memchr-stub.o)
                0x00001dcc                memchr
 .text.memcpy   0x00001dea       0x12 c:/freescale/kds_3.0.0/toolchain/bin/../lib/gcc/arm-none-eabi/4.8.4/../../../../arm-none-eabi/lib/armv7e-m\libg_s.a(lib_a-memcpy-stub.o)
                0x00001dea                memcpy
 .text._free_r  0x00001dfc       0x88 c:/freescale/kds_3.0.0/toolchain/bin/../lib/gcc/arm-none-eabi/4.8.4/../../../../arm-none-eabi/lib/armv7e-m\libg_s.a(lib_a-nano-freer.o)
                0x00001dfc                _free_r
 .text._malloc_r
                0x00001e84       0xa8 c:/freescale/kds_3.0.0/toolchain/bin/../lib/gcc/arm-none-eabi/4.8.4/../../../../arm-none-eabi/lib/armv7e-m\libg_s.a(lib_a-nano-mallocr.o)
                0x00001e84                _malloc_r
 .text._realloc_r
                0x00001f2c       0x4c c:/freescale/kds_3.0.0/toolchain/bin/../lib/gcc/arm-none-eabi/4.8.4/../../../../arm-none-eabi/lib/armv7e-m\libg_s.a(lib_a-nano-reallocr.o)
                0x00001f2c                _realloc_r
 .text._sbrk_r  0x00001f78       0x20 c:/freescale/kds_3.0.0/toolchain/bin/../lib/gcc/arm-none-eabi/4.8.4/../../../../arm-none-eabi/lib/armv7e-m\libg_s.a(lib_a-sbrkr.o)
                0x00001f78                _sbrk_r
 .text.__sccl   0x00001f98       0x64 c:/freescale/kds_3.0.0/toolchain/bin/../lib/gcc/arm-none-eabi/4.8.4/../../../../arm-none-eabi/lib/armv7e-m\libg_s.a(lib_a-sccl.o)
                0x00001f98                __sccl
 .text._strtol_r
                0x00001ffc      0x104 c:/freescale/kds_3.0.0/toolchain/bin/../lib/gcc/arm-none-eabi/4.8.4/../../../../arm-none-eabi/lib/armv7e-m\libg_s.a(lib_a-strtol.o)
                0x00001ffc                _strtol_r
 .text._strtoul_r
                0x00002100       0xf0 c:/freescale/kds_3.0.0/toolchain/bin/../lib/gcc/arm-none-eabi/4.8.4/../../../../arm-none-eabi/lib/armv7e-m\libg_s.a(lib_a-strtoul.o)
                0x00002100                _strtoul_r
 .text._malloc_usable_size_r
                0x000021f0       0x12 c:/freescale/kds_3.0.0/toolchain/bin/../lib/gcc/arm-none-eabi/4.8.4/../../../../arm-none-eabi/lib/armv7e-m\libg_s.a(lib_a-nano-msizer.o)
                0x000021f0                _malloc_usable_size_r
 *fill*         0x00002202        0x2 
 .text._sbrk    0x00002204       0x34 c:/freescale/kds_3.0.0/toolchain/bin/../lib/gcc/arm-none-eabi/4.8.4/../../../../arm-none-eabi/lib/armv7e-m\libnosys.a(sbrk.o)
                0x00002204                _sbrk
 .text._exit    0x00002238        0x4 c:/freescale/kds_3.0.0/toolchain/bin/../lib/gcc/arm-none-eabi/4.8.4/../../../../arm-none-eabi/lib/armv7e-m\libnosys.a(_exit.o)
                0x00002238                _exit
 *(.rodata)
 .rodata        0x0000223c       0x6c ./Sources/main.o
 .rodata        0x000022a8        0xc c:/freescale/kds_3.0.0/toolchain/bin/../lib/gcc/arm-none-eabi/4.8.4/../../../../arm-none-eabi/lib/armv7e-m\libg_s.a(lib_a-vfscanf_i.o)
 *(.rodata*)
 .rodata.str1.1
                0x000022b4        0x2 c:/freescale/kds_3.0.0/toolchain/bin/../lib/gcc/arm-none-eabi/4.8.4/../../../../arm-none-eabi/lib/armv7e-m\libg_s.a(lib_a-impure.o)
 *fill*         0x000022b6        0x2 
 .rodata._global_impure_ptr
                0x000022b8        0x4 c:/freescale/kds_3.0.0/toolchain/bin/../lib/gcc/arm-none-eabi/4.8.4/../../../../arm-none-eabi/lib/armv7e-m\libg_s.a(lib_a-impure.o)
                0x000022b8                _global_impure_ptr
 .rodata.str1.1
                0x000022bc        0x4 c:/freescale/kds_3.0.0/toolchain/bin/../lib/gcc/arm-none-eabi/4.8.4/../../../../arm-none-eabi/lib/armv7e-m\libg_s.a(lib_a-svfscanf.o)
 .rodata.str1.1
                0x000022c0       0x1b c:/freescale/kds_3.0.0/toolchain/bin/../lib/gcc/arm-none-eabi/4.8.4/../../../../arm-none-eabi/lib/armv7e-m\libg_s.a(lib_a-vfscanf_i.o)
 .rodata._ctype_
                0x000022db      0x101 c:/freescale/kds_3.0.0/toolchain/bin/../lib/gcc/arm-none-eabi/4.8.4/../../../../arm-none-eabi/lib/armv7e-m\libg_s.a(lib_a-ctype_.o)
                0x000022db                _ctype_
 .rodata.__sf_fake_stdin
                0x000023dc       0x20 c:/freescale/kds_3.0.0/toolchain/bin/../lib/gcc/arm-none-eabi/4.8.4/../../../../arm-none-eabi/lib/armv7e-m\libg_s.a(lib_a-findfp.o)
                0x000023dc                __sf_fake_stdin
 .rodata.__sf_fake_stdout
                0x000023fc       0x20 c:/freescale/kds_3.0.0/toolchain/bin/../lib/gcc/arm-none-eabi/4.8.4/../../../../arm-none-eabi/lib/armv7e-m\libg_s.a(lib_a-findfp.o)
                0x000023fc                __sf_fake_stdout
 .rodata.__sf_fake_stderr
                0x0000241c       0x20 c:/freescale/kds_3.0.0/toolchain/bin/../lib/gcc/arm-none-eabi/4.8.4/../../../../arm-none-eabi/lib/armv7e-m\libg_s.a(lib_a-findfp.o)
                0x0000241c                __sf_fake_stderr
 *(.glue_7)
 .glue_7        0x00000000        0x0 linker stubs
 *(.glue_7t)
 .glue_7t       0x00000000        0x0 linker stubs
 *(.eh_frame)
 .eh_frame      0x0000243c        0x0 c:/freescale/kds_3.0.0/toolchain/bin/../lib/gcc/arm-none-eabi/4.8.4/armv7e-m/crtbegin.o
 *(.init)
 .init          0x0000243c        0x4 c:/freescale/kds_3.0.0/toolchain/bin/../lib/gcc/arm-none-eabi/4.8.4/armv7e-m/crti.o
                0x0000243c                _init
 .init          0x00002440        0x8 c:/freescale/kds_3.0.0/toolchain/bin/../lib/gcc/arm-none-eabi/4.8.4/armv7e-m/crtn.o
 *(.fini)
 .fini          0x00002448        0x4 c:/freescale/kds_3.0.0/toolchain/bin/../lib/gcc/arm-none-eabi/4.8.4/armv7e-m/crti.o
                0x00002448                _fini
 .fini          0x0000244c        0x8 c:/freescale/kds_3.0.0/toolchain/bin/../lib/gcc/arm-none-eabi/4.8.4/armv7e-m/crtn.o
                0x00002454                . = ALIGN (0x4)
                0x00002454                _etext = .

.vfp11_veneer   0x00002454        0x0
 .vfp11_veneer  0x00000000        0x0 linker stubs

.v4_bx          0x00002454        0x0
 .v4_bx         0x00000000        0x0 linker stubs

.iplt           0x00002454        0x0
 .iplt          0x00000000        0x0 c:/freescale/kds_3.0.0/toolchain/bin/../lib/gcc/arm-none-eabi/4.8.4/armv7e-m/crtbegin.o

.ARM.extab
 *(.ARM.extab* .gnu.linkonce.armextab.*)

.ARM            0x00002454        0x8
                0x00002454                __exidx_start = .
 *(.ARM.exidx*)
 .ARM.exidx     0x00002454        0x8 c:/freescale/kds_3.0.0/toolchain/bin/../lib/gcc/arm-none-eabi/4.8.4/../../../../arm-none-eabi/lib/armv7e-m/crt0.o
                0x0000245c                __exidx_end = .

.rel.dyn        0x0000245c        0x0
 .rel.iplt      0x00000000        0x0 c:/freescale/kds_3.0.0/toolchain/bin/../lib/gcc/arm-none-eabi/4.8.4/armv7e-m/crtbegin.o

.ctors          0x0000245c        0x0
                0x0000245c                __CTOR_LIST__ = .
 *crtbegin.o(.ctors)
 *(EXCLUDE_FILE(*crtend.o) .ctors)
 *(SORT(.ctors.*))
 *(.ctors)
                0x0000245c                __CTOR_END__ = .

.dtors          0x0000245c        0x0
                0x0000245c                __DTOR_LIST__ = .
 *crtbegin.o(.dtors)
 *(EXCLUDE_FILE(*crtend.o) .dtors)
 *(SORT(.dtors.*))
 *(.dtors)
                0x0000245c                __DTOR_END__ = .

.preinit_array  0x0000245c        0x0
                0x0000245c                PROVIDE (__preinit_array_start, .)
 *(.preinit_array*)
                0x0000245c                PROVIDE (__preinit_array_end, .)

.init_array     0x0000245c        0x4
                0x0000245c                PROVIDE (__init_array_start, .)
 *(SORT(.init_array.*))
 *(.init_array*)
 .init_array    0x0000245c        0x4 c:/freescale/kds_3.0.0/toolchain/bin/../lib/gcc/arm-none-eabi/4.8.4/armv7e-m/crtbegin.o
                0x00002460                PROVIDE (__init_array_end, .)

.fini_array     0x00002460        0x4
                0x00002460                PROVIDE (__fini_array_start, .)
 *(SORT(.fini_array.*))
 *(.fini_array*)
 .fini_array    0x00002460        0x4 c:/freescale/kds_3.0.0/toolchain/bin/../lib/gcc/arm-none-eabi/4.8.4/armv7e-m/crtbegin.o
                0x00002464                PROVIDE (__fini_array_end, .)
                0x00002464                ___ROM_AT = .

.data           0x1fffe000       0x68 load address 0x00002464
                0x1fffe000                . = ALIGN (0x4)
                0x1fffe000                _sdata = .
 *(.data)
 *(.data*)
 .data.impure_data
                0x1fffe000       0x60 c:/freescale/kds_3.0.0/toolchain/bin/../lib/gcc/arm-none-eabi/4.8.4/../../../../arm-none-eabi/lib/armv7e-m\libg_s.a(lib_a-impure.o)
 .data._impure_ptr
                0x1fffe060        0x4 c:/freescale/kds_3.0.0/toolchain/bin/../lib/gcc/arm-none-eabi/4.8.4/../../../../arm-none-eabi/lib/armv7e-m\libg_s.a(lib_a-impure.o)
                0x1fffe060                _impure_ptr
 .data.__ctype_ptr__
                0x1fffe064        0x4 c:/freescale/kds_3.0.0/toolchain/bin/../lib/gcc/arm-none-eabi/4.8.4/../../../../arm-none-eabi/lib/armv7e-m\libg_s.a(lib_a-ctype_.o)
                0x1fffe064                __ctype_ptr__
                0x1fffe068                . = ALIGN (0x4)
                0x1fffe068                _edata = .
                0x00000068                ___data_size = (_edata - _sdata)
                0x000024cc                ___m_data_20000000_ROMStart = (___ROM_AT + SIZEOF (.data))

.jcr            0x1fffe068        0x0 load address 0x000024cc
 .jcr           0x1fffe068        0x0 c:/freescale/kds_3.0.0/toolchain/bin/../lib/gcc/arm-none-eabi/4.8.4/armv7e-m/crtbegin.o

.igot.plt       0x1fffe068        0x0 load address 0x000024cc
 .igot.plt      0x00000000        0x0 c:/freescale/kds_3.0.0/toolchain/bin/../lib/gcc/arm-none-eabi/4.8.4/armv7e-m/crtbegin.o

.m_data_20000000
                0x20000000        0x0 load address 0x000024cc
                0x20000000                . = ALIGN (0x4)
                0x20000000                ___m_data_20000000_RAMStart = .
 *(.m_data_20000000)
                0x20000000                ___m_data_20000000_RAMEnd = .
                0x20000000                . = ALIGN (0x4)
                0x00000000                ___m_data_20000000_ROMSize = (___m_data_20000000_RAMEnd - ___m_data_20000000_RAMStart)
                0x20000000                . = ALIGN (0x4)

.bss            0x1fffe068      0x1e0 load address 0x000024cc
                0x1fffe068                __START_BSS = .
                0x1fffe068                PROVIDE (__bss_start__, __START_BSS)
 *(.bss)
 .bss           0x1fffe068       0x1c c:/freescale/kds_3.0.0/toolchain/bin/../lib/gcc/arm-none-eabi/4.8.4/armv7e-m/crtbegin.o
 *(.bss*)
 .bss.index     0x1fffe084        0x4 ./Sources/Events.o
                0x1fffe084                index
 .bss.flag      0x1fffe088        0x1 ./Sources/main.o
                0x1fffe088                flag
 *fill*         0x1fffe089        0x3 
 .bss.DeviceDataPrv__DEFAULT_RTOS_ALLOC
                0x1fffe08c       0x20 ./Generated_Code/ASerialLdd1.o
 .bss.INT_UART0_RX_TX__DEFAULT_RTOS_ISRPARAM
                0x1fffe0ac        0x4 ./Generated_Code/ASerialLdd1.o
 .bss.INT_UART0_ERR__DEFAULT_RTOS_ISRPARAM
                0x1fffe0b0        0x4 ./Generated_Code/ASerialLdd1.o
 .bss.SR_lock   0x1fffe0b4        0x1 ./Generated_Code/Cpu.o
                0x1fffe0b4                SR_lock
 *fill*         0x1fffe0b5        0x1 
 .bss.SerFlag   0x1fffe0b6        0x2 ./Generated_Code/Inhr1.o
 .bss.Inhr1_InpLen
                0x1fffe0b8        0x2 ./Generated_Code/Inhr1.o
 .bss.InpIndexR
                0x1fffe0ba        0x2 ./Generated_Code/Inhr1.o
 .bss.InpIndexW
                0x1fffe0bc        0x2 ./Generated_Code/Inhr1.o
 *fill*         0x1fffe0be        0x2 
 .bss.InpBuffer
                0x1fffe0c0       0x80 ./Generated_Code/Inhr1.o
 .bss.BufferRead
                0x1fffe140        0x1 ./Generated_Code/Inhr1.o
 *fill*         0x1fffe141        0x1 
 .bss.Inhr1_OutLen
                0x1fffe142        0x2 ./Generated_Code/Inhr1.o
 .bss.OutIndexR
                0x1fffe144        0x2 ./Generated_Code/Inhr1.o
 .bss.OutIndexW
                0x1fffe146        0x2 ./Generated_Code/Inhr1.o
 .bss.OutBuffer
                0x1fffe148       0x80 ./Generated_Code/Inhr1.o
 .bss.PE_LDD_DeviceDataList
                0x1fffe1c8        0x4 ./Generated_Code/PE_LDD.o
                0x1fffe1c8                PE_LDD_DeviceDataList
 .bss.__malloc_sbrk_start
                0x1fffe1cc        0x4 c:/freescale/kds_3.0.0/toolchain/bin/../lib/gcc/arm-none-eabi/4.8.4/../../../../arm-none-eabi/lib/armv7e-m\libg_s.a(lib_a-nano-mallocr.o)
                0x1fffe1cc                __malloc_sbrk_start
 .bss.__malloc_free_list
                0x1fffe1d0        0x4 c:/freescale/kds_3.0.0/toolchain/bin/../lib/gcc/arm-none-eabi/4.8.4/../../../../arm-none-eabi/lib/armv7e-m\libg_s.a(lib_a-nano-mallocr.o)
                0x1fffe1d0                __malloc_free_list
 .bss.heap_end.4246
                0x1fffe1d4        0x4 c:/freescale/kds_3.0.0/toolchain/bin/../lib/gcc/arm-none-eabi/4.8.4/../../../../arm-none-eabi/lib/armv7e-m\libnosys.a(sbrk.o)
 *(COMMON)
 COMMON         0x1fffe1d8       0x64 ./Sources/main.o
                0x1fffe1d8                buffer
 COMMON         0x1fffe23c        0x1 ./Generated_Code/Cpu.o
                0x1fffe23c                SR_reg
 *fill*         0x1fffe23d        0x3 
 COMMON         0x1fffe240        0x4 ./Generated_Code/Inhr1.o
                0x1fffe240                ASerialLdd1_DeviceDataPtr
 COMMON         0x1fffe244        0x4 c:/freescale/kds_3.0.0/toolchain/bin/../lib/gcc/arm-none-eabi/4.8.4/../../../../arm-none-eabi/lib/armv7e-m\libg_s.a(lib_a-reent.o)
                0x1fffe244                errno
                0x1fffe248                . = ALIGN (0x4)
                0x1fffe248                __END_BSS = .
                0x1fffe248                PROVIDE (__bss_end__, __END_BSS)
                0x000024cc                _romp_at = ((___ROM_AT + SIZEOF (.data)) + SIZEOF (.m_data_20000000))

.romp           0x1fffe248       0x24 load address 0x000024cc
                0x000024cc                __S_romp = _romp_at
                0x1fffe248        0x4 LONG 0x2464 ___ROM_AT
                0x1fffe24c        0x4 LONG 0x1fffe000 _sdata
                0x1fffe250        0x4 LONG 0x68 ___data_size
                0x1fffe254        0x4 LONG 0x24cc ___m_data_20000000_ROMStart
                0x1fffe258        0x4 LONG 0x20000000 ___m_data_20000000_RAMStart
                0x1fffe25c        0x4 LONG 0x0 ___m_data_20000000_ROMSize
                0x1fffe260        0x4 LONG 0x0
                0x1fffe264        0x4 LONG 0x0
                0x1fffe268        0x4 LONG 0x0

._user_heap_stack
                0x1fffe26c      0x400 load address 0x000024f0
                0x1fffe26c                . = ALIGN (0x4)
                0x1fffe26c                PROVIDE (end, .)
                0x1fffe26c                PROVIDE (_end, .)
                0x1fffe26c                __heap_addr = .
                0x1fffe26c                __HeapBase = .
                0x1fffe26c                . = (. + __heap_size)
                0x1fffe26c                __HeapLimit = .
                0x1fffe66c                . = (. + __stack_size)
 *fill*         0x1fffe26c      0x400 
                0x1fffe66c                . = ALIGN (0x4)

.ARM.attributes
                0x00000000       0x2a
 *(.ARM.attributes)
 .ARM.attributes
                0x00000000       0x1e c:/freescale/kds_3.0.0/toolchain/bin/../lib/gcc/arm-none-eabi/4.8.4/armv7e-m/crti.o
 .ARM.attributes
                0x0000001e       0x2e c:/freescale/kds_3.0.0/toolchain/bin/../lib/gcc/arm-none-eabi/4.8.4/armv7e-m/crtbegin.o
 .ARM.attributes
                0x0000004c       0x1c c:/freescale/kds_3.0.0/toolchain/bin/../lib/gcc/arm-none-eabi/4.8.4/../../../../arm-none-eabi/lib/armv7e-m/crt0.o
 .ARM.attributes
                0x00000068       0x33 ./Sources/Events.o
 .ARM.attributes
                0x0000009b       0x33 ./Sources/main.o
 .ARM.attributes
                0x000000ce       0x33 ./Project_Settings/Startup_Code/startup.o
 .ARM.attributes
                0x00000101       0x33 ./Generated_Code/ASerialLdd1.o
 .ARM.attributes
                0x00000134       0x33 ./Generated_Code/Cpu.o
 .ARM.attributes
                0x00000167       0x33 ./Generated_Code/Inhr1.o
 .ARM.attributes
                0x0000019a       0x33 ./Generated_Code/PE_LDD.o
 .ARM.attributes
                0x000001cd       0x33 ./Generated_Code/Term1.o
 .ARM.attributes
                0x00000200       0x33 ./Generated_Code/Vectors.o
 .ARM.attributes
                0x00000233       0x2e c:/freescale/kds_3.0.0/toolchain/bin/../lib/gcc/arm-none-eabi/4.8.4/../../../../arm-none-eabi/lib/armv7e-m\libg_s.a(lib_a-exit.o)
 .ARM.attributes
                0x00000261       0x2e c:/freescale/kds_3.0.0/toolchain/bin/../lib/gcc/arm-none-eabi/4.8.4/../../../../arm-none-eabi/lib/armv7e-m\libg_s.a(lib_a-impure.o)
 .ARM.attributes
                0x0000028f       0x2e c:/freescale/kds_3.0.0/toolchain/bin/../lib/gcc/arm-none-eabi/4.8.4/../../../../arm-none-eabi/lib/armv7e-m\libg_s.a(lib_a-init.o)
 .ARM.attributes
                0x000002bd       0x2e c:/freescale/kds_3.0.0/toolchain/bin/../lib/gcc/arm-none-eabi/4.8.4/../../../../arm-none-eabi/lib/armv7e-m\libg_s.a(lib_a-memset.o)
 .ARM.attributes
                0x000002eb       0x2e c:/freescale/kds_3.0.0/toolchain/bin/../lib/gcc/arm-none-eabi/4.8.4/../../../../arm-none-eabi/lib/armv7e-m\libg_s.a(lib_a-sscanf.o)
 .ARM.attributes
                0x00000319       0x2e c:/freescale/kds_3.0.0/toolchain/bin/../lib/gcc/arm-none-eabi/4.8.4/../../../../arm-none-eabi/lib/armv7e-m\libg_s.a(lib_a-stdio.o)
 .ARM.attributes
                0x00000347       0x2e c:/freescale/kds_3.0.0/toolchain/bin/../lib/gcc/arm-none-eabi/4.8.4/../../../../arm-none-eabi/lib/armv7e-m\libg_s.a(lib_a-strlen.o)
 .ARM.attributes
                0x00000375       0x2e c:/freescale/kds_3.0.0/toolchain/bin/../lib/gcc/arm-none-eabi/4.8.4/../../../../arm-none-eabi/lib/armv7e-m\libg_s.a(lib_a-svfscanf.o)
 .ARM.attributes
                0x000003a3       0x2e c:/freescale/kds_3.0.0/toolchain/bin/../lib/gcc/arm-none-eabi/4.8.4/../../../../arm-none-eabi/lib/armv7e-m\libg_s.a(lib_a-ungetc.o)
 .ARM.attributes
                0x000003d1       0x2e c:/freescale/kds_3.0.0/toolchain/bin/../lib/gcc/arm-none-eabi/4.8.4/../../../../arm-none-eabi/lib/armv7e-m\libg_s.a(lib_a-vfscanf_i.o)
 .ARM.attributes
                0x000003ff       0x2e c:/freescale/kds_3.0.0/toolchain/bin/../lib/gcc/arm-none-eabi/4.8.4/../../../../arm-none-eabi/lib/armv7e-m\libg_s.a(lib_a-ctype_.o)
 .ARM.attributes
                0x0000042d       0x2e c:/freescale/kds_3.0.0/toolchain/bin/../lib/gcc/arm-none-eabi/4.8.4/../../../../arm-none-eabi/lib/armv7e-m\libg_s.a(lib_a-findfp.o)
 .ARM.attributes
                0x0000045b       0x2e c:/freescale/kds_3.0.0/toolchain/bin/../lib/gcc/arm-none-eabi/4.8.4/../../../../arm-none-eabi/lib/armv7e-m\libg_s.a(lib_a-memchr-stub.o)
 .ARM.attributes
                0x00000489       0x2e c:/freescale/kds_3.0.0/toolchain/bin/../lib/gcc/arm-none-eabi/4.8.4/../../../../arm-none-eabi/lib/armv7e-m\libg_s.a(lib_a-memcpy-stub.o)
 .ARM.attributes
                0x000004b7       0x2e c:/freescale/kds_3.0.0/toolchain/bin/../lib/gcc/arm-none-eabi/4.8.4/../../../../arm-none-eabi/lib/armv7e-m\libg_s.a(lib_a-nano-freer.o)
 .ARM.attributes
                0x000004e5       0x2e c:/freescale/kds_3.0.0/toolchain/bin/../lib/gcc/arm-none-eabi/4.8.4/../../../../arm-none-eabi/lib/armv7e-m\libg_s.a(lib_a-nano-mallocr.o)
 .ARM.attributes
                0x00000513       0x2e c:/freescale/kds_3.0.0/toolchain/bin/../lib/gcc/arm-none-eabi/4.8.4/../../../../arm-none-eabi/lib/armv7e-m\libg_s.a(lib_a-nano-reallocr.o)
 .ARM.attributes
                0x00000541       0x2e c:/freescale/kds_3.0.0/toolchain/bin/../lib/gcc/arm-none-eabi/4.8.4/../../../../arm-none-eabi/lib/armv7e-m\libg_s.a(lib_a-reent.o)
 .ARM.attributes
                0x0000056f       0x2e c:/freescale/kds_3.0.0/toolchain/bin/../lib/gcc/arm-none-eabi/4.8.4/../../../../arm-none-eabi/lib/armv7e-m\libg_s.a(lib_a-sbrkr.o)
 .ARM.attributes
                0x0000059d       0x2e c:/freescale/kds_3.0.0/toolchain/bin/../lib/gcc/arm-none-eabi/4.8.4/../../../../arm-none-eabi/lib/armv7e-m\libg_s.a(lib_a-sccl.o)
 .ARM.attributes
                0x000005cb       0x2e c:/freescale/kds_3.0.0/toolchain/bin/../lib/gcc/arm-none-eabi/4.8.4/../../../../arm-none-eabi/lib/armv7e-m\libg_s.a(lib_a-strtol.o)
 .ARM.attributes
                0x000005f9       0x2e c:/freescale/kds_3.0.0/toolchain/bin/../lib/gcc/arm-none-eabi/4.8.4/../../../../arm-none-eabi/lib/armv7e-m\libg_s.a(lib_a-strtoul.o)
 .ARM.attributes
                0x00000627       0x2e c:/freescale/kds_3.0.0/toolchain/bin/../lib/gcc/arm-none-eabi/4.8.4/../../../../arm-none-eabi/lib/armv7e-m\libg_s.a(lib_a-nano-msizer.o)
 .ARM.attributes
                0x00000655       0x2e c:/freescale/kds_3.0.0/toolchain/bin/../lib/gcc/arm-none-eabi/4.8.4/../../../../arm-none-eabi/lib/armv7e-m\libnosys.a(sbrk.o)
 .ARM.attributes
                0x00000683       0x2e c:/freescale/kds_3.0.0/toolchain/bin/../lib/gcc/arm-none-eabi/4.8.4/../../../../arm-none-eabi/lib/armv7e-m\libnosys.a(_exit.o)
 .ARM.attributes
                0x000006b1       0x1e c:/freescale/kds_3.0.0/toolchain/bin/../lib/gcc/arm-none-eabi/4.8.4/armv7e-m/crtn.o
OUTPUT(A2.elf elf32-littlearm)

.debug_info     0x00000000     0x2350
 .debug_info    0x00000000      0x109 ./Sources/Events.o
 .debug_info    0x00000109      0x191 ./Sources/main.o
 .debug_info    0x0000029a      0x20a ./Project_Settings/Startup_Code/startup.o
 .debug_info    0x000004a4      0xab5 ./Generated_Code/ASerialLdd1.o
 .debug_info    0x00000f59      0x9e9 ./Generated_Code/Cpu.o
 .debug_info    0x00001942      0x367 ./Generated_Code/Inhr1.o
 .debug_info    0x00001ca9      0x251 ./Generated_Code/PE_LDD.o
 .debug_info    0x00001efa      0x348 ./Generated_Code/Term1.o
 .debug_info    0x00002242      0x10e ./Generated_Code/Vectors.o

.debug_abbrev   0x00000000      0xa9c
 .debug_abbrev  0x00000000       0xb6 ./Sources/Events.o
 .debug_abbrev  0x000000b6       0xd3 ./Sources/main.o
 .debug_abbrev  0x00000189      0x11e ./Project_Settings/Startup_Code/startup.o
 .debug_abbrev  0x000002a7      0x1db ./Generated_Code/ASerialLdd1.o
 .debug_abbrev  0x00000482      0x178 ./Generated_Code/Cpu.o
 .debug_abbrev  0x000005fa      0x18f ./Generated_Code/Inhr1.o
 .debug_abbrev  0x00000789      0x10d ./Generated_Code/PE_LDD.o
 .debug_abbrev  0x00000896      0x162 ./Generated_Code/Term1.o
 .debug_abbrev  0x000009f8       0xa4 ./Generated_Code/Vectors.o

.debug_aranges  0x00000000      0x260
 .debug_aranges
                0x00000000       0x28 ./Sources/Events.o
 .debug_aranges
                0x00000028       0x30 ./Sources/main.o
 .debug_aranges
                0x00000058       0x50 ./Project_Settings/Startup_Code/startup.o
 .debug_aranges
                0x000000a8       0x50 ./Generated_Code/ASerialLdd1.o
 .debug_aranges
                0x000000f8       0x40 ./Generated_Code/Cpu.o
 .debug_aranges
                0x00000138       0x60 ./Generated_Code/Inhr1.o
 .debug_aranges
                0x00000198       0x30 ./Generated_Code/PE_LDD.o
 .debug_aranges
                0x000001c8       0x80 ./Generated_Code/Term1.o
 .debug_aranges
                0x00000248       0x18 ./Generated_Code/Vectors.o

.debug_ranges   0x00000000      0x1c8
 .debug_ranges  0x00000000       0x18 ./Sources/Events.o
 .debug_ranges  0x00000018       0x20 ./Sources/main.o
 .debug_ranges  0x00000038       0x40 ./Project_Settings/Startup_Code/startup.o
 .debug_ranges  0x00000078       0x40 ./Generated_Code/ASerialLdd1.o
 .debug_ranges  0x000000b8       0x30 ./Generated_Code/Cpu.o
 .debug_ranges  0x000000e8       0x50 ./Generated_Code/Inhr1.o
 .debug_ranges  0x00000138       0x20 ./Generated_Code/PE_LDD.o
 .debug_ranges  0x00000158       0x70 ./Generated_Code/Term1.o

.debug_macro    0x00000000    0x185c6
 .debug_macro   0x00000000       0xce ./Sources/Events.o
 .debug_macro   0x000000ce      0x84a ./Sources/Events.o
 .debug_macro   0x00000918       0x16 ./Sources/Events.o
 .debug_macro   0x0000092e       0x44 ./Sources/Events.o
 .debug_macro   0x00000972      0x209 ./Sources/Events.o
 .debug_macro   0x00000b7b     0x165d ./Sources/Events.o
 .debug_macro   0x000021d8      0x14e ./Sources/Events.o
 .debug_macro   0x00002326       0x6a ./Sources/Events.o
 .debug_macro   0x00002390     0x9b9f ./Sources/Events.o
 .debug_macro   0x0000bf2f       0x94 ./Sources/Events.o
 .debug_macro   0x0000bfc3       0x34 ./Sources/Events.o
 .debug_macro   0x0000bff7       0x65 ./Sources/Events.o
 .debug_macro   0x0000c05c       0x20 ./Sources/Events.o
 .debug_macro   0x0000c07c      0x1cf ./Sources/main.o
 .debug_macro   0x0000c24b       0x58 ./Sources/main.o
 .debug_macro   0x0000c2a3       0x35 ./Sources/main.o
 .debug_macro   0x0000c2d8       0xa3 ./Sources/main.o
 .debug_macro   0x0000c37b       0x16 ./Sources/main.o
 .debug_macro   0x0000c391       0x97 ./Sources/main.o
 .debug_macro   0x0000c428       0x10 ./Sources/main.o
 .debug_macro   0x0000c438       0xef ./Sources/main.o
 .debug_macro   0x0000c527       0x52 ./Sources/main.o
 .debug_macro   0x0000c579       0x16 ./Sources/main.o
 .debug_macro   0x0000c58f       0x43 ./Sources/main.o
 .debug_macro   0x0000c5d2      0x180 ./Sources/main.o
 .debug_macro   0x0000c752       0x10 ./Sources/main.o
 .debug_macro   0x0000c762       0x22 ./Sources/main.o
 .debug_macro   0x0000c784       0xbd ./Sources/main.o
 .debug_macro   0x0000c841       0x16 ./Sources/main.o
 .debug_macro   0x0000c857      0x14a ./Sources/main.o
 .debug_macro   0x0000c9a1       0x22 ./Sources/main.o
 .debug_macro   0x0000c9c3      0x2a6 ./Sources/main.o
 .debug_macro   0x0000cc69       0x10 ./Sources/main.o
 .debug_macro   0x0000cc79       0x35 ./Sources/main.o
 .debug_macro   0x0000ccae      0x121 ./Project_Settings/Startup_Code/startup.o
 .debug_macro   0x0000cdcf      0x166 ./Project_Settings/Startup_Code/startup.o
 .debug_macro   0x0000cf35       0x4a ./Project_Settings/Startup_Code/startup.o
 .debug_macro   0x0000cf7f       0x16 ./Project_Settings/Startup_Code/startup.o
 .debug_macro   0x0000cf95       0x22 ./Project_Settings/Startup_Code/startup.o
 .debug_macro   0x0000cfb7       0x10 ./Project_Settings/Startup_Code/startup.o
 .debug_macro   0x0000cfc7      0x20f ./Project_Settings/Startup_Code/startup.o
 .debug_macro   0x0000d1d6     0x9b93 ./Project_Settings/Startup_Code/startup.o
 .debug_macro   0x00016d69       0xc5 ./Generated_Code/ASerialLdd1.o
 .debug_macro   0x00016e2e       0x5f ./Generated_Code/ASerialLdd1.o
 .debug_macro   0x00016e8d       0x26 ./Generated_Code/ASerialLdd1.o
 .debug_macro   0x00016eb3       0x94 ./Generated_Code/ASerialLdd1.o
 .debug_macro   0x00016f47      0x7ab ./Generated_Code/ASerialLdd1.o
 .debug_macro   0x000176f2      0x9b1 ./Generated_Code/ASerialLdd1.o
 .debug_macro   0x000180a3       0xcf ./Generated_Code/Cpu.o
 .debug_macro   0x00018172       0x9a ./Generated_Code/Cpu.o
 .debug_macro   0x0001820c      0x152 ./Generated_Code/Inhr1.o
 .debug_macro   0x0001835e       0xb0 ./Generated_Code/PE_LDD.o
 .debug_macro   0x0001840e       0xb2 ./Generated_Code/Term1.o
 .debug_macro   0x000184c0       0xcc ./Generated_Code/Vectors.o
 .debug_macro   0x0001858c       0x3a ./Generated_Code/Vectors.o

.debug_line     0x00000000     0x1fa3
 .debug_line    0x00000000      0x295 ./Sources/Events.o
 .debug_line    0x00000295      0x42c ./Sources/main.o
 .debug_line    0x000006c1      0x3e6 ./Project_Settings/Startup_Code/startup.o
 .debug_line    0x00000aa7      0x39f ./Generated_Code/ASerialLdd1.o
 .debug_line    0x00000e46      0x38f ./Generated_Code/Cpu.o
 .debug_line    0x000011d5      0x452 ./Generated_Code/Inhr1.o
 .debug_line    0x00001627      0x272 ./Generated_Code/PE_LDD.o
 .debug_line    0x00001899      0x3fd ./Generated_Code/Term1.o
 .debug_line    0x00001c96      0x30d ./Generated_Code/Vectors.o

.debug_str      0x00000000    0x5134d
 .debug_str     0x00000000    0x3ee96 ./Sources/Events.o
                              0x3efe0 (size before relaxing)
 .debug_str     0x0003ee96     0x2eab ./Sources/main.o
                              0x41ee2 (size before relaxing)
 .debug_str     0x00041d41      0x1aa ./Project_Settings/Startup_Code/startup.o
                              0x3a1dc (size before relaxing)
 .debug_str     0x00041eeb     0xed12 ./Generated_Code/ASerialLdd1.o
                              0x4dc6f (size before relaxing)
 .debug_str     0x00050bfd      0x240 ./Generated_Code/Cpu.o
                              0x3f377 (size before relaxing)
 .debug_str     0x00050e3d      0x268 ./Generated_Code/Inhr1.o
                              0x3f2a6 (size before relaxing)
 .debug_str     0x000510a5      0x17e ./Generated_Code/PE_LDD.o
                              0x3f16f (size before relaxing)
 .debug_str     0x00051223      0x10e ./Generated_Code/Term1.o
                              0x3f0e9 (size before relaxing)
 .debug_str     0x00051331       0x1c ./Generated_Code/Vectors.o
                              0x3f002 (size before relaxing)

.comment        0x00000000       0x70
 .comment       0x00000000       0x70 ./Sources/Events.o
                                 0x71 (size before relaxing)
 .comment       0x00000000       0x71 ./Sources/main.o
 .comment       0x00000000       0x71 ./Project_Settings/Startup_Code/startup.o
 .comment       0x00000000       0x71 ./Generated_Code/ASerialLdd1.o
 .comment       0x00000000       0x71 ./Generated_Code/Cpu.o
 .comment       0x00000000       0x71 ./Generated_Code/Inhr1.o
 .comment       0x00000000       0x71 ./Generated_Code/PE_LDD.o
 .comment       0x00000000       0x71 ./Generated_Code/Term1.o
 .comment       0x00000000       0x71 ./Generated_Code/Vectors.o

.debug_frame    0x00000000      0xc5c
 .debug_frame   0x00000000       0x48 ./Sources/Events.o
 .debug_frame   0x00000048       0x6c ./Sources/main.o
 .debug_frame   0x000000b4       0xc0 ./Project_Settings/Startup_Code/startup.o
 .debug_frame   0x00000174       0xec ./Generated_Code/ASerialLdd1.o
 .debug_frame   0x00000260       0xa4 ./Generated_Code/Cpu.o
 .debug_frame   0x00000304      0x118 ./Generated_Code/Inhr1.o
 .debug_frame   0x0000041c       0x64 ./Generated_Code/PE_LDD.o
 .debug_frame   0x00000480      0x198 ./Generated_Code/Term1.o
 .debug_frame   0x00000618       0x28 c:/freescale/kds_3.0.0/toolchain/bin/../lib/gcc/arm-none-eabi/4.8.4/../../../../arm-none-eabi/lib/armv7e-m\libg_s.a(lib_a-exit.o)
 .debug_frame   0x00000640       0x2c c:/freescale/kds_3.0.0/toolchain/bin/../lib/gcc/arm-none-eabi/4.8.4/../../../../arm-none-eabi/lib/armv7e-m\libg_s.a(lib_a-init.o)
 .debug_frame   0x0000066c       0x20 c:/freescale/kds_3.0.0/toolchain/bin/../lib/gcc/arm-none-eabi/4.8.4/../../../../arm-none-eabi/lib/armv7e-m\libg_s.a(lib_a-memset.o)
 .debug_frame   0x0000068c       0x60 c:/freescale/kds_3.0.0/toolchain/bin/../lib/gcc/arm-none-eabi/4.8.4/../../../../arm-none-eabi/lib/armv7e-m\libg_s.a(lib_a-sscanf.o)
 .debug_frame   0x000006ec       0x80 c:/freescale/kds_3.0.0/toolchain/bin/../lib/gcc/arm-none-eabi/4.8.4/../../../../arm-none-eabi/lib/armv7e-m\libg_s.a(lib_a-stdio.o)
 .debug_frame   0x0000076c       0x20 c:/freescale/kds_3.0.0/toolchain/bin/../lib/gcc/arm-none-eabi/4.8.4/../../../../arm-none-eabi/lib/armv7e-m\libg_s.a(lib_a-strlen.o)
 .debug_frame   0x0000078c       0x6c c:/freescale/kds_3.0.0/toolchain/bin/../lib/gcc/arm-none-eabi/4.8.4/../../../../arm-none-eabi/lib/armv7e-m\libg_s.a(lib_a-svfscanf.o)
 .debug_frame   0x000007f8       0x5c c:/freescale/kds_3.0.0/toolchain/bin/../lib/gcc/arm-none-eabi/4.8.4/../../../../arm-none-eabi/lib/armv7e-m\libg_s.a(lib_a-ungetc.o)
 .debug_frame   0x00000854       0x58 c:/freescale/kds_3.0.0/toolchain/bin/../lib/gcc/arm-none-eabi/4.8.4/../../../../arm-none-eabi/lib/armv7e-m\libg_s.a(lib_a-vfscanf_i.o)
 .debug_frame   0x000008ac      0x12c c:/freescale/kds_3.0.0/toolchain/bin/../lib/gcc/arm-none-eabi/4.8.4/../../../../arm-none-eabi/lib/armv7e-m\libg_s.a(lib_a-findfp.o)
 .debug_frame   0x000009d8       0x28 c:/freescale/kds_3.0.0/toolchain/bin/../lib/gcc/arm-none-eabi/4.8.4/../../../../arm-none-eabi/lib/armv7e-m\libg_s.a(lib_a-memchr-stub.o)
 .debug_frame   0x00000a00       0x28 c:/freescale/kds_3.0.0/toolchain/bin/../lib/gcc/arm-none-eabi/4.8.4/../../../../arm-none-eabi/lib/armv7e-m\libg_s.a(lib_a-memcpy-stub.o)
 .debug_frame   0x00000a28       0x2c c:/freescale/kds_3.0.0/toolchain/bin/../lib/gcc/arm-none-eabi/4.8.4/../../../../arm-none-eabi/lib/armv7e-m\libg_s.a(lib_a-nano-freer.o)
 .debug_frame   0x00000a54       0x2c c:/freescale/kds_3.0.0/toolchain/bin/../lib/gcc/arm-none-eabi/4.8.4/../../../../arm-none-eabi/lib/armv7e-m\libg_s.a(lib_a-nano-mallocr.o)
 .debug_frame   0x00000a80       0x30 c:/freescale/kds_3.0.0/toolchain/bin/../lib/gcc/arm-none-eabi/4.8.4/../../../../arm-none-eabi/lib/armv7e-m\libg_s.a(lib_a-nano-reallocr.o)
 .debug_frame   0x00000ab0       0x48 c:/freescale/kds_3.0.0/toolchain/bin/../lib/gcc/arm-none-eabi/4.8.4/../../../../arm-none-eabi/lib/armv7e-m\libg_s.a(lib_a-reent.o)
 .debug_frame   0x00000af8       0x2c c:/freescale/kds_3.0.0/toolchain/bin/../lib/gcc/arm-none-eabi/4.8.4/../../../../arm-none-eabi/lib/armv7e-m\libg_s.a(lib_a-sbrkr.o)
 .debug_frame   0x00000b24       0x30 c:/freescale/kds_3.0.0/toolchain/bin/../lib/gcc/arm-none-eabi/4.8.4/../../../../arm-none-eabi/lib/armv7e-m\libg_s.a(lib_a-sccl.o)
 .debug_frame   0x00000b54       0x54 c:/freescale/kds_3.0.0/toolchain/bin/../lib/gcc/arm-none-eabi/4.8.4/../../../../arm-none-eabi/lib/armv7e-m\libg_s.a(lib_a-strtol.o)
 .debug_frame   0x00000ba8       0x54 c:/freescale/kds_3.0.0/toolchain/bin/../lib/gcc/arm-none-eabi/4.8.4/../../../../arm-none-eabi/lib/armv7e-m\libg_s.a(lib_a-strtoul.o)
 .debug_frame   0x00000bfc       0x20 c:/freescale/kds_3.0.0/toolchain/bin/../lib/gcc/arm-none-eabi/4.8.4/../../../../arm-none-eabi/lib/armv7e-m\libg_s.a(lib_a-nano-msizer.o)
 .debug_frame   0x00000c1c       0x20 c:/freescale/kds_3.0.0/toolchain/bin/../lib/gcc/arm-none-eabi/4.8.4/../../../../arm-none-eabi/lib/armv7e-m\libnosys.a(sbrk.o)
 .debug_frame   0x00000c3c       0x20 c:/freescale/kds_3.0.0/toolchain/bin/../lib/gcc/arm-none-eabi/4.8.4/../../../../arm-none-eabi/lib/armv7e-m\libnosys.a(_exit.o)

.stabstr        0x00000000       0xdf
 .stabstr       0x00000000       0xdf c:/freescale/kds_3.0.0/toolchain/bin/../lib/gcc/arm-none-eabi/4.8.4/../../../../arm-none-eabi/lib/armv7e-m\libnosys.a(close.o)
