Archive member included because of file (symbol)

c:/freescale/kds_3.0.0/toolchain/bin/../lib/gcc/arm-none-eabi/4.8.4/armv7e-m\libgcc.a(_arm_addsubsf3.o)
                              ./Generated_Code/PwmLdd1.o (__aeabi_i2f)
c:/freescale/kds_3.0.0/toolchain/bin/../lib/gcc/arm-none-eabi/4.8.4/armv7e-m\libgcc.a(_arm_muldivsf3.o)
                              ./Generated_Code/PwmLdd1.o (__aeabi_fmul)
c:/freescale/kds_3.0.0/toolchain/bin/../lib/gcc/arm-none-eabi/4.8.4/armv7e-m\libgcc.a(_arm_cmpsf2.o)
                              ./Generated_Code/PwmLdd1.o (__aeabi_fcmpgt)
c:/freescale/kds_3.0.0/toolchain/bin/../lib/gcc/arm-none-eabi/4.8.4/armv7e-m\libgcc.a(_arm_fixunssfsi.o)
                              ./Generated_Code/PwmLdd1.o (__aeabi_f2uiz)
c:/freescale/kds_3.0.0/toolchain/bin/../lib/gcc/arm-none-eabi/4.8.4/../../../../arm-none-eabi/lib/armv7e-m\libg_s.a(lib_a-exit.o)
                              c:/freescale/kds_3.0.0/toolchain/bin/../lib/gcc/arm-none-eabi/4.8.4/../../../../arm-none-eabi/lib/armv7e-m/crt0.o (exit)
c:/freescale/kds_3.0.0/toolchain/bin/../lib/gcc/arm-none-eabi/4.8.4/../../../../arm-none-eabi/lib/armv7e-m\libg_s.a(lib_a-impure.o)
                              c:/freescale/kds_3.0.0/toolchain/bin/../lib/gcc/arm-none-eabi/4.8.4/../../../../arm-none-eabi/lib/armv7e-m\libg_s.a(lib_a-exit.o) (_global_impure_ptr)
c:/freescale/kds_3.0.0/toolchain/bin/../lib/gcc/arm-none-eabi/4.8.4/../../../../arm-none-eabi/lib/armv7e-m\libg_s.a(lib_a-init.o)
                              c:/freescale/kds_3.0.0/toolchain/bin/../lib/gcc/arm-none-eabi/4.8.4/../../../../arm-none-eabi/lib/armv7e-m/crt0.o (__libc_init_array)
c:/freescale/kds_3.0.0/toolchain/bin/../lib/gcc/arm-none-eabi/4.8.4/../../../../arm-none-eabi/lib/armv7e-m\libg_s.a(lib_a-memset.o)
                              c:/freescale/kds_3.0.0/toolchain/bin/../lib/gcc/arm-none-eabi/4.8.4/../../../../arm-none-eabi/lib/armv7e-m/crt0.o (memset)
c:/freescale/kds_3.0.0/toolchain/bin/../lib/gcc/arm-none-eabi/4.8.4/../../../../arm-none-eabi/lib/armv7e-m\libg_s.a(lib_a-sscanf.o)
                              ./Sources/main.o (sscanf)
c:/freescale/kds_3.0.0/toolchain/bin/../lib/gcc/arm-none-eabi/4.8.4/../../../../arm-none-eabi/lib/armv7e-m\libg_s.a(lib_a-stdio.o)
                              c:/freescale/kds_3.0.0/toolchain/bin/../lib/gcc/arm-none-eabi/4.8.4/../../../../arm-none-eabi/lib/armv7e-m\libg_s.a(lib_a-sscanf.o) (__seofread)
c:/freescale/kds_3.0.0/toolchain/bin/../lib/gcc/arm-none-eabi/4.8.4/../../../../arm-none-eabi/lib/armv7e-m\libg_s.a(lib_a-strlen.o)
                              c:/freescale/kds_3.0.0/toolchain/bin/../lib/gcc/arm-none-eabi/4.8.4/../../../../arm-none-eabi/lib/armv7e-m\libg_s.a(lib_a-sscanf.o) (strlen)
c:/freescale/kds_3.0.0/toolchain/bin/../lib/gcc/arm-none-eabi/4.8.4/../../../../arm-none-eabi/lib/armv7e-m\libg_s.a(lib_a-svfscanf.o)
                              c:/freescale/kds_3.0.0/toolchain/bin/../lib/gcc/arm-none-eabi/4.8.4/../../../../arm-none-eabi/lib/armv7e-m\libg_s.a(lib_a-sscanf.o) (__ssvfscanf_r)
c:/freescale/kds_3.0.0/toolchain/bin/../lib/gcc/arm-none-eabi/4.8.4/../../../../arm-none-eabi/lib/armv7e-m\libg_s.a(lib_a-ungetc.o)
                              c:/freescale/kds_3.0.0/toolchain/bin/../lib/gcc/arm-none-eabi/4.8.4/../../../../arm-none-eabi/lib/armv7e-m\libg_s.a(lib_a-svfscanf.o) (__submore)
c:/freescale/kds_3.0.0/toolchain/bin/../lib/gcc/arm-none-eabi/4.8.4/../../../../arm-none-eabi/lib/armv7e-m\libg_s.a(lib_a-vfscanf_i.o)
                              c:/freescale/kds_3.0.0/toolchain/bin/../lib/gcc/arm-none-eabi/4.8.4/../../../../arm-none-eabi/lib/armv7e-m\libg_s.a(lib_a-svfscanf.o) (_scanf_chars)
c:/freescale/kds_3.0.0/toolchain/bin/../lib/gcc/arm-none-eabi/4.8.4/../../../../arm-none-eabi/lib/armv7e-m\libg_s.a(lib_a-writer.o)
                              c:/freescale/kds_3.0.0/toolchain/bin/../lib/gcc/arm-none-eabi/4.8.4/../../../../arm-none-eabi/lib/armv7e-m\libg_s.a(lib_a-stdio.o) (_write_r)
c:/freescale/kds_3.0.0/toolchain/bin/../lib/gcc/arm-none-eabi/4.8.4/../../../../arm-none-eabi/lib/armv7e-m\libg_s.a(lib_a-closer.o)
                              c:/freescale/kds_3.0.0/toolchain/bin/../lib/gcc/arm-none-eabi/4.8.4/../../../../arm-none-eabi/lib/armv7e-m\libg_s.a(lib_a-stdio.o) (_close_r)
c:/freescale/kds_3.0.0/toolchain/bin/../lib/gcc/arm-none-eabi/4.8.4/../../../../arm-none-eabi/lib/armv7e-m\libg_s.a(lib_a-ctype_.o)
                              c:/freescale/kds_3.0.0/toolchain/bin/../lib/gcc/arm-none-eabi/4.8.4/../../../../arm-none-eabi/lib/armv7e-m\libg_s.a(lib_a-svfscanf.o) (__ctype_ptr__)
c:/freescale/kds_3.0.0/toolchain/bin/../lib/gcc/arm-none-eabi/4.8.4/../../../../arm-none-eabi/lib/armv7e-m\libg_s.a(lib_a-fflush.o)
                              c:/freescale/kds_3.0.0/toolchain/bin/../lib/gcc/arm-none-eabi/4.8.4/../../../../arm-none-eabi/lib/armv7e-m\libg_s.a(lib_a-ungetc.o) (_fflush_r)
[...]
Memory Configuration

Name             Origin             Length             Attributes
m_interrupts     0x00000000         0x000000f8         xr
m_text           0x00000410         0x0001fbf0         xr
m_data           0x1fffe000         0x00002000         rw
m_data_20000000  0x20000000         0x00002000         rw
m_cfmprotrom     0x00000400         0x00000010         xr
*default*        0x00000000         0xffffffff

Linker script and memory map

LOAD c:/freescale/kds_3.0.0/toolchain/bin/../lib/gcc/arm-none-eabi/4.8.4/armv7e-m/crti.o
LOAD c:/freescale/kds_3.0.0/toolchain/bin/../lib/gcc/arm-none-eabi/4.8.4/armv7e-m/crtbegin.o
LOAD c:/freescale/kds_3.0.0/toolchain/bin/../lib/gcc/arm-none-eabi/4.8.4/../../../../arm-none-eabi/lib/armv7e-m/crt0.o
LOAD ./Sources/Events.o
LOAD ./Sources/OurMethods.o
LOAD ./Sources/main.o
LOAD ./Project_Settings/Startup_Code/startup.o
LOAD ./Generated_Code/AD1.o
LOAD ./Generated_Code/ASerialLdd1.o
LOAD ./Generated_Code/AdcLdd1.o
LOAD ./Generated_Code/BitIoLdd1.o
LOAD ./Generated_Code/BitIoLdd2.o
LOAD ./Generated_Code/BitIoLdd3.o
LOAD ./Generated_Code/Cpu.o
LOAD ./Generated_Code/Inhr1.o
LOAD ./Generated_Code/PE_LDD.o
LOAD ./Generated_Code/PwmLdd1.o
LOAD ./Generated_Code/TU1.o
LOAD ./Generated_Code/Term1.o
LOAD ./Generated_Code/Vectors.o
LOAD ./Generated_Code/leftSwitch.o
LOAD ./Generated_Code/magnet.o
LOAD ./Generated_Code/rightSwitch.o
LOAD ./Generated_Code/stringThingy.o
LOAD c:/freescale/kds_3.0.0/toolchain/bin/../lib/gcc/arm-none-eabi/4.8.4/../../../../arm-none-eabi/lib/armv7e-m\libstdc++_s.a
LOAD c:/freescale/kds_3.0.0/toolchain/bin/../lib/gcc/arm-none-eabi/4.8.4/../../../../arm-none-eabi/lib/armv7e-m\libm.a
START GROUP
LOAD c:/freescale/kds_3.0.0/toolchain/bin/../lib/gcc/arm-none-eabi/4.8.4/armv7e-m\libgcc.a
LOAD c:/freescale/kds_3.0.0/toolchain/bin/../lib/gcc/arm-none-eabi/4.8.4/../../../../arm-none-eabi/lib/armv7e-m\libg_s.a
LOAD c:/freescale/kds_3.0.0/toolchain/bin/../lib/gcc/arm-none-eabi/4.8.4/../../../../arm-none-eabi/lib/armv7e-m\libc_s.a
END GROUP
START GROUP
LOAD c:/freescale/kds_3.0.0/toolchain/bin/../lib/gcc/arm-none-eabi/4.8.4/armv7e-m\libgcc.a
LOAD c:/freescale/kds_3.0.0/toolchain/bin/../lib/gcc/arm-none-eabi/4.8.4/../../../../arm-none-eabi/lib/armv7e-m\libc_s.a
LOAD c:/freescale/kds_3.0.0/toolchain/bin/../lib/gcc/arm-none-eabi/4.8.4/../../../../arm-none-eabi/lib/armv7e-m\libnosys.a
END GROUP
START GROUP
LOAD c:/freescale/kds_3.0.0/toolchain/bin/../lib/gcc/arm-none-eabi/4.8.4/armv7e-m\libgcc.a
LOAD c:/freescale/kds_3.0.0/toolchain/bin/../lib/gcc/arm-none-eabi/4.8.4/../../../../arm-none-eabi/lib/armv7e-m\libc_s.a
LOAD c:/freescale/kds_3.0.0/toolchain/bin/../lib/gcc/arm-none-eabi/4.8.4/../../../../arm-none-eabi/lib/armv7e-m\libnosys.a
END GROUP
LOAD c:/freescale/kds_3.0.0/toolchain/bin/../lib/gcc/arm-none-eabi/4.8.4/armv7e-m/crtend.o
LOAD c:/freescale/kds_3.0.0/toolchain/bin/../lib/gcc/arm-none-eabi/4.8.4/armv7e-m/crtn.o
                0x20000000                _estack = 0x20000000
                0x20000000                __SP_INIT = _estack
                0x20000000                __stack = _estack
                0x00000000                __heap_size = 0x0
                0x00000400                __stack_size = 0x400

.interrupts     0x00000000       0xf8
                0x00000000                __vector_table = .
                0x00000000                . = ALIGN (0x4)
 *(.vectortable)
 .vectortable   0x00000000       0xf8 ./Generated_Code/Vectors.o
                0x00000000                __vect_table
                0x000000f8                . = ALIGN (0x4)

.cfmprotect     0x00000400       0x10
                0x00000400                . = ALIGN (0x4)
 *(.cfmconfig)
 .cfmconfig     0x00000400       0x10 ./Generated_Code/Cpu.o
                0x00000400                _cfm
                0x00000410                . = ALIGN (0x4)

.text           0x00000410     0x281c
                0x00000410                . = ALIGN (0x4)
 *(.text)
 .text          0x00000410       0x54 c:/freescale/kds_3.0.0/toolchain/bin/../lib/gcc/arm-none-eabi/4.8.4/armv7e-m/crtbegin.o
 .text          0x00000464       0x74 c:/freescale/kds_3.0.0/toolchain/bin/../lib/gcc/arm-none-eabi/4.8.4/../../../../arm-none-eabi/lib/armv7e-m/crt0.o
                0x00000464                _start
                0x00000464                _mainCRTStartup
 *(.text*)
 .text.Cpu_OnNMIINT
                0x000004d8        0xc ./Sources/Events.o
                0x000004d8                Cpu_OnNMIINT
 .text.Inhr1_OnRxChar
                0x000004e4       0x78 ./Sources/Events.o
                0x000004e4                Inhr1_OnRxChar
 .text.AD1_OnEnd
                0x0000055c        0xc ./Sources/Events.o
                0x0000055c                AD1_OnEnd
 .text.AD1_OnCalibrationEnd
                0x00000568        0xc ./Sources/Events.o
                0x00000568                AD1_OnCalibrationEnd
 .text.commandWindow
                0x00000574       0x88 ./Sources/OurMethods.o
                0x00000574                commandWindow
 .text.inputWindow
                0x000005fc       0x88 ./Sources/OurMethods.o
                0x000005fc                inputWindow
 .text.userInput
                0x00000684       0x34 ./Sources/OurMethods.o
                0x00000684                userInput
 .text.instructions
                0x000006b8       0x44 ./Sources/OurMethods.o
                0x000006b8                instructions
 .text.main     0x000006fc       0xc4 ./Sources/main.o
                0x000006fc                main
 .text.__copy_rom_section
                0x000007c0       0xe4 ./Project_Settings/Startup_Code/startup.o
                0x000007c0                __copy_rom_section
 .text.__copy_rom_sections_to_ram
                0x000008a4       0x9c ./Project_Settings/Startup_Code/startup.o
                0x000008a4                __copy_rom_sections_to_ram
 .text.__init_registers
                0x00000940        0xc ./Project_Settings/Startup_Code/startup.o
                0x00000940                __init_registers
 .text.__init_user
                0x0000094c        0xc ./Project_Settings/Startup_Code/startup.o
                0x0000094c                __init_user
 .text.__thumb_startup
                0x00000958       0x34 ./Project_Settings/Startup_Code/startup.o
                0x00000958                __thumb_startup
 .text.AdcLdd1_OnMeasurementComplete
                0x0000098c       0xb0 ./Generated_Code/AD1.o
                0x0000098c                AdcLdd1_OnMeasurementComplete
 .text.AD1_Init
                0x00000a3c       0x2c ./Generated_Code/AD1.o
                0x00000a3c                AD1_Init
 .text.ASerialLdd1_Init
                0x00000a68      0x1c0 ./Generated_Code/ASerialLdd1.o
                0x00000a68                ASerialLdd1_Init
 .text.ASerialLdd1_ReceiveBlock
                0x00000c28       0x90 ./Generated_Code/ASerialLdd1.o
                0x00000c28                ASerialLdd1_ReceiveBlock
 .text.ASerialLdd1_SendBlock
                0x00000cb8       0xbc ./Generated_Code/ASerialLdd1.o
                0x00000cb8                ASerialLdd1_SendBlock
 .text.InterruptRx
                0x00000d74       0x58 ./Generated_Code/ASerialLdd1.o
 .text.InterruptTx
                0x00000dcc       0x80 ./Generated_Code/ASerialLdd1.o
 .text.ASerialLdd1_Interrupt
                0x00000e4c       0xf4 ./Generated_Code/ASerialLdd1.o
                0x00000e4c                ASerialLdd1_Interrupt
 .text.ASerialLdd1_GetError
                0x00000f40       0x70 ./Generated_Code/ASerialLdd1.o
                0x00000f40                ASerialLdd1_GetError
 .text.AdcLdd1_Init
                0x00000fb0       0xfc ./Generated_Code/AdcLdd1.o
                0x00000fb0                AdcLdd1_Init
 .text.AdcLdd1_StartSingleMeasurement
                0x000010ac       0x4c ./Generated_Code/AdcLdd1.o
                0x000010ac                AdcLdd1_StartSingleMeasurement
 .text.AdcLdd1_CreateSampleGroup
                0x000010f8       0x6c ./Generated_Code/AdcLdd1.o
                0x000010f8                AdcLdd1_CreateSampleGroup
 .text.AdcLdd1_GetMeasuredValues
                0x00001164       0x4c ./Generated_Code/AdcLdd1.o
                0x00001164                AdcLdd1_GetMeasuredValues
 .text.AdcLdd1_GetCalibrationResultStatus
                0x000011b0       0xbc ./Generated_Code/AdcLdd1.o
                0x000011b0                AdcLdd1_GetCalibrationResultStatus
 .text.AdcLdd1_MeasurementCompleteInterrupt
                0x0000126c       0x3c ./Generated_Code/AdcLdd1.o
                0x0000126c                AdcLdd1_MeasurementCompleteInterrupt
 .text.BitIoLdd1_Init
                0x000012a8       0x58 ./Generated_Code/BitIoLdd1.o
                0x000012a8                BitIoLdd1_Init
 .text.BitIoLdd2_Init
                0x00001300       0x58 ./Generated_Code/BitIoLdd2.o
                0x00001300                BitIoLdd2_Init
 .text.BitIoLdd3_Init
                0x00001358       0x64 ./Generated_Code/BitIoLdd3.o
                0x00001358                BitIoLdd3_Init
 .text.Cpu_INT_NMIInterrupt
                0x000013bc       0x1c ./Generated_Code/Cpu.o
                0x000013bc                Cpu_INT_NMIInterrupt
 .text.Cpu_Interrupt
                0x000013d8       0x18 ./Generated_Code/Cpu.o
                0x000013d8                Cpu_Interrupt
 .text.__init_hardware
                0x000013f0      0x11c ./Generated_Code/Cpu.o
                0x000013f0                __init_hardware
 .text.Cpu_SetBASEPRI
                0x0000150c       0x18 ./Generated_Code/Cpu.o
                0x0000150c                Cpu_SetBASEPRI
 .text.PE_low_level_init
                0x00001524       0xc8 ./Generated_Code/Cpu.o
                0x00001524                PE_low_level_init
 .text.HWEnDi   0x000015ec       0x1c ./Generated_Code/Inhr1.o
 .text.Inhr1_RecvChar
                0x00001608       0xd8 ./Generated_Code/Inhr1.o
                0x00001608                Inhr1_RecvChar
 .text.Inhr1_SendChar
                0x000016e0       0xdc ./Generated_Code/Inhr1.o
                0x000016e0                Inhr1_SendChar
 .text.Inhr1_Init
                0x000017bc       0x60 ./Generated_Code/Inhr1.o
                0x000017bc                Inhr1_Init
 .text.ASerialLdd1_OnBlockReceived
                0x0000181c       0x90 ./Generated_Code/Inhr1.o
                0x0000181c                ASerialLdd1_OnBlockReceived
 .text.ASerialLdd1_OnBlockSent
                0x000018ac       0x88 ./Generated_Code/Inhr1.o
                0x000018ac                ASerialLdd1_OnBlockSent
 .text.ASerialLdd1_OnError
                0x00001934       0x98 ./Generated_Code/Inhr1.o
                0x00001934                ASerialLdd1_OnError
 .text.ASerialLdd1_OnBreak
                0x000019cc       0x24 ./Generated_Code/Inhr1.o
                0x000019cc                ASerialLdd1_OnBreak
 .text.PwmLdd1_Init
                0x000019f0       0x54 ./Generated_Code/PwmLdd1.o
                0x000019f0                PwmLdd1_Init
 .text.TU1_Init
                0x00001a44       0xdc ./Generated_Code/TU1.o
                0x00001a44                TU1_Init
 .text.Term1_SendChar
                0x00001b20       0x20 ./Generated_Code/Term1.o
                0x00001b20                Term1_SendChar
 .text.SendESCPrefix
                0x00001b40       0x24 ./Generated_Code/Term1.o
 .text.Term1_SendStr
                0x00001b64       0x34 ./Generated_Code/Term1.o
                0x00001b64                Term1_SendStr
 .text.LongToStr
                0x00001b98       0xf4 ./Generated_Code/Term1.o
 .text.Term1_SendNum
                0x00001c8c       0x54 ./Generated_Code/Term1.o
                0x00001c8c                Term1_SendNum
 .text.Term1_MoveTo
                0x00001ce0       0x44 ./Generated_Code/Term1.o
                0x00001ce0                Term1_MoveTo
 .text.Term1_SetColor
                0x00001d24       0x64 ./Generated_Code/Term1.o
                0x00001d24                Term1_SetColor
 .text.Term1_EraseLine
                0x00001d88       0x18 ./Generated_Code/Term1.o
                0x00001d88                Term1_EraseLine
 .text.exit     0x00001da0       0x28 c:/freescale/kds_3.0.0/toolchain/bin/../lib/gcc/arm-none-eabi/4.8.4/../../../../arm-none-eabi/lib/armv7e-m\libg_s.a(lib_a-exit.o)
                0x00001da0                exit
 .text.__libc_init_array
                0x00001dc8       0x4c c:/freescale/kds_3.0.0/toolchain/bin/../lib/gcc/arm-none-eabi/4.8.4/../../../../arm-none-eabi/lib/armv7e-m\libg_s.a(lib_a-init.o)
                0x00001dc8                __libc_init_array
 .text.memset   0x00001e14       0x10 c:/freescale/kds_3.0.0/toolchain/bin/../lib/gcc/arm-none-eabi/4.8.4/../../../../arm-none-eabi/lib/armv7e-m\libg_s.a(lib_a-memset.o)
                0x00001e14                memset
 .text.sscanf   0x00001e24       0x54 c:/freescale/kds_3.0.0/toolchain/bin/../lib/gcc/arm-none-eabi/4.8.4/../../../../arm-none-eabi/lib/armv7e-m\libg_s.a(lib_a-sscanf.o)
                0x00001e24                siscanf
                0x00001e24                sscanf
 .text.__seofread
                0x00001e78        0x4 c:/freescale/kds_3.0.0/toolchain/bin/../lib/gcc/arm-none-eabi/4.8.4/../../../../arm-none-eabi/lib/armv7e-m\libg_s.a(lib_a-stdio.o)
                0x00001e78                __seofread
 .text.strlen   0x00001e7c       0x10 c:/freescale/kds_3.0.0/toolchain/bin/../lib/gcc/arm-none-eabi/4.8.4/../../../../arm-none-eabi/lib/armv7e-m\libg_s.a(lib_a-strlen.o)
                0x00001e7c                strlen
 .text._sungetc_r
                0x00001e8c       0x7a c:/freescale/kds_3.0.0/toolchain/bin/../lib/gcc/arm-none-eabi/4.8.4/../../../../arm-none-eabi/lib/armv7e-m\libg_s.a(lib_a-svfscanf.o)
                0x00001e8c                _sungetc_r
 .text.__ssrefill_r
                0x00001f06       0x3a c:/freescale/kds_3.0.0/toolchain/bin/../lib/gcc/arm-none-eabi/4.8.4/../../../../arm-none-eabi/lib/armv7e-m\libg_s.a(lib_a-svfscanf.o)
                0x00001f06                __ssrefill_r
 .text.__ssvfscanf_r
                0x00001f40      0x29c c:/freescale/kds_3.0.0/toolchain/bin/../lib/gcc/arm-none-eabi/4.8.4/../../../../arm-none-eabi/lib/armv7e-m\libg_s.a(lib_a-svfscanf.o)
                0x00001f40                __ssvfiscanf_r
                0x00001f40                __ssvfscanf_r
 .text.__submore
                0x000021dc       0x76 c:/freescale/kds_3.0.0/toolchain/bin/../lib/gcc/arm-none-eabi/4.8.4/../../../../arm-none-eabi/lib/armv7e-m\libg_s.a(lib_a-ungetc.o)
                0x000021dc                __submore
 *fill*         0x00002252        0x2 
 .text._scanf_chars
                0x00002254       0xc0 c:/freescale/kds_3.0.0/toolchain/bin/../lib/gcc/arm-none-eabi/4.8.4/../../../../arm-none-eabi/lib/armv7e-m\libg_s.a(lib_a-vfscanf_i.o)
                0x00002254                _scanf_chars
 .text._scanf_i
                0x00002314      0x1ec c:/freescale/kds_3.0.0/toolchain/bin/../lib/gcc/arm-none-eabi/4.8.4/../../../../arm-none-eabi/lib/armv7e-m\libg_s.a(lib_a-vfscanf_i.o)
                0x00002314                _scanf_i
 .text.memchr   0x00002500       0x1e c:/freescale/kds_3.0.0/toolchain/bin/../lib/gcc/arm-none-eabi/4.8.4/../../../../arm-none-eabi/lib/armv7e-m\libg_s.a(lib_a-memchr-stub.o)
                0x00002500                memchr
 .text.memcpy   0x0000251e       0x12 c:/freescale/kds_3.0.0/toolchain/bin/../lib/gcc/arm-none-eabi/4.8.4/../../../../arm-none-eabi/lib/armv7e-m\libg_s.a(lib_a-memcpy-stub.o)
                0x0000251e                memcpy
 .text._free_r  0x00002530       0x88 c:/freescale/kds_3.0.0/toolchain/bin/../lib/gcc/arm-none-eabi/4.8.4/../../../../arm-none-eabi/lib/armv7e-m\libg_s.a(lib_a-nano-freer.o)
                0x00002530                _free_r
 .text._malloc_r
                0x000025b8       0xa8 c:/freescale/kds_3.0.0/toolchain/bin/../lib/gcc/arm-none-eabi/4.8.4/../../../../arm-none-eabi/lib/armv7e-m\libg_s.a(lib_a-nano-mallocr.o)
                0x000025b8                _malloc_r
 .text._realloc_r
                0x00002660       0x4c c:/freescale/kds_3.0.0/toolchain/bin/../lib/gcc/arm-none-eabi/4.8.4/../../../../arm-none-eabi/lib/armv7e-m\libg_s.a(lib_a-nano-reallocr.o)
                0x00002660                _realloc_r
 .text._sbrk_r  0x000026ac       0x20 c:/freescale/kds_3.0.0/toolchain/bin/../lib/gcc/arm-none-eabi/4.8.4/../../../../arm-none-eabi/lib/armv7e-m\libg_s.a(lib_a-sbrkr.o)
                0x000026ac                _sbrk_r
 .text.__sccl   0x000026cc       0x64 c:/freescale/kds_3.0.0/toolchain/bin/../lib/gcc/arm-none-eabi/4.8.4/../../../../arm-none-eabi/lib/armv7e-m\libg_s.a(lib_a-sccl.o)
                0x000026cc                __sccl
 .text._strtol_r
                0x00002730      0x104 c:/freescale/kds_3.0.0/toolchain/bin/../lib/gcc/arm-none-eabi/4.8.4/../../../../arm-none-eabi/lib/armv7e-m\libg_s.a(lib_a-strtol.o)
                0x00002730                _strtol_r
 .text._strtoul_r
                0x00002834       0xf0 c:/freescale/kds_3.0.0/toolchain/bin/../lib/gcc/arm-none-eabi/4.8.4/../../../../arm-none-eabi/lib/armv7e-m\libg_s.a(lib_a-strtoul.o)
                0x00002834                _strtoul_r
 .text._malloc_usable_size_r
                0x00002924       0x12 c:/freescale/kds_3.0.0/toolchain/bin/../lib/gcc/arm-none-eabi/4.8.4/../../../../arm-none-eabi/lib/armv7e-m\libg_s.a(lib_a-nano-msizer.o)
                0x00002924                _malloc_usable_size_r
 *fill*         0x00002936        0x2 
 .text._sbrk    0x00002938       0x34 c:/freescale/kds_3.0.0/toolchain/bin/../lib/gcc/arm-none-eabi/4.8.4/../../../../arm-none-eabi/lib/armv7e-m\libnosys.a(sbrk.o)
                0x00002938                _sbrk
 .text._exit    0x0000296c        0x4 c:/freescale/kds_3.0.0/toolchain/bin/../lib/gcc/arm-none-eabi/4.8.4/../../../../arm-none-eabi/lib/armv7e-m\libnosys.a(_exit.o)
                0x0000296c                _exit
 *(.rodata)
 .rodata        0x00002970       0xdc ./Sources/OurMethods.o
 .rodata        0x00002a4c       0x30 ./Sources/main.o
 .rodata        0x00002a7c        0xc c:/freescale/kds_3.0.0/toolchain/bin/../lib/gcc/arm-none-eabi/4.8.4/../../../../arm-none-eabi/lib/armv7e-m\libg_s.a(lib_a-vfscanf_i.o)
 *(.rodata*)
 .rodata.ChannelToPin
                0x00002a88        0x4 ./Generated_Code/AdcLdd1.o
 .rodata.str1.1
                0x00002a8c        0x2 c:/freescale/kds_3.0.0/toolchain/bin/../lib/gcc/arm-none-eabi/4.8.4/../../../../arm-none-eabi/lib/armv7e-m\libg_s.a(lib_a-impure.o)
 *fill*         0x00002a8e        0x2 
 .rodata._global_impure_ptr
                0x00002a90        0x4 c:/freescale/kds_3.0.0/toolchain/bin/../lib/gcc/arm-none-eabi/4.8.4/../../../../arm-none-eabi/lib/armv7e-m\libg_s.a(lib_a-impure.o)
                0x00002a90                _global_impure_ptr
 .rodata.str1.1
                0x00002a94        0x4 c:/freescale/kds_3.0.0/toolchain/bin/../lib/gcc/arm-none-eabi/4.8.4/../../../../arm-none-eabi/lib/armv7e-m\libg_s.a(lib_a-svfscanf.o)
 .rodata.str1.1
                0x00002a98       0x1b c:/freescale/kds_3.0.0/toolchain/bin/../lib/gcc/arm-none-eabi/4.8.4/../../../../arm-none-eabi/lib/armv7e-m\libg_s.a(lib_a-vfscanf_i.o)
 .rodata._ctype_
                0x00002ab3      0x101 c:/freescale/kds_3.0.0/toolchain/bin/../lib/gcc/arm-none-eabi/4.8.4/../../../../arm-none-eabi/lib/armv7e-m\libg_s.a(lib_a-ctype_.o)
                0x00002ab3                _ctype_
 .rodata.__sf_fake_stdin
                0x00002bb4       0x20 c:/freescale/kds_3.0.0/toolchain/bin/../lib/gcc/arm-none-eabi/4.8.4/../../../../arm-none-eabi/lib/armv7e-m\libg_s.a(lib_a-findfp.o)
                0x00002bb4                __sf_fake_stdin
 .rodata.__sf_fake_stdout
                0x00002bd4       0x20 c:/freescale/kds_3.0.0/toolchain/bin/../lib/gcc/arm-none-eabi/4.8.4/../../../../arm-none-eabi/lib/armv7e-m\libg_s.a(lib_a-findfp.o)
                0x00002bd4                __sf_fake_stdout
 .rodata.__sf_fake_stderr
                0x00002bf4       0x20 c:/freescale/kds_3.0.0/toolchain/bin/../lib/gcc/arm-none-eabi/4.8.4/../../../../arm-none-eabi/lib/armv7e-m\libg_s.a(lib_a-findfp.o)
                0x00002bf4                __sf_fake_stderr
 *(.glue_7)
 .glue_7        0x00000000        0x0 linker stubs
 *(.glue_7t)
 .glue_7t       0x00000000        0x0 linker stubs
 *(.eh_frame)
 .eh_frame      0x00002c14        0x0 c:/freescale/kds_3.0.0/toolchain/bin/../lib/gcc/arm-none-eabi/4.8.4/armv7e-m/crtbegin.o
 *(.init)
 .init          0x00002c14        0x4 c:/freescale/kds_3.0.0/toolchain/bin/../lib/gcc/arm-none-eabi/4.8.4/armv7e-m/crti.o
                0x00002c14                _init
 .init          0x00002c18        0x8 c:/freescale/kds_3.0.0/toolchain/bin/../lib/gcc/arm-none-eabi/4.8.4/armv7e-m/crtn.o
 *(.fini)
 .fini          0x00002c20        0x4 c:/freescale/kds_3.0.0/toolchain/bin/../lib/gcc/arm-none-eabi/4.8.4/armv7e-m/crti.o
                0x00002c20                _fini
 .fini          0x00002c24        0x8 c:/freescale/kds_3.0.0/toolchain/bin/../lib/gcc/arm-none-eabi/4.8.4/armv7e-m/crtn.o
                0x00002c2c                . = ALIGN (0x4)
                0x00002c2c                _etext = .

.vfp11_veneer   0x00002c2c        0x0
 .vfp11_veneer  0x00000000        0x0 linker stubs

.v4_bx          0x00002c2c        0x0
 .v4_bx         0x00000000        0x0 linker stubs

.iplt           0x00002c2c        0x0
 .iplt          0x00000000        0x0 c:/freescale/kds_3.0.0/toolchain/bin/../lib/gcc/arm-none-eabi/4.8.4/armv7e-m/crtbegin.o

.ARM.extab
 *(.ARM.extab* .gnu.linkonce.armextab.*)

.ARM            0x00002c2c        0x8
                0x00002c2c                __exidx_start = .
 *(.ARM.exidx*)
 .ARM.exidx     0x00002c2c        0x8 c:/freescale/kds_3.0.0/toolchain/bin/../lib/gcc/arm-none-eabi/4.8.4/../../../../arm-none-eabi/lib/armv7e-m/crt0.o
                0x00002c34                __exidx_end = .

.rel.dyn        0x00002c34        0x0
 .rel.iplt      0x00000000        0x0 c:/freescale/kds_3.0.0/toolchain/bin/../lib/gcc/arm-none-eabi/4.8.4/armv7e-m/crtbegin.o

.ctors          0x00002c34        0x0
                0x00002c34                __CTOR_LIST__ = .
 *crtbegin.o(.ctors)
 *(EXCLUDE_FILE(*crtend.o) .ctors)
 *(SORT(.ctors.*))
 *(.ctors)
                0x00002c34                __CTOR_END__ = .

.dtors          0x00002c34        0x0
                0x00002c34                __DTOR_LIST__ = .
 *crtbegin.o(.dtors)
 *(EXCLUDE_FILE(*crtend.o) .dtors)
 *(SORT(.dtors.*))
 *(.dtors)
                0x00002c34                __DTOR_END__ = .

.preinit_array  0x00002c34        0x0
                0x00002c34                PROVIDE (__preinit_array_start, .)
 *(.preinit_array*)
                0x00002c34                PROVIDE (__preinit_array_end, .)

.init_array     0x00002c34        0x4
                0x00002c34                PROVIDE (__init_array_start, .)
 *(SORT(.init_array.*))
 *(.init_array*)
 .init_array    0x00002c34        0x4 c:/freescale/kds_3.0.0/toolchain/bin/../lib/gcc/arm-none-eabi/4.8.4/armv7e-m/crtbegin.o
                0x00002c38                PROVIDE (__init_array_end, .)

.fini_array     0x00002c38        0x4
                0x00002c38                PROVIDE (__fini_array_start, .)
 *(SORT(.fini_array.*))
 *(.fini_array*)
 .fini_array    0x00002c38        0x4 c:/freescale/kds_3.0.0/toolchain/bin/../lib/gcc/arm-none-eabi/4.8.4/armv7e-m/crtbegin.o
                0x00002c3c                PROVIDE (__fini_array_end, .)
                0x00002c3c                ___ROM_AT = .

.data           0x1fffe000       0x68 load address 0x00002c3c
                0x1fffe000                . = ALIGN (0x4)
                0x1fffe000                _sdata = .
 *(.data)
 *(.data*)
 .data.impure_data
                0x1fffe000       0x60 c:/freescale/kds_3.0.0/toolchain/bin/../lib/gcc/arm-none-eabi/4.8.4/../../../../arm-none-eabi/lib/armv7e-m\libg_s.a(lib_a-impure.o)
 .data._impure_ptr
                0x1fffe060        0x4 c:/freescale/kds_3.0.0/toolchain/bin/../lib/gcc/arm-none-eabi/4.8.4/../../../../arm-none-eabi/lib/armv7e-m\libg_s.a(lib_a-impure.o)
                0x1fffe060                _impure_ptr
 .data.__ctype_ptr__
                0x1fffe064        0x4 c:/freescale/kds_3.0.0/toolchain/bin/../lib/gcc/arm-none-eabi/4.8.4/../../../../arm-none-eabi/lib/armv7e-m\libg_s.a(lib_a-ctype_.o)
                0x1fffe064                __ctype_ptr__
                0x1fffe068                . = ALIGN (0x4)
                0x1fffe068                _edata = .
                0x00000068                ___data_size = (_edata - _sdata)
                0x00002ca4                ___m_data_20000000_ROMStart = (___ROM_AT + SIZEOF (.data))

.jcr            0x1fffe068        0x0 load address 0x00002ca4
 .jcr           0x1fffe068        0x0 c:/freescale/kds_3.0.0/toolchain/bin/../lib/gcc/arm-none-eabi/4.8.4/armv7e-m/crtbegin.o

.igot.plt       0x1fffe068        0x0 load address 0x00002ca4
 .igot.plt      0x00000000        0x0 c:/freescale/kds_3.0.0/toolchain/bin/../lib/gcc/arm-none-eabi/4.8.4/armv7e-m/crtbegin.o

.m_data_20000000
                0x20000000        0x0 load address 0x00002ca4
                0x20000000                . = ALIGN (0x4)
                0x20000000                ___m_data_20000000_RAMStart = .
 *(.m_data_20000000)
                0x20000000                ___m_data_20000000_RAMEnd = .
                0x20000000                . = ALIGN (0x4)
                0x00000000                ___m_data_20000000_ROMSize = (___m_data_20000000_RAMEnd - ___m_data_20000000_RAMStart)
                0x20000000                . = ALIGN (0x4)

.bss            0x1fffe068      0x238 load address 0x00002ca4
                0x1fffe068                __START_BSS = .
                0x1fffe068                PROVIDE (__bss_start__, __START_BSS)
 *(.bss)
 .bss           0x1fffe068       0x1c c:/freescale/kds_3.0.0/toolchain/bin/../lib/gcc/arm-none-eabi/4.8.4/armv7e-m/crtbegin.o
 *(.bss*)
 .bss.index     0x1fffe084        0x4 ./Sources/Events.o
                0x1fffe084                index
 .bss.flag      0x1fffe088        0x1 ./Sources/main.o
                0x1fffe088                flag
 .bss.SumChan   0x1fffe089        0x1 ./Generated_Code/AD1.o
 .bss.ModeFlg   0x1fffe08a        0x1 ./Generated_Code/AD1.o
 *fill*         0x1fffe08b        0x1 
 .bss.SampleGroup
                0x1fffe08c        0x4 ./Generated_Code/AD1.o
 .bss.OutFlg    0x1fffe090        0x1 ./Generated_Code/AD1.o
 *fill*         0x1fffe091        0x3 
 .bss.DeviceDataPrv__DEFAULT_RTOS_ALLOC
                0x1fffe094       0x20 ./Generated_Code/ASerialLdd1.o
 .bss.INT_UART0_RX_TX__DEFAULT_RTOS_ISRPARAM
                0x1fffe0b4        0x4 ./Generated_Code/ASerialLdd1.o
 .bss.INT_UART0_ERR__DEFAULT_RTOS_ISRPARAM
                0x1fffe0b8        0x4 ./Generated_Code/ASerialLdd1.o
 .bss.DeviceDataPrv__DEFAULT_RTOS_ALLOC
                0x1fffe0bc        0x8 ./Generated_Code/AdcLdd1.o
 .bss.INT_ADC0__DEFAULT_RTOS_ISRPARAM
                0x1fffe0c4        0x4 ./Generated_Code/AdcLdd1.o
 .bss.DeviceDataPrv__DEFAULT_RTOS_ALLOC
                0x1fffe0c8        0x4 ./Generated_Code/BitIoLdd1.o
 .bss.DeviceDataPrv__DEFAULT_RTOS_ALLOC
                0x1fffe0cc        0x4 ./Generated_Code/BitIoLdd2.o
 .bss.DeviceDataPrv__DEFAULT_RTOS_ALLOC
                0x1fffe0d0        0x4 ./Generated_Code/BitIoLdd3.o
 .bss.SR_lock   0x1fffe0d4        0x1 ./Generated_Code/Cpu.o
                0x1fffe0d4                SR_lock
 *fill*         0x1fffe0d5        0x1 
 .bss.SerFlag   0x1fffe0d6        0x2 ./Generated_Code/Inhr1.o
 .bss.Inhr1_InpLen
                0x1fffe0d8        0x2 ./Generated_Code/Inhr1.o
 .bss.InpIndexR
                0x1fffe0da        0x2 ./Generated_Code/Inhr1.o
 .bss.InpIndexW
                0x1fffe0dc        0x2 ./Generated_Code/Inhr1.o
 *fill*         0x1fffe0de        0x2 
 .bss.InpBuffer
                0x1fffe0e0       0x80 ./Generated_Code/Inhr1.o
 .bss.BufferRead
                0x1fffe160        0x1 ./Generated_Code/Inhr1.o
 *fill*         0x1fffe161        0x1 
 .bss.Inhr1_OutLen
                0x1fffe162        0x2 ./Generated_Code/Inhr1.o
 .bss.OutIndexR
                0x1fffe164        0x2 ./Generated_Code/Inhr1.o
 .bss.OutIndexW
                0x1fffe166        0x2 ./Generated_Code/Inhr1.o
 .bss.OutBuffer
                0x1fffe168       0x80 ./Generated_Code/Inhr1.o
 .bss.PE_LDD_DeviceDataList
                0x1fffe1e8       0x1c ./Generated_Code/PE_LDD.o
                0x1fffe1e8                PE_LDD_DeviceDataList
 .bss.DeviceDataPrv__DEFAULT_RTOS_ALLOC
                0x1fffe204        0xc ./Generated_Code/PwmLdd1.o
 .bss.DeviceDataPrv__DEFAULT_RTOS_ALLOC
                0x1fffe210        0x8 ./Generated_Code/TU1.o
 .bss.__malloc_sbrk_start
                0x1fffe218        0x4 c:/freescale/kds_3.0.0/toolchain/bin/../lib/gcc/arm-none-eabi/4.8.4/../../../../arm-none-eabi/lib/armv7e-m\libg_s.a(lib_a-nano-mallocr.o)
                0x1fffe218                __malloc_sbrk_start
 .bss.__malloc_free_list
                0x1fffe21c        0x4 c:/freescale/kds_3.0.0/toolchain/bin/../lib/gcc/arm-none-eabi/4.8.4/../../../../arm-none-eabi/lib/armv7e-m\libg_s.a(lib_a-nano-mallocr.o)
                0x1fffe21c                __malloc_free_list
 .bss.heap_end.4246
                0x1fffe220        0x4 c:/freescale/kds_3.0.0/toolchain/bin/../lib/gcc/arm-none-eabi/4.8.4/../../../../arm-none-eabi/lib/armv7e-m\libnosys.a(sbrk.o)
 *(COMMON)
 COMMON         0x1fffe224       0x64 ./Sources/main.o
                0x1fffe224                buffer
 COMMON         0x1fffe288        0xc ./Generated_Code/AD1.o
                0x1fffe288                AD1_OutV
                0x1fffe290                AdcLdd1_DeviceDataPtr
 COMMON         0x1fffe294        0x1 ./Generated_Code/Cpu.o
                0x1fffe294                SR_reg
 *fill*         0x1fffe295        0x3 
 COMMON         0x1fffe298        0x4 ./Generated_Code/Inhr1.o
                0x1fffe298                ASerialLdd1_DeviceDataPtr
 COMMON         0x1fffe29c        0x4 c:/freescale/kds_3.0.0/toolchain/bin/../lib/gcc/arm-none-eabi/4.8.4/../../../../arm-none-eabi/lib/armv7e-m\libg_s.a(lib_a-reent.o)
                0x1fffe29c                errno
                0x1fffe2a0                . = ALIGN (0x4)
                0x1fffe2a0                __END_BSS = .
                0x1fffe2a0                PROVIDE (__bss_end__, __END_BSS)
                0x00002ca4                _romp_at = ((___ROM_AT + SIZEOF (.data)) + SIZEOF (.m_data_20000000))

.romp           0x1fffe2a0       0x24 load address 0x00002ca4
                0x00002ca4                __S_romp = _romp_at
                0x1fffe2a0        0x4 LONG 0x2c3c ___ROM_AT
                0x1fffe2a4        0x4 LONG 0x1fffe000 _sdata
                0x1fffe2a8        0x4 LONG 0x68 ___data_size
                0x1fffe2ac        0x4 LONG 0x2ca4 ___m_data_20000000_ROMStart
                0x1fffe2b0        0x4 LONG 0x20000000 ___m_data_20000000_RAMStart
                0x1fffe2b4        0x4 LONG 0x0 ___m_data_20000000_ROMSize
                0x1fffe2b8        0x4 LONG 0x0
                0x1fffe2bc        0x4 LONG 0x0
                0x1fffe2c0        0x4 LONG 0x0

._user_heap_stack
                0x1fffe2c4      0x400 load address 0x00002cc8
                0x1fffe2c4                . = ALIGN (0x4)
                0x1fffe2c4                PROVIDE (end, .)
                0x1fffe2c4                PROVIDE (_end, .)
                0x1fffe2c4                __heap_addr = .
                0x1fffe2c4                __HeapBase = .
                0x1fffe2c4                . = (. + __heap_size)
                0x1fffe2c4                __HeapLimit = .
                0x1fffe6c4                . = (. + __stack_size)
 *fill*         0x1fffe2c4      0x400 
                0x1fffe6c4                . = ALIGN (0x4)

.ARM.attributes
                0x00000000       0x2a
 *(.ARM.attributes)
 .ARM.attributes
                0x00000000       0x1e c:/freescale/kds_3.0.0/toolchain/bin/../lib/gcc/arm-none-eabi/4.8.4/armv7e-m/crti.o
 .ARM.attributes
                0x0000001e       0x2e c:/freescale/kds_3.0.0/toolchain/bin/../lib/gcc/arm-none-eabi/4.8.4/armv7e-m/crtbegin.o
 .ARM.attributes
                0x0000004c       0x1c c:/freescale/kds_3.0.0/toolchain/bin/../lib/gcc/arm-none-eabi/4.8.4/../../../../arm-none-eabi/lib/armv7e-m/crt0.o
 .ARM.attributes
                0x00000068       0x33 ./Sources/Events.o
 .ARM.attributes
                0x0000009b       0x33 ./Sources/OurMethods.o
 .ARM.attributes
                0x000000ce       0x33 ./Sources/main.o
 .ARM.attributes
                0x00000101       0x33 ./Project_Settings/Startup_Code/startup.o
 .ARM.attributes
                0x00000134       0x33 ./Generated_Code/AD1.o
 .ARM.attributes
                0x00000167       0x33 ./Generated_Code/ASerialLdd1.o
 .ARM.attributes
                0x0000019a       0x33 ./Generated_Code/AdcLdd1.o
 .ARM.attributes
                0x000001cd       0x33 ./Generated_Code/BitIoLdd1.o
 .ARM.attributes
                0x00000200       0x33 ./Generated_Code/BitIoLdd2.o
 .ARM.attributes
                0x00000233       0x33 ./Generated_Code/BitIoLdd3.o
 .ARM.attributes
                0x00000266       0x33 ./Generated_Code/Cpu.o
 .ARM.attributes
                0x00000299       0x33 ./Generated_Code/Inhr1.o
 .ARM.attributes
                0x000002cc       0x33 ./Generated_Code/PE_LDD.o
 .ARM.attributes
                0x000002ff       0x33 ./Generated_Code/PwmLdd1.o
 .ARM.attributes
                0x00000332       0x33 ./Generated_Code/TU1.o
 .ARM.attributes
                0x00000365       0x33 ./Generated_Code/Term1.o
 .ARM.attributes
                0x00000398       0x33 ./Generated_Code/Vectors.o
 .ARM.attributes
                0x000003cb       0x2e c:/freescale/kds_3.0.0/toolchain/bin/../lib/gcc/arm-none-eabi/4.8.4/../../../../arm-none-eabi/lib/armv7e-m\libg_s.a(lib_a-exit.o)
 .ARM.attributes
                0x000003f9       0x2e c:/freescale/kds_3.0.0/toolchain/bin/../lib/gcc/arm-none-eabi/4.8.4/../../../../arm-none-eabi/lib/armv7e-m\libg_s.a(lib_a-impure.o)
 .ARM.attributes
                0x00000427       0x2e c:/freescale/kds_3.0.0/toolchain/bin/../lib/gcc/arm-none-eabi/4.8.4/../../../../arm-none-eabi/lib/armv7e-m\libg_s.a(lib_a-init.o)
 .ARM.attributes
                0x00000455       0x2e c:/freescale/kds_3.0.0/toolchain/bin/../lib/gcc/arm-none-eabi/4.8.4/../../../../arm-none-eabi/lib/armv7e-m\libg_s.a(lib_a-memset.o)
 .ARM.attributes
                0x00000483       0x2e c:/freescale/kds_3.0.0/toolchain/bin/../lib/gcc/arm-none-eabi/4.8.4/../../../../arm-none-eabi/lib/armv7e-m\libg_s.a(lib_a-sscanf.o)
 .ARM.attributes
                0x000004b1       0x2e c:/freescale/kds_3.0.0/toolchain/bin/../lib/gcc/arm-none-eabi/4.8.4/../../../../arm-none-eabi/lib/armv7e-m\libg_s.a(lib_a-stdio.o)
 .ARM.attributes
                0x000004df       0x2e c:/freescale/kds_3.0.0/toolchain/bin/../lib/gcc/arm-none-eabi/4.8.4/../../../../arm-none-eabi/lib/armv7e-m\libg_s.a(lib_a-strlen.o)
 .ARM.attributes
                0x0000050d       0x2e c:/freescale/kds_3.0.0/toolchain/bin/../lib/gcc/arm-none-eabi/4.8.4/../../../../arm-none-eabi/lib/armv7e-m\libg_s.a(lib_a-svfscanf.o)
 .ARM.attributes
                0x0000053b       0x2e c:/freescale/kds_3.0.0/toolchain/bin/../lib/gcc/arm-none-eabi/4.8.4/../../../../arm-none-eabi/lib/armv7e-m\libg_s.a(lib_a-ungetc.o)
 .ARM.attributes
                0x00000569       0x2e c:/freescale/kds_3.0.0/toolchain/bin/../lib/gcc/arm-none-eabi/4.8.4/../../../../arm-none-eabi/lib/armv7e-m\libg_s.a(lib_a-vfscanf_i.o)
 .ARM.attributes
                0x00000597       0x2e c:/freescale/kds_3.0.0/toolchain/bin/../lib/gcc/arm-none-eabi/4.8.4/../../../../arm-none-eabi/lib/armv7e-m\libg_s.a(lib_a-ctype_.o)
 .ARM.attributes
                0x000005c5       0x2e c:/freescale/kds_3.0.0/toolchain/bin/../lib/gcc/arm-none-eabi/4.8.4/../../../../arm-none-eabi/lib/armv7e-m\libg_s.a(lib_a-findfp.o)
 .ARM.attributes
                0x000005f3       0x2e c:/freescale/kds_3.0.0/toolchain/bin/../lib/gcc/arm-none-eabi/4.8.4/../../../../arm-none-eabi/lib/armv7e-m\libg_s.a(lib_a-memchr-stub.o)
 .ARM.attributes
                0x00000621       0x2e c:/freescale/kds_3.0.0/toolchain/bin/../lib/gcc/arm-none-eabi/4.8.4/../../../../arm-none-eabi/lib/armv7e-m\libg_s.a(lib_a-memcpy-stub.o)
 .ARM.attributes
                0x0000064f       0x2e c:/freescale/kds_3.0.0/toolchain/bin/../lib/gcc/arm-none-eabi/4.8.4/../../../../arm-none-eabi/lib/armv7e-m\libg_s.a(lib_a-nano-freer.o)
 .ARM.attributes
                0x0000067d       0x2e c:/freescale/kds_3.0.0/toolchain/bin/../lib/gcc/arm-none-eabi/4.8.4/../../../../arm-none-eabi/lib/armv7e-m\libg_s.a(lib_a-nano-mallocr.o)
 .ARM.attributes
                0x000006ab       0x2e c:/freescale/kds_3.0.0/toolchain/bin/../lib/gcc/arm-none-eabi/4.8.4/../../../../arm-none-eabi/lib/armv7e-m\libg_s.a(lib_a-nano-reallocr.o)
 .ARM.attributes
                0x000006d9       0x2e c:/freescale/kds_3.0.0/toolchain/bin/../lib/gcc/arm-none-eabi/4.8.4/../../../../arm-none-eabi/lib/armv7e-m\libg_s.a(lib_a-reent.o)
 .ARM.attributes
                0x00000707       0x2e c:/freescale/kds_3.0.0/toolchain/bin/../lib/gcc/arm-none-eabi/4.8.4/../../../../arm-none-eabi/lib/armv7e-m\libg_s.a(lib_a-sbrkr.o)
 .ARM.attributes
                0x00000735       0x2e c:/freescale/kds_3.0.0/toolchain/bin/../lib/gcc/arm-none-eabi/4.8.4/../../../../arm-none-eabi/lib/armv7e-m\libg_s.a(lib_a-sccl.o)
 .ARM.attributes
                0x00000763       0x2e c:/freescale/kds_3.0.0/toolchain/bin/../lib/gcc/arm-none-eabi/4.8.4/../../../../arm-none-eabi/lib/armv7e-m\libg_s.a(lib_a-strtol.o)
 .ARM.attributes
                0x00000791       0x2e c:/freescale/kds_3.0.0/toolchain/bin/../lib/gcc/arm-none-eabi/4.8.4/../../../../arm-none-eabi/lib/armv7e-m\libg_s.a(lib_a-strtoul.o)
 .ARM.attributes
                0x000007bf       0x2e c:/freescale/kds_3.0.0/toolchain/bin/../lib/gcc/arm-none-eabi/4.8.4/../../../../arm-none-eabi/lib/armv7e-m\libg_s.a(lib_a-nano-msizer.o)
 .ARM.attributes
                0x000007ed       0x2e c:/freescale/kds_3.0.0/toolchain/bin/../lib/gcc/arm-none-eabi/4.8.4/../../../../arm-none-eabi/lib/armv7e-m\libnosys.a(sbrk.o)
 .ARM.attributes
                0x0000081b       0x2e c:/freescale/kds_3.0.0/toolchain/bin/../lib/gcc/arm-none-eabi/4.8.4/../../../../arm-none-eabi/lib/armv7e-m\libnosys.a(_exit.o)
 .ARM.attributes
                0x00000849       0x1e c:/freescale/kds_3.0.0/toolchain/bin/../lib/gcc/arm-none-eabi/4.8.4/armv7e-m/crtn.o
OUTPUT(A2.elf elf32-littlearm)

.debug_info     0x00000000     0x441d
 .debug_info    0x00000000      0x12b ./Sources/Events.o
 .debug_info    0x0000012b      0x187 ./Sources/OurMethods.o
 .debug_info    0x000002b2      0x106 ./Sources/main.o
 .debug_info    0x000003b8      0x20a ./Project_Settings/Startup_Code/startup.o
 .debug_info    0x000005c2      0x311 ./Generated_Code/AD1.o
 .debug_info    0x000008d3      0xab5 ./Generated_Code/ASerialLdd1.o
 .debug_info    0x00001388      0x941 ./Generated_Code/AdcLdd1.o
 .debug_info    0x00001cc9      0x2d7 ./Generated_Code/BitIoLdd1.o
 .debug_info    0x00001fa0      0x2d7 ./Generated_Code/BitIoLdd2.o
 .debug_info    0x00002277      0x377 ./Generated_Code/BitIoLdd3.o
 .debug_info    0x000025ee      0x9e9 ./Generated_Code/Cpu.o
 .debug_info    0x00002fd7      0x367 ./Generated_Code/Inhr1.o
 .debug_info    0x0000333e      0x251 ./Generated_Code/PE_LDD.o
 .debug_info    0x0000358f      0x2d4 ./Generated_Code/PwmLdd1.o
 .debug_info    0x00003863      0x764 ./Generated_Code/TU1.o
 .debug_info    0x00003fc7      0x348 ./Generated_Code/Term1.o
 .debug_info    0x0000430f      0x10e ./Generated_Code/Vectors.o

.debug_abbrev   0x00000000     0x14c3
 .debug_abbrev  0x00000000       0xb6 ./Sources/Events.o
 .debug_abbrev  0x000000b6       0xd5 ./Sources/OurMethods.o
 .debug_abbrev  0x0000018b       0x82 ./Sources/main.o
 .debug_abbrev  0x0000020d      0x11e ./Project_Settings/Startup_Code/startup.o
 .debug_abbrev  0x0000032b      0x19e ./Generated_Code/AD1.o
 .debug_abbrev  0x000004c9      0x1db ./Generated_Code/ASerialLdd1.o
 .debug_abbrev  0x000006a4      0x1d2 ./Generated_Code/AdcLdd1.o
 .debug_abbrev  0x00000876      0x10d ./Generated_Code/BitIoLdd1.o
 .debug_abbrev  0x00000983      0x10d ./Generated_Code/BitIoLdd2.o
 .debug_abbrev  0x00000a90      0x15f ./Generated_Code/BitIoLdd3.o
 .debug_abbrev  0x00000bef      0x178 ./Generated_Code/Cpu.o
 .debug_abbrev  0x00000d67      0x18f ./Generated_Code/Inhr1.o
 .debug_abbrev  0x00000ef6      0x10d ./Generated_Code/PE_LDD.o
 .debug_abbrev  0x00001003      0x122 ./Generated_Code/PwmLdd1.o
 .debug_abbrev  0x00001125      0x198 ./Generated_Code/TU1.o
 .debug_abbrev  0x000012bd      0x162 ./Generated_Code/Term1.o
 .debug_abbrev  0x0000141f       0xa4 ./Generated_Code/Vectors.o

.debug_aranges  0x00000000      0x490
 .debug_aranges
                0x00000000       0x38 ./Sources/Events.o
 .debug_aranges
                0x00000038       0x48 ./Sources/OurMethods.o
 .debug_aranges
                0x00000080       0x20 ./Sources/main.o
 .debug_aranges
                0x000000a0       0x50 ./Project_Settings/Startup_Code/startup.o
 .debug_aranges
                0x000000f0       0x68 ./Generated_Code/AD1.o
 .debug_aranges
                0x00000158       0x50 ./Generated_Code/ASerialLdd1.o
 .debug_aranges
                0x000001a8       0x60 ./Generated_Code/AdcLdd1.o
 .debug_aranges
                0x00000208       0x28 ./Generated_Code/BitIoLdd1.o
 .debug_aranges
                0x00000230       0x28 ./Generated_Code/BitIoLdd2.o
 .debug_aranges
                0x00000258       0x48 ./Generated_Code/BitIoLdd3.o
 .debug_aranges
                0x000002a0       0x40 ./Generated_Code/Cpu.o
 .debug_aranges
                0x000002e0       0x60 ./Generated_Code/Inhr1.o
 .debug_aranges
                0x00000340       0x30 ./Generated_Code/PE_LDD.o
 .debug_aranges
                0x00000370       0x40 ./Generated_Code/PwmLdd1.o
 .debug_aranges
                0x000003b0       0x48 ./Generated_Code/TU1.o
 .debug_aranges
                0x000003f8       0x80 ./Generated_Code/Term1.o
 .debug_aranges
                0x00000478       0x18 ./Generated_Code/Vectors.o

.debug_ranges   0x00000000      0x378
 .debug_ranges  0x00000000       0x28 ./Sources/Events.o
 .debug_ranges  0x00000028       0x38 ./Sources/OurMethods.o
 .debug_ranges  0x00000060       0x10 ./Sources/main.o
 .debug_ranges  0x00000070       0x40 ./Project_Settings/Startup_Code/startup.o
 .debug_ranges  0x000000b0       0x58 ./Generated_Code/AD1.o
 .debug_ranges  0x00000108       0x40 ./Generated_Code/ASerialLdd1.o
 .debug_ranges  0x00000148       0x50 ./Generated_Code/AdcLdd1.o
 .debug_ranges  0x00000198       0x18 ./Generated_Code/BitIoLdd1.o
 .debug_ranges  0x000001b0       0x18 ./Generated_Code/BitIoLdd2.o
 .debug_ranges  0x000001c8       0x38 ./Generated_Code/BitIoLdd3.o
 .debug_ranges  0x00000200       0x30 ./Generated_Code/Cpu.o
 .debug_ranges  0x00000230       0x50 ./Generated_Code/Inhr1.o
 .debug_ranges  0x00000280       0x20 ./Generated_Code/PE_LDD.o
 .debug_ranges  0x000002a0       0x30 ./Generated_Code/PwmLdd1.o
 .debug_ranges  0x000002d0       0x38 ./Generated_Code/TU1.o
 .debug_ranges  0x00000308       0x70 ./Generated_Code/Term1.o

.debug_macro    0x00000000    0x1aa63
 .debug_macro   0x00000000      0x1ad ./Sources/Events.o
 .debug_macro   0x000001ad      0x84a ./Sources/Events.o
 .debug_macro   0x000009f7       0x16 ./Sources/Events.o
 .debug_macro   0x00000a0d       0x44 ./Sources/Events.o
 .debug_macro   0x00000a51      0x209 ./Sources/Events.o
 .debug_macro   0x00000c5a     0x1687 ./Sources/Events.o
 .debug_macro   0x000022e1      0x14e ./Sources/Events.o
 .debug_macro   0x0000242f       0x6a ./Sources/Events.o
 .debug_macro   0x00002499     0x9b9f ./Sources/Events.o
 .debug_macro   0x0000c038       0x94 ./Sources/Events.o
 .debug_macro   0x0000c0cc       0x34 ./Sources/Events.o
 .debug_macro   0x0000c100       0x65 ./Sources/Events.o
 .debug_macro   0x0000c165       0x20 ./Sources/Events.o
 .debug_macro   0x0000c185       0x94 ./Sources/Events.o
 .debug_macro   0x0000c219      0x616 ./Sources/Events.o
 .debug_macro   0x0000c82f       0x97 ./Sources/Events.o
 .debug_macro   0x0000c8c6       0x11 ./Sources/Events.o
 .debug_macro   0x0000c8d7      0x132 ./Sources/Events.o
 .debug_macro   0x0000ca09       0x2e ./Sources/Events.o
 .debug_macro   0x0000ca37       0x34 ./Sources/Events.o
 .debug_macro   0x0000ca6b      0x6a6 ./Sources/Events.o
 .debug_macro   0x0000d111       0x74 ./Sources/Events.o
 .debug_macro   0x0000d185       0x37 ./Sources/Events.o
 .debug_macro   0x0000d1bc       0x25 ./Sources/Events.o
 .debug_macro   0x0000d1e1       0x4c ./Sources/Events.o
 .debug_macro   0x0000d22d       0x26 ./Sources/Events.o
 .debug_macro   0x0000d253       0xa5 ./Sources/OurMethods.o
 .debug_macro   0x0000d2f8       0x9a ./Sources/OurMethods.o
 .debug_macro   0x0000d392       0x22 ./Sources/OurMethods.o
 .debug_macro   0x0000d3b4      0x2b8 ./Sources/main.o
 .debug_macro   0x0000d66c       0x58 ./Sources/main.o
 .debug_macro   0x0000d6c4       0x35 ./Sources/main.o
 .debug_macro   0x0000d6f9       0xa3 ./Sources/main.o
 .debug_macro   0x0000d79c       0x16 ./Sources/main.o
 .debug_macro   0x0000d7b2       0x97 ./Sources/main.o
 .debug_macro   0x0000d849       0x10 ./Sources/main.o
 .debug_macro   0x0000d859       0xef ./Sources/main.o
 .debug_macro   0x0000d948       0x52 ./Sources/main.o
 .debug_macro   0x0000d99a       0x16 ./Sources/main.o
 .debug_macro   0x0000d9b0       0x43 ./Sources/main.o
 .debug_macro   0x0000d9f3      0x180 ./Sources/main.o
 .debug_macro   0x0000db73       0x10 ./Sources/main.o
 .debug_macro   0x0000db83       0x22 ./Sources/main.o
 .debug_macro   0x0000dba5       0xbd ./Sources/main.o
 .debug_macro   0x0000dc62       0x16 ./Sources/main.o
 .debug_macro   0x0000dc78      0x14a ./Sources/main.o
 .debug_macro   0x0000ddc2      0x2a6 ./Sources/main.o
 .debug_macro   0x0000e068       0x10 ./Sources/main.o
 .debug_macro   0x0000e078       0x35 ./Sources/main.o
 .debug_macro   0x0000e0ad      0x121 ./Project_Settings/Startup_Code/startup.o
 .debug_macro   0x0000e1ce      0x166 ./Project_Settings/Startup_Code/startup.o
 .debug_macro   0x0000e334       0x4a ./Project_Settings/Startup_Code/startup.o
 .debug_macro   0x0000e37e       0x16 ./Project_Settings/Startup_Code/startup.o
 .debug_macro   0x0000e394       0x22 ./Project_Settings/Startup_Code/startup.o
 .debug_macro   0x0000e3b6       0x10 ./Project_Settings/Startup_Code/startup.o
 .debug_macro   0x0000e3c6      0x20f ./Project_Settings/Startup_Code/startup.o
 .debug_macro   0x0000e5d5     0x9b93 ./Project_Settings/Startup_Code/startup.o
 .debug_macro   0x00018168      0x1c5 ./Generated_Code/AD1.o
 .debug_macro   0x0001832d       0xc5 ./Generated_Code/ASerialLdd1.o
 .debug_macro   0x000183f2       0x5f ./Generated_Code/ASerialLdd1.o
 .debug_macro   0x00018451       0x26 ./Generated_Code/ASerialLdd1.o
 .debug_macro   0x00018477      0x7ab ./Generated_Code/ASerialLdd1.o
 .debug_macro   0x00018c22      0x9b1 ./Generated_Code/ASerialLdd1.o
 .debug_macro   0x000195d3       0xd5 ./Generated_Code/AdcLdd1.o
 .debug_macro   0x000196a8       0xa6 ./Generated_Code/BitIoLdd1.o
 .debug_macro   0x0001974e      0x12c ./Generated_Code/BitIoLdd1.o
 .debug_macro   0x0001987a       0xa6 ./Generated_Code/BitIoLdd2.o
 .debug_macro   0x00019920       0x2e ./Generated_Code/BitIoLdd2.o
 .debug_macro   0x0001994e       0xa6 ./Generated_Code/BitIoLdd3.o
 .debug_macro   0x000199f4       0x46 ./Generated_Code/BitIoLdd3.o
 .debug_macro   0x00019a3a      0x1c7 ./Generated_Code/Cpu.o
 .debug_macro   0x00019c01      0x231 ./Generated_Code/Inhr1.o
 .debug_macro   0x00019e32      0x177 ./Generated_Code/PE_LDD.o
 .debug_macro   0x00019fa9       0xbb ./Generated_Code/PwmLdd1.o
 .debug_macro   0x0001a064      0x6a0 ./Generated_Code/PwmLdd1.o
 .debug_macro   0x0001a704       0xb4 ./Generated_Code/TU1.o
 .debug_macro   0x0001a7b8       0xb2 ./Generated_Code/Term1.o
 .debug_macro   0x0001a86a      0x1bf ./Generated_Code/Vectors.o
 .debug_macro   0x0001aa29       0x3a ./Generated_Code/Vectors.o

.debug_line     0x00000000     0x40f5
 .debug_line    0x00000000      0x3ca ./Sources/Events.o
 .debug_line    0x000003ca      0x362 ./Sources/OurMethods.o
 .debug_line    0x0000072c      0x4e0 ./Sources/main.o
 .debug_line    0x00000c0c      0x3e6 ./Project_Settings/Startup_Code/startup.o
 .debug_line    0x00000ff2      0x4cb ./Generated_Code/AD1.o
 .debug_line    0x000014bd      0x39f ./Generated_Code/ASerialLdd1.o
 .debug_line    0x0000185c      0x390 ./Generated_Code/AdcLdd1.o
 .debug_line    0x00001bec      0x29a ./Generated_Code/BitIoLdd1.o
 .debug_line    0x00001e86      0x29a ./Generated_Code/BitIoLdd2.o
 .debug_line    0x00002120      0x2e5 ./Generated_Code/BitIoLdd3.o
 .debug_line    0x00002405      0x53f ./Generated_Code/Cpu.o
 .debug_line    0x00002944      0x565 ./Generated_Code/Inhr1.o
 .debug_line    0x00002ea9      0x38d ./Generated_Code/PE_LDD.o
 .debug_line    0x00003236      0x2ef ./Generated_Code/PwmLdd1.o
 .debug_line    0x00003525      0x31b ./Generated_Code/TU1.o
 .debug_line    0x00003840      0x3fd ./Generated_Code/Term1.o
 .debug_line    0x00003c3d      0x4b8 ./Generated_Code/Vectors.o

.debug_str      0x00000000    0x60bb4
 .debug_str     0x00000000    0x4e247 ./Sources/Events.o
                              0x4e397 (size before relaxing)
 .debug_str     0x0004e247       0xce ./Sources/OurMethods.o
                              0x3eefe (size before relaxing)
 .debug_str     0x0004e315     0x2e55 ./Sources/main.o
                              0x51281 (size before relaxing)
 .debug_str     0x0005116a      0x1aa ./Project_Settings/Startup_Code/startup.o
                              0x3a1dc (size before relaxing)
 .debug_str     0x00051314      0x1a6 ./Generated_Code/AD1.o
                              0x4e4fd (size before relaxing)
 .debug_str     0x000514ba     0xe79f ./Generated_Code/ASerialLdd1.o
                              0x4dd3d (size before relaxing)
 .debug_str     0x0005fc59      0x351 ./Generated_Code/AdcLdd1.o
                              0x446f2 (size before relaxing)
 .debug_str     0x0005ffaa       0xaf ./Generated_Code/BitIoLdd1.o
                              0x3fddf (size before relaxing)
 .debug_str     0x00060059       0x6d ./Generated_Code/BitIoLdd2.o
                              0x3fddf (size before relaxing)
 .debug_str     0x000600c6       0xb1 ./Generated_Code/BitIoLdd3.o
                              0x3fea7 (size before relaxing)
 .debug_str     0x00060177      0x240 ./Generated_Code/Cpu.o
                              0x4e70f (size before relaxing)
 .debug_str     0x000603b7      0x250 ./Generated_Code/Inhr1.o
                              0x4e63e (size before relaxing)
 .debug_str     0x00060607      0x17e ./Generated_Code/PE_LDD.o
                              0x4e507 (size before relaxing)
 .debug_str     0x00060785       0xcf ./Generated_Code/PwmLdd1.o
                              0x4847b (size before relaxing)
 .debug_str     0x00060854      0x236 ./Generated_Code/TU1.o
                              0x4859e (size before relaxing)
 .debug_str     0x00060a8a      0x10e ./Generated_Code/Term1.o
                              0x3f1b7 (size before relaxing)
 .debug_str     0x00060b98       0x1c ./Generated_Code/Vectors.o
                              0x4e39a (size before relaxing)

.comment        0x00000000       0x70
 .comment       0x00000000       0x70 ./Sources/Events.o
                                 0x71 (size before relaxing)
 .comment       0x00000000       0x71 ./Sources/OurMethods.o
 .comment       0x00000000       0x71 ./Sources/main.o
 .comment       0x00000000       0x71 ./Project_Settings/Startup_Code/startup.o
 .comment       0x00000000       0x71 ./Generated_Code/AD1.o
 .comment       0x00000000       0x71 ./Generated_Code/ASerialLdd1.o
 .comment       0x00000000       0x71 ./Generated_Code/AdcLdd1.o
 .comment       0x00000000       0x71 ./Generated_Code/BitIoLdd1.o
 .comment       0x00000000       0x71 ./Generated_Code/BitIoLdd2.o
 .comment       0x00000000       0x71 ./Generated_Code/BitIoLdd3.o
 .comment       0x00000000       0x71 ./Generated_Code/Cpu.o
 .comment       0x00000000       0x71 ./Generated_Code/Inhr1.o
 .comment       0x00000000       0x71 ./Generated_Code/PE_LDD.o
 .comment       0x00000000       0x71 ./Generated_Code/PwmLdd1.o
 .comment       0x00000000       0x71 ./Generated_Code/TU1.o
 .comment       0x00000000       0x71 ./Generated_Code/Term1.o
 .comment       0x00000000       0x71 ./Generated_Code/Vectors.o

.debug_frame    0x00000000     0x1208
 .debug_frame   0x00000000       0x78 ./Sources/Events.o
 .debug_frame   0x00000078       0xc4 ./Sources/OurMethods.o
 .debug_frame   0x0000013c       0x30 ./Sources/main.o
 .debug_frame   0x0000016c       0xc0 ./Project_Settings/Startup_Code/startup.o
 .debug_frame   0x0000022c      0x130 ./Generated_Code/AD1.o
 .debug_frame   0x0000035c       0xec ./Generated_Code/ASerialLdd1.o
 .debug_frame   0x00000448      0x114 ./Generated_Code/AdcLdd1.o
 .debug_frame   0x0000055c       0x48 ./Generated_Code/BitIoLdd1.o
 .debug_frame   0x000005a4       0x48 ./Generated_Code/BitIoLdd2.o
 .debug_frame   0x000005ec       0xb8 ./Generated_Code/BitIoLdd3.o
 .debug_frame   0x000006a4       0xa4 ./Generated_Code/Cpu.o
 .debug_frame   0x00000748      0x118 ./Generated_Code/Inhr1.o
 .debug_frame   0x00000860       0x64 ./Generated_Code/PE_LDD.o
 .debug_frame   0x000008c4       0xb0 ./Generated_Code/PwmLdd1.o
 .debug_frame   0x00000974       0xb8 ./Generated_Code/TU1.o
 .debug_frame   0x00000a2c      0x198 ./Generated_Code/Term1.o
 .debug_frame   0x00000bc4       0x28 c:/freescale/kds_3.0.0/toolchain/bin/../lib/gcc/arm-none-eabi/4.8.4/../../../../arm-none-eabi/lib/armv7e-m\libg_s.a(lib_a-exit.o)
 .debug_frame   0x00000bec       0x2c c:/freescale/kds_3.0.0/toolchain/bin/../lib/gcc/arm-none-eabi/4.8.4/../../../../arm-none-eabi/lib/armv7e-m\libg_s.a(lib_a-init.o)
 .debug_frame   0x00000c18       0x20 c:/freescale/kds_3.0.0/toolchain/bin/../lib/gcc/arm-none-eabi/4.8.4/../../../../arm-none-eabi/lib/armv7e-m\libg_s.a(lib_a-memset.o)
 .debug_frame   0x00000c38       0x60 c:/freescale/kds_3.0.0/toolchain/bin/../lib/gcc/arm-none-eabi/4.8.4/../../../../arm-none-eabi/lib/armv7e-m\libg_s.a(lib_a-sscanf.o)
 .debug_frame   0x00000c98       0x80 c:/freescale/kds_3.0.0/toolchain/bin/../lib/gcc/arm-none-eabi/4.8.4/../../../../arm-none-eabi/lib/armv7e-m\libg_s.a(lib_a-stdio.o)
 .debug_frame   0x00000d18       0x20 c:/freescale/kds_3.0.0/toolchain/bin/../lib/gcc/arm-none-eabi/4.8.4/../../../../arm-none-eabi/lib/armv7e-m\libg_s.a(lib_a-strlen.o)
 .debug_frame   0x00000d38       0x6c c:/freescale/kds_3.0.0/toolchain/bin/../lib/gcc/arm-none-eabi/4.8.4/../../../../arm-none-eabi/lib/armv7e-m\libg_s.a(lib_a-svfscanf.o)
 .debug_frame   0x00000da4       0x5c c:/freescale/kds_3.0.0/toolchain/bin/../lib/gcc/arm-none-eabi/4.8.4/../../../../arm-none-eabi/lib/armv7e-m\libg_s.a(lib_a-ungetc.o)
 .debug_frame   0x00000e00       0x58 c:/freescale/kds_3.0.0/toolchain/bin/../lib/gcc/arm-none-eabi/4.8.4/../../../../arm-none-eabi/lib/armv7e-m\libg_s.a(lib_a-vfscanf_i.o)
 .debug_frame   0x00000e58      0x12c c:/freescale/kds_3.0.0/toolchain/bin/../lib/gcc/arm-none-eabi/4.8.4/../../../../arm-none-eabi/lib/armv7e-m\libg_s.a(lib_a-findfp.o)
 .debug_frame   0x00000f84       0x28 c:/freescale/kds_3.0.0/toolchain/bin/../lib/gcc/arm-none-eabi/4.8.4/../../../../arm-none-eabi/lib/armv7e-m\libg_s.a(lib_a-memchr-stub.o)
 .debug_frame   0x00000fac       0x28 c:/freescale/kds_3.0.0/toolchain/bin/../lib/gcc/arm-none-eabi/4.8.4/../../../../arm-none-eabi/lib/armv7e-m\libg_s.a(lib_a-memcpy-stub.o)
 .debug_frame   0x00000fd4       0x2c c:/freescale/kds_3.0.0/toolchain/bin/../lib/gcc/arm-none-eabi/4.8.4/../../../../arm-none-eabi/lib/armv7e-m\libg_s.a(lib_a-nano-freer.o)
 .debug_frame   0x00001000       0x2c c:/freescale/kds_3.0.0/toolchain/bin/../lib/gcc/arm-none-eabi/4.8.4/../../../../arm-none-eabi/lib/armv7e-m\libg_s.a(lib_a-nano-mallocr.o)
 .debug_frame   0x0000102c       0x30 c:/freescale/kds_3.0.0/toolchain/bin/../lib/gcc/arm-none-eabi/4.8.4/../../../../arm-none-eabi/lib/armv7e-m\libg_s.a(lib_a-nano-reallocr.o)
 .debug_frame   0x0000105c       0x48 c:/freescale/kds_3.0.0/toolchain/bin/../lib/gcc/arm-none-eabi/4.8.4/../../../../arm-none-eabi/lib/armv7e-m\libg_s.a(lib_a-reent.o)
 .debug_frame   0x000010a4       0x2c c:/freescale/kds_3.0.0/toolchain/bin/../lib/gcc/arm-none-eabi/4.8.4/../../../../arm-none-eabi/lib/armv7e-m\libg_s.a(lib_a-sbrkr.o)
 .debug_frame   0x000010d0       0x30 c:/freescale/kds_3.0.0/toolchain/bin/../lib/gcc/arm-none-eabi/4.8.4/../../../../arm-none-eabi/lib/armv7e-m\libg_s.a(lib_a-sccl.o)
 .debug_frame   0x00001100       0x54 c:/freescale/kds_3.0.0/toolchain/bin/../lib/gcc/arm-none-eabi/4.8.4/../../../../arm-none-eabi/lib/armv7e-m\libg_s.a(lib_a-strtol.o)
 .debug_frame   0x00001154       0x54 c:/freescale/kds_3.0.0/toolchain/bin/../lib/gcc/arm-none-eabi/4.8.4/../../../../arm-none-eabi/lib/armv7e-m\libg_s.a(lib_a-strtoul.o)
 .debug_frame   0x000011a8       0x20 c:/freescale/kds_3.0.0/toolchain/bin/../lib/gcc/arm-none-eabi/4.8.4/../../../../arm-none-eabi/lib/armv7e-m\libg_s.a(lib_a-nano-msizer.o)
 .debug_frame   0x000011c8       0x20 c:/freescale/kds_3.0.0/toolchain/bin/../lib/gcc/arm-none-eabi/4.8.4/../../../../arm-none-eabi/lib/armv7e-m\libnosys.a(sbrk.o)
 .debug_frame   0x000011e8       0x20 c:/freescale/kds_3.0.0/toolchain/bin/../lib/gcc/arm-none-eabi/4.8.4/../../../../arm-none-eabi/lib/armv7e-m\libnosys.a(_exit.o)

.stabstr        0x00000000       0xdf
 .stabstr       0x00000000       0xdf c:/freescale/kds_3.0.0/toolchain/bin/../lib/gcc/arm-none-eabi/4.8.4/../../../../arm-none-eabi/lib/armv7e-m\libnosys.a(close.o)
