Archive member included because of file (symbol)

c:/freescale/kds_3.0.0/toolchain/bin/../lib/gcc/arm-none-eabi/4.8.4/../../../../arm-none-eabi/lib/armv7e-m\libg_s.a(lib_a-exit.o)
                              c:/freescale/kds_3.0.0/toolchain/bin/../lib/gcc/arm-none-eabi/4.8.4/../../../../arm-none-eabi/lib/armv7e-m/crt0.o (exit)
c:/freescale/kds_3.0.0/toolchain/bin/../lib/gcc/arm-none-eabi/4.8.4/../../../../arm-none-eabi/lib/armv7e-m\libg_s.a(lib_a-impure.o)
                              c:/freescale/kds_3.0.0/toolchain/bin/../lib/gcc/arm-none-eabi/4.8.4/../../../../arm-none-eabi/lib/armv7e-m\libg_s.a(lib_a-exit.o) (_global_impure_ptr)
c:/freescale/kds_3.0.0/toolchain/bin/../lib/gcc/arm-none-eabi/4.8.4/../../../../arm-none-eabi/lib/armv7e-m\libg_s.a(lib_a-init.o)
                              c:/freescale/kds_3.0.0/toolchain/bin/../lib/gcc/arm-none-eabi/4.8.4/../../../../arm-none-eabi/lib/armv7e-m/crt0.o (__libc_init_array)
c:/freescale/kds_3.0.0/toolchain/bin/../lib/gcc/arm-none-eabi/4.8.4/../../../../arm-none-eabi/lib/armv7e-m\libg_s.a(lib_a-memset.o)
                              c:/freescale/kds_3.0.0/toolchain/bin/../lib/gcc/arm-none-eabi/4.8.4/../../../../arm-none-eabi/lib/armv7e-m/crt0.o (memset)
c:/freescale/kds_3.0.0/toolchain/bin/../lib/gcc/arm-none-eabi/4.8.4/../../../../arm-none-eabi/lib/armv7e-m\libnosys.a(_exit.o)
                              c:/freescale/kds_3.0.0/toolchain/bin/../lib/gcc/arm-none-eabi/4.8.4/../../../../arm-none-eabi/lib/armv7e-m\libg_s.a(lib_a-exit.o) (_exit)

Allocating common symbols
Common symbol       size              file

ASerialLdd1_DeviceDataPtr
                    0x4               ./Generated_Code/Inhr1.o
AD1_OutV            0x8               ./Generated_Code/AD1.o
AdcLdd1_DeviceDataPtr
                    0x4               ./Generated_Code/AD1.o
SR_reg              0x1               ./Generated_Code/Cpu.o

Discarded input sections

 .text          0x00000000        0x0 c:/freescale/kds_3.0.0/toolchain/bin/../lib/gcc/arm-none-eabi/4.8.4/armv7e-m/crti.o
 .data          0x00000000        0x0 c:/freescale/kds_3.0.0/toolchain/bin/../lib/gcc/arm-none-eabi/4.8.4/armv7e-m/crti.o
 .bss           0x00000000        0x0 c:/freescale/kds_3.0.0/toolchain/bin/../lib/gcc/arm-none-eabi/4.8.4/armv7e-m/crti.o
 .data          0x00000000        0x4 c:/freescale/kds_3.0.0/toolchain/bin/../lib/gcc/arm-none-eabi/4.8.4/armv7e-m/crtbegin.o
 .data          0x00000000        0x0 c:/freescale/kds_3.0.0/toolchain/bin/../lib/gcc/arm-none-eabi/4.8.4/../../../../arm-none-eabi/lib/armv7e-m/crt0.o
 .bss           0x00000000        0x0 c:/freescale/kds_3.0.0/toolchain/bin/../lib/gcc/arm-none-eabi/4.8.4/../../../../arm-none-eabi/lib/armv7e-m/crt0.o
 .ARM.extab     0x00000000        0x0 c:/freescale/kds_3.0.0/toolchain/bin/../lib/gcc/arm-none-eabi/4.8.4/../../../../arm-none-eabi/lib/armv7e-m/crt0.o
 .group         0x00000000        0x8 ./Sources/Events.o
 .group         0x00000000        0x8 ./Sources/Events.o
 .group         0x00000000        0x8 ./Sources/Events.o
 .group         0x00000000        0x8 ./Sources/Events.o
 .group         0x00000000        0x8 ./Sources/Events.o
 .group         0x00000000        0x8 ./Sources/Events.o
 .group         0x00000000        0x8 ./Sources/Events.o
 .group         0x00000000        0x8 ./Sources/Events.o
 .group         0x00000000        0x8 ./Sources/Events.o
 .group         0x00000000        0x8 ./Sources/Events.o
 .group         0x00000000        0x8 ./Sources/Events.o
 .group         0x00000000        0x8 ./Sources/Events.o
 .group         0x00000000        0x8 ./Sources/Events.o
 .group         0x00000000        0x8 ./Sources/Events.o
 .group         0x00000000        0x8 ./Sources/Events.o
 .group         0x00000000        0x8 ./Sources/Events.o
 .group         0x00000000        0x8 ./Sources/Events.o
 .group         0x00000000        0x8 ./Sources/Events.o
 .text          0x00000000        0x0 ./Sources/Events.o
 .data          0x00000000        0x0 ./Sources/Events.o
 .bss           0x00000000        0x0 ./Sources/Events.o
 .group         0x00000000        0x8 ./Sources/OurMethods.o
 .group         0x00000000        0x8 ./Sources/OurMethods.o
 .group         0x00000000        0x8 ./Sources/OurMethods.o
 .group         0x00000000        0x8 ./Sources/OurMethods.o
 .group         0x00000000        0x8 ./Sources/OurMethods.o
 .group         0x00000000        0x8 ./Sources/OurMethods.o
 .group         0x00000000        0x8 ./Sources/OurMethods.o
 .group         0x00000000        0x8 ./Sources/OurMethods.o
 .group         0x00000000        0x8 ./Sources/OurMethods.o
 .group         0x00000000        0x8 ./Sources/OurMethods.o
 .text          0x00000000        0x0 ./Sources/OurMethods.o
 .data          0x00000000        0x0 ./Sources/OurMethods.o
 .bss           0x00000000        0x0 ./Sources/OurMethods.o
 .debug_macro   0x00000000      0x84a ./Sources/OurMethods.o
 .debug_macro   0x00000000       0x16 ./Sources/OurMethods.o
 .debug_macro   0x00000000       0x44 ./Sources/OurMethods.o
 .debug_macro   0x00000000      0x209 ./Sources/OurMethods.o
 .debug_macro   0x00000000     0x1672 ./Sources/OurMethods.o
 .debug_macro   0x00000000      0x14e ./Sources/OurMethods.o
 .debug_macro   0x00000000       0x6a ./Sources/OurMethods.o
 .debug_macro   0x00000000     0x9b9f ./Sources/OurMethods.o
 .group         0x00000000        0x8 ./Sources/main.o
 .group         0x00000000        0x8 ./Sources/main.o
 .group         0x00000000        0x8 ./Sources/main.o
 .group         0x00000000        0x8 ./Sources/main.o
 .group         0x00000000        0x8 ./Sources/main.o
 .group         0x00000000        0x8 ./Sources/main.o
 .group         0x00000000        0x8 ./Sources/main.o
 .group         0x00000000        0x8 ./Sources/main.o
 .group         0x00000000        0x8 ./Sources/main.o
 .group         0x00000000        0x8 ./Sources/main.o
 .group         0x00000000        0x8 ./Sources/main.o
 .group         0x00000000        0x8 ./Sources/main.o
 .group         0x00000000        0x8 ./Sources/main.o
 .group         0x00000000        0x8 ./Sources/main.o
 .group         0x00000000        0x8 ./Sources/main.o
 .group         0x00000000        0x8 ./Sources/main.o
 .group         0x00000000        0x8 ./Sources/main.o
 .group         0x00000000        0x8 ./Sources/main.o
 .group         0x00000000        0x8 ./Sources/main.o
 .text          0x00000000        0x0 ./Sources/main.o
 .data          0x00000000        0x0 ./Sources/main.o
 .bss           0x00000000        0x0 ./Sources/main.o
 .debug_macro   0x00000000      0x84a ./Sources/main.o
 .debug_macro   0x00000000       0x16 ./Sources/main.o
 .debug_macro   0x00000000       0x44 ./Sources/main.o
 .debug_macro   0x00000000      0x209 ./Sources/main.o
 .debug_macro   0x00000000     0x1672 ./Sources/main.o
 .debug_macro   0x00000000      0x14e ./Sources/main.o
 .debug_macro   0x00000000       0x6a ./Sources/main.o
 .debug_macro   0x00000000     0x9b9f ./Sources/main.o
 .debug_macro   0x00000000       0x94 ./Sources/main.o
 .debug_macro   0x00000000       0x5e ./Sources/main.o
 .debug_macro   0x00000000       0x11 ./Sources/main.o
 .debug_macro   0x00000000       0x94 ./Sources/main.o
 .debug_macro   0x00000000      0x616 ./Sources/main.o
 .debug_macro   0x00000000       0x97 ./Sources/main.o
 .debug_macro   0x00000000       0x11 ./Sources/main.o
 .debug_macro   0x00000000      0x132 ./Sources/main.o
 .debug_macro   0x00000000       0x2e ./Sources/main.o
 .debug_macro   0x00000000       0x34 ./Sources/main.o
 .debug_macro   0x00000000       0x22 ./Sources/main.o
 .group         0x00000000        0x8 ./Project_Settings/Startup_Code/startup.o
 .group         0x00000000        0x8 ./Project_Settings/Startup_Code/startup.o
 .group         0x00000000        0x8 ./Project_Settings/Startup_Code/startup.o
 .group         0x00000000        0x8 ./Project_Settings/Startup_Code/startup.o
 .group         0x00000000        0x8 ./Project_Settings/Startup_Code/startup.o
 .group         0x00000000        0x8 ./Project_Settings/Startup_Code/startup.o
 .group         0x00000000        0x8 ./Project_Settings/Startup_Code/startup.o
 .group         0x00000000        0x8 ./Project_Settings/Startup_Code/startup.o
 .group         0x00000000        0x8 ./Project_Settings/Startup_Code/startup.o
 .group         0x00000000        0x8 ./Project_Settings/Startup_Code/startup.o
 .group         0x00000000        0x8 ./Project_Settings/Startup_Code/startup.o
 .group         0x00000000        0x8 ./Project_Settings/Startup_Code/startup.o
 .group         0x00000000        0x8 ./Project_Settings/Startup_Code/startup.o
 .group         0x00000000        0x8 ./Project_Settings/Startup_Code/startup.o
 .group         0x00000000        0x8 ./Project_Settings/Startup_Code/startup.o
 .group         0x00000000        0x8 ./Project_Settings/Startup_Code/startup.o
 .group         0x00000000        0x8 ./Project_Settings/Startup_Code/startup.o
 .group         0x00000000        0x8 ./Project_Settings/Startup_Code/startup.o
 .group         0x00000000        0x8 ./Project_Settings/Startup_Code/startup.o
 .text          0x00000000        0x0 ./Project_Settings/Startup_Code/startup.o
 .data          0x00000000        0x0 ./Project_Settings/Startup_Code/startup.o
 .bss           0x00000000        0x0 ./Project_Settings/Startup_Code/startup.o
 .text.__init_hardware
                0x00000000        0xc ./Project_Settings/Startup_Code/startup.o
 .text.__iar_program_start
                0x00000000        0xc ./Project_Settings/Startup_Code/startup.o
 .debug_macro   0x00000000      0x84a ./Project_Settings/Startup_Code/startup.o
 .debug_macro   0x00000000       0x16 ./Project_Settings/Startup_Code/startup.o
 .group         0x00000000        0x8 ./Generated_Code/AD1.o
 .group         0x00000000        0x8 ./Generated_Code/AD1.o
 .group         0x00000000        0x8 ./Generated_Code/AD1.o
 .group         0x00000000        0x8 ./Generated_Code/AD1.o
 .group         0x00000000        0x8 ./Generated_Code/AD1.o
 .group         0x00000000        0x8 ./Generated_Code/AD1.o
 .group         0x00000000        0x8 ./Generated_Code/AD1.o
 .group         0x00000000        0x8 ./Generated_Code/AD1.o
 .group         0x00000000        0x8 ./Generated_Code/AD1.o
 .group         0x00000000        0x8 ./Generated_Code/AD1.o
 .group         0x00000000        0x8 ./Generated_Code/AD1.o
 .group         0x00000000        0x8 ./Generated_Code/AD1.o
 .group         0x00000000        0x8 ./Generated_Code/AD1.o
 .group         0x00000000        0x8 ./Generated_Code/AD1.o
 .group         0x00000000        0x8 ./Generated_Code/AD1.o
 .group         0x00000000        0x8 ./Generated_Code/AD1.o
 .group         0x00000000        0x8 ./Generated_Code/AD1.o
 .group         0x00000000        0x8 ./Generated_Code/AD1.o
 .text          0x00000000        0x0 ./Generated_Code/AD1.o
 .data          0x00000000        0x0 ./Generated_Code/AD1.o
 .bss           0x00000000        0x0 ./Generated_Code/AD1.o
 .text.AD1_GetValue8
                0x00000000       0x74 ./Generated_Code/AD1.o
 .text.AD1_GetChanValue8
                0x00000000       0x50 ./Generated_Code/AD1.o
 .debug_macro   0x00000000      0x84a ./Generated_Code/AD1.o
 .debug_macro   0x00000000       0x16 ./Generated_Code/AD1.o
 .debug_macro   0x00000000       0x44 ./Generated_Code/AD1.o
 .debug_macro   0x00000000      0x209 ./Generated_Code/AD1.o
 .debug_macro   0x00000000     0x1672 ./Generated_Code/AD1.o
 .debug_macro   0x00000000      0x14e ./Generated_Code/AD1.o
 .debug_macro   0x00000000       0x6a ./Generated_Code/AD1.o
 .debug_macro   0x00000000     0x9b9f ./Generated_Code/AD1.o
 .debug_macro   0x00000000       0x9a ./Generated_Code/AD1.o
 .debug_macro   0x00000000       0x5e ./Generated_Code/AD1.o
 .debug_macro   0x00000000       0x11 ./Generated_Code/AD1.o
 .debug_macro   0x00000000       0x94 ./Generated_Code/AD1.o
 .debug_macro   0x00000000      0x616 ./Generated_Code/AD1.o
 .debug_macro   0x00000000       0x97 ./Generated_Code/AD1.o
 .debug_macro   0x00000000       0x11 ./Generated_Code/AD1.o
 .debug_macro   0x00000000      0x132 ./Generated_Code/AD1.o
 .debug_macro   0x00000000       0x2e ./Generated_Code/AD1.o
 .debug_macro   0x00000000       0x34 ./Generated_Code/AD1.o
 .group         0x00000000        0x8 ./Generated_Code/ASerialLdd1.o
 .group         0x00000000        0x8 ./Generated_Code/ASerialLdd1.o
 .group         0x00000000        0x8 ./Generated_Code/ASerialLdd1.o
 .group         0x00000000        0x8 ./Generated_Code/ASerialLdd1.o
 .group         0x00000000        0x8 ./Generated_Code/ASerialLdd1.o
 .group         0x00000000        0x8 ./Generated_Code/ASerialLdd1.o
 .group         0x00000000        0x8 ./Generated_Code/ASerialLdd1.o
 .group         0x00000000        0x8 ./Generated_Code/ASerialLdd1.o
 .group         0x00000000        0x8 ./Generated_Code/ASerialLdd1.o
 .group         0x00000000        0x8 ./Generated_Code/ASerialLdd1.o
 .group         0x00000000        0x8 ./Generated_Code/ASerialLdd1.o
 .group         0x00000000        0x8 ./Generated_Code/ASerialLdd1.o
 .group         0x00000000        0x8 ./Generated_Code/ASerialLdd1.o
 .group         0x00000000        0x8 ./Generated_Code/ASerialLdd1.o
 .text          0x00000000        0x0 ./Generated_Code/ASerialLdd1.o
 .data          0x00000000        0x0 ./Generated_Code/ASerialLdd1.o
 .bss           0x00000000        0x0 ./Generated_Code/ASerialLdd1.o
 .text.ASerialLdd1_GetReceivedDataNum
                0x00000000       0x1c ./Generated_Code/ASerialLdd1.o
 .text.ASerialLdd1_GetError
                0x00000000       0x2c ./Generated_Code/ASerialLdd1.o
 .debug_macro   0x00000000      0x84a ./Generated_Code/ASerialLdd1.o
 .debug_macro   0x00000000       0x16 ./Generated_Code/ASerialLdd1.o
 .debug_macro   0x00000000       0x44 ./Generated_Code/ASerialLdd1.o
 .debug_macro   0x00000000      0x209 ./Generated_Code/ASerialLdd1.o
 .debug_macro   0x00000000     0x1672 ./Generated_Code/ASerialLdd1.o
 .debug_macro   0x00000000      0x14e ./Generated_Code/ASerialLdd1.o
 .debug_macro   0x00000000       0x6a ./Generated_Code/ASerialLdd1.o
 .debug_macro   0x00000000     0x9b9f ./Generated_Code/ASerialLdd1.o
 .debug_macro   0x00000000       0x94 ./Generated_Code/ASerialLdd1.o
 .debug_macro   0x00000000       0x94 ./Generated_Code/ASerialLdd1.o
 .group         0x00000000        0x8 ./Generated_Code/AdcLdd1.o
 .group         0x00000000        0x8 ./Generated_Code/AdcLdd1.o
 .group         0x00000000        0x8 ./Generated_Code/AdcLdd1.o
 .group         0x00000000        0x8 ./Generated_Code/AdcLdd1.o
 .group         0x00000000        0x8 ./Generated_Code/AdcLdd1.o
 .group         0x00000000        0x8 ./Generated_Code/AdcLdd1.o
 .group         0x00000000        0x8 ./Generated_Code/AdcLdd1.o
 .group         0x00000000        0x8 ./Generated_Code/AdcLdd1.o
 .group         0x00000000        0x8 ./Generated_Code/AdcLdd1.o
 .group         0x00000000        0x8 ./Generated_Code/AdcLdd1.o
 .group         0x00000000        0x8 ./Generated_Code/AdcLdd1.o
 .group         0x00000000        0x8 ./Generated_Code/AdcLdd1.o
 .group         0x00000000        0x8 ./Generated_Code/AdcLdd1.o
 .text          0x00000000        0x0 ./Generated_Code/AdcLdd1.o
 .data          0x00000000        0x0 ./Generated_Code/AdcLdd1.o
 .bss           0x00000000        0x0 ./Generated_Code/AdcLdd1.o
 .text.AdcLdd1_CancelMeasurement
                0x00000000       0x2c ./Generated_Code/AdcLdd1.o
 .debug_macro   0x00000000      0x84a ./Generated_Code/AdcLdd1.o
 .debug_macro   0x00000000       0x16 ./Generated_Code/AdcLdd1.o
 .debug_macro   0x00000000       0x44 ./Generated_Code/AdcLdd1.o
 .debug_macro   0x00000000      0x209 ./Generated_Code/AdcLdd1.o
 .debug_macro   0x00000000     0x1672 ./Generated_Code/AdcLdd1.o
 .debug_macro   0x00000000      0x14e ./Generated_Code/AdcLdd1.o
 .debug_macro   0x00000000       0x6a ./Generated_Code/AdcLdd1.o
 .debug_macro   0x00000000     0x9b9f ./Generated_Code/AdcLdd1.o
 .debug_macro   0x00000000       0x9a ./Generated_Code/AdcLdd1.o
 .debug_macro   0x00000000       0x94 ./Generated_Code/AdcLdd1.o
 .debug_macro   0x00000000      0x616 ./Generated_Code/AdcLdd1.o
 .debug_macro   0x00000000       0x97 ./Generated_Code/AdcLdd1.o
 .debug_macro   0x00000000       0x11 ./Generated_Code/AdcLdd1.o
 .group         0x00000000        0x8 ./Generated_Code/BitIoLdd1.o
 .group         0x00000000        0x8 ./Generated_Code/BitIoLdd1.o
 .group         0x00000000        0x8 ./Generated_Code/BitIoLdd1.o
 .group         0x00000000        0x8 ./Generated_Code/BitIoLdd1.o
 .group         0x00000000        0x8 ./Generated_Code/BitIoLdd1.o
 .group         0x00000000        0x8 ./Generated_Code/BitIoLdd1.o
 .group         0x00000000        0x8 ./Generated_Code/BitIoLdd1.o
 .group         0x00000000        0x8 ./Generated_Code/BitIoLdd1.o
 .group         0x00000000        0x8 ./Generated_Code/BitIoLdd1.o
 .group         0x00000000        0x8 ./Generated_Code/BitIoLdd1.o
 .group         0x00000000        0x8 ./Generated_Code/BitIoLdd1.o
 .group         0x00000000        0x8 ./Generated_Code/BitIoLdd1.o
 .text          0x00000000        0x0 ./Generated_Code/BitIoLdd1.o
 .data          0x00000000        0x0 ./Generated_Code/BitIoLdd1.o
 .bss           0x00000000        0x0 ./Generated_Code/BitIoLdd1.o
 .text.BitIoLdd1_GetVal
                0x00000000       0x30 ./Generated_Code/BitIoLdd1.o
 .debug_macro   0x00000000      0x84a ./Generated_Code/BitIoLdd1.o
 .debug_macro   0x00000000       0x16 ./Generated_Code/BitIoLdd1.o
 .debug_macro   0x00000000       0x44 ./Generated_Code/BitIoLdd1.o
 .debug_macro   0x00000000      0x209 ./Generated_Code/BitIoLdd1.o
 .debug_macro   0x00000000     0x1672 ./Generated_Code/BitIoLdd1.o
 .debug_macro   0x00000000      0x14e ./Generated_Code/BitIoLdd1.o
 .debug_macro   0x00000000       0x6a ./Generated_Code/BitIoLdd1.o
 .debug_macro   0x00000000     0x9b9f ./Generated_Code/BitIoLdd1.o
 .debug_macro   0x00000000       0x94 ./Generated_Code/BitIoLdd1.o
 .debug_macro   0x00000000       0x9a ./Generated_Code/BitIoLdd1.o
 .debug_macro   0x00000000       0x2e ./Generated_Code/BitIoLdd1.o
 .group         0x00000000        0x8 ./Generated_Code/BitIoLdd2.o
 .group         0x00000000        0x8 ./Generated_Code/BitIoLdd2.o
 .group         0x00000000        0x8 ./Generated_Code/BitIoLdd2.o
 .group         0x00000000        0x8 ./Generated_Code/BitIoLdd2.o
 .group         0x00000000        0x8 ./Generated_Code/BitIoLdd2.o
 .group         0x00000000        0x8 ./Generated_Code/BitIoLdd2.o
 .group         0x00000000        0x8 ./Generated_Code/BitIoLdd2.o
 .group         0x00000000        0x8 ./Generated_Code/BitIoLdd2.o
 .group         0x00000000        0x8 ./Generated_Code/BitIoLdd2.o
 .group         0x00000000        0x8 ./Generated_Code/BitIoLdd2.o
 .group         0x00000000        0x8 ./Generated_Code/BitIoLdd2.o
 .group         0x00000000        0x8 ./Generated_Code/BitIoLdd2.o
 .text          0x00000000        0x0 ./Generated_Code/BitIoLdd2.o
 .data          0x00000000        0x0 ./Generated_Code/BitIoLdd2.o
 .bss           0x00000000        0x0 ./Generated_Code/BitIoLdd2.o
 .text.BitIoLdd2_GetVal
                0x00000000       0x30 ./Generated_Code/BitIoLdd2.o
 .debug_macro   0x00000000      0x84a ./Generated_Code/BitIoLdd2.o
 .debug_macro   0x00000000       0x16 ./Generated_Code/BitIoLdd2.o
 .debug_macro   0x00000000       0x44 ./Generated_Code/BitIoLdd2.o
 .debug_macro   0x00000000      0x209 ./Generated_Code/BitIoLdd2.o
 .debug_macro   0x00000000     0x1672 ./Generated_Code/BitIoLdd2.o
 .debug_macro   0x00000000      0x14e ./Generated_Code/BitIoLdd2.o
 .debug_macro   0x00000000       0x6a ./Generated_Code/BitIoLdd2.o
 .debug_macro   0x00000000     0x9b9f ./Generated_Code/BitIoLdd2.o
 .debug_macro   0x00000000       0x94 ./Generated_Code/BitIoLdd2.o
 .debug_macro   0x00000000      0x12c ./Generated_Code/BitIoLdd2.o
 .debug_macro   0x00000000       0x9a ./Generated_Code/BitIoLdd2.o
 .group         0x00000000        0x8 ./Generated_Code/Cpu.o
 .group         0x00000000        0x8 ./Generated_Code/Cpu.o
 .group         0x00000000        0x8 ./Generated_Code/Cpu.o
 .group         0x00000000        0x8 ./Generated_Code/Cpu.o
 .group         0x00000000        0x8 ./Generated_Code/Cpu.o
 .group         0x00000000        0x8 ./Generated_Code/Cpu.o
 .group         0x00000000        0x8 ./Generated_Code/Cpu.o
 .group         0x00000000        0x8 ./Generated_Code/Cpu.o
 .group         0x00000000        0x8 ./Generated_Code/Cpu.o
 .group         0x00000000        0x8 ./Generated_Code/Cpu.o
 .group         0x00000000        0x8 ./Generated_Code/Cpu.o
 .group         0x00000000        0x8 ./Generated_Code/Cpu.o
 .group         0x00000000        0x8 ./Generated_Code/Cpu.o
 .group         0x00000000        0x8 ./Generated_Code/Cpu.o
 .group         0x00000000        0x8 ./Generated_Code/Cpu.o
 .group         0x00000000        0x8 ./Generated_Code/Cpu.o
 .group         0x00000000        0x8 ./Generated_Code/Cpu.o
 .group         0x00000000        0x8 ./Generated_Code/Cpu.o
 .text          0x00000000        0x0 ./Generated_Code/Cpu.o
 .data          0x00000000        0x0 ./Generated_Code/Cpu.o
 .bss           0x00000000        0x0 ./Generated_Code/Cpu.o
 .debug_macro   0x00000000      0x84a ./Generated_Code/Cpu.o
 .debug_macro   0x00000000       0x16 ./Generated_Code/Cpu.o
 .debug_macro   0x00000000       0x44 ./Generated_Code/Cpu.o
 .debug_macro   0x00000000      0x209 ./Generated_Code/Cpu.o
 .debug_macro   0x00000000     0x1672 ./Generated_Code/Cpu.o
 .debug_macro   0x00000000      0x14e ./Generated_Code/Cpu.o
 .debug_macro   0x00000000       0x6a ./Generated_Code/Cpu.o
 .debug_macro   0x00000000     0x9b9f ./Generated_Code/Cpu.o
 .debug_macro   0x00000000       0x9a ./Generated_Code/Cpu.o
 .debug_macro   0x00000000       0x5e ./Generated_Code/Cpu.o
 .debug_macro   0x00000000       0x11 ./Generated_Code/Cpu.o
 .debug_macro   0x00000000       0x94 ./Generated_Code/Cpu.o
 .debug_macro   0x00000000      0x616 ./Generated_Code/Cpu.o
 .debug_macro   0x00000000       0x97 ./Generated_Code/Cpu.o
 .debug_macro   0x00000000       0x11 ./Generated_Code/Cpu.o
 .debug_macro   0x00000000      0x132 ./Generated_Code/Cpu.o
 .debug_macro   0x00000000       0x2e ./Generated_Code/Cpu.o
 .debug_macro   0x00000000       0x34 ./Generated_Code/Cpu.o
 .group         0x00000000        0x8 ./Generated_Code/Inhr1.o
 .group         0x00000000        0x8 ./Generated_Code/Inhr1.o
 .group         0x00000000        0x8 ./Generated_Code/Inhr1.o
 .group         0x00000000        0x8 ./Generated_Code/Inhr1.o
 .group         0x00000000        0x8 ./Generated_Code/Inhr1.o
 .group         0x00000000        0x8 ./Generated_Code/Inhr1.o
 .group         0x00000000        0x8 ./Generated_Code/Inhr1.o
 .group         0x00000000        0x8 ./Generated_Code/Inhr1.o
 .group         0x00000000        0x8 ./Generated_Code/Inhr1.o
 .group         0x00000000        0x8 ./Generated_Code/Inhr1.o
 .group         0x00000000        0x8 ./Generated_Code/Inhr1.o
 .text          0x00000000        0x0 ./Generated_Code/Inhr1.o
 .data          0x00000000        0x0 ./Generated_Code/Inhr1.o
 .bss           0x00000000        0x0 ./Generated_Code/Inhr1.o
 .text.Inhr1_RecvChar
                0x00000000       0x80 ./Generated_Code/Inhr1.o
 .text.Inhr1_GetCharsInRxBuf
                0x00000000       0x24 ./Generated_Code/Inhr1.o
 .debug_macro   0x00000000      0x84a ./Generated_Code/Inhr1.o
 .debug_macro   0x00000000       0x16 ./Generated_Code/Inhr1.o
 .debug_macro   0x00000000       0x44 ./Generated_Code/Inhr1.o
 .debug_macro   0x00000000      0x209 ./Generated_Code/Inhr1.o
 .debug_macro   0x00000000     0x1672 ./Generated_Code/Inhr1.o
 .debug_macro   0x00000000      0x14e ./Generated_Code/Inhr1.o
 .debug_macro   0x00000000       0x6a ./Generated_Code/Inhr1.o
 .debug_macro   0x00000000     0x9b9f ./Generated_Code/Inhr1.o
 .debug_macro   0x00000000       0x94 ./Generated_Code/Inhr1.o
 .debug_macro   0x00000000       0x58 ./Generated_Code/Inhr1.o
 .debug_macro   0x00000000       0x11 ./Generated_Code/Inhr1.o
 .group         0x00000000        0x8 ./Generated_Code/PE_LDD.o
 .group         0x00000000        0x8 ./Generated_Code/PE_LDD.o
 .group         0x00000000        0x8 ./Generated_Code/PE_LDD.o
 .group         0x00000000        0x8 ./Generated_Code/PE_LDD.o
 .group         0x00000000        0x8 ./Generated_Code/PE_LDD.o
 .group         0x00000000        0x8 ./Generated_Code/PE_LDD.o
 .group         0x00000000        0x8 ./Generated_Code/PE_LDD.o
 .group         0x00000000        0x8 ./Generated_Code/PE_LDD.o
 .group         0x00000000        0x8 ./Generated_Code/PE_LDD.o
 .group         0x00000000        0x8 ./Generated_Code/PE_LDD.o
 .group         0x00000000        0x8 ./Generated_Code/PE_LDD.o
 .group         0x00000000        0x8 ./Generated_Code/PE_LDD.o
 .group         0x00000000        0x8 ./Generated_Code/PE_LDD.o
 .group         0x00000000        0x8 ./Generated_Code/PE_LDD.o
 .group         0x00000000        0x8 ./Generated_Code/PE_LDD.o
 .group         0x00000000        0x8 ./Generated_Code/PE_LDD.o
 .group         0x00000000        0x8 ./Generated_Code/PE_LDD.o
 .group         0x00000000        0x8 ./Generated_Code/PE_LDD.o
 .text          0x00000000        0x0 ./Generated_Code/PE_LDD.o
 .data          0x00000000        0x0 ./Generated_Code/PE_LDD.o
 .bss           0x00000000        0x0 ./Generated_Code/PE_LDD.o
 .rodata.PE_CpuClockConfigurations
                0x00000000       0x28 ./Generated_Code/PE_LDD.o
 .text.PE_FillMemory
                0x00000000       0x24 ./Generated_Code/PE_LDD.o
 .text.PE_PeripheralUsed
                0x00000000       0x54 ./Generated_Code/PE_LDD.o
 .text.LDD_SetClockConfiguration
                0x00000000       0x14 ./Generated_Code/PE_LDD.o
 .debug_macro   0x00000000      0x84a ./Generated_Code/PE_LDD.o
 .debug_macro   0x00000000       0x16 ./Generated_Code/PE_LDD.o
 .debug_macro   0x00000000       0x44 ./Generated_Code/PE_LDD.o
 .debug_macro   0x00000000      0x209 ./Generated_Code/PE_LDD.o
 .debug_macro   0x00000000     0x1672 ./Generated_Code/PE_LDD.o
 .debug_macro   0x00000000      0x14e ./Generated_Code/PE_LDD.o
 .debug_macro   0x00000000       0x6a ./Generated_Code/PE_LDD.o
 .debug_macro   0x00000000     0x9b9f ./Generated_Code/PE_LDD.o
 .debug_macro   0x00000000       0x9a ./Generated_Code/PE_LDD.o
 .debug_macro   0x00000000       0x5e ./Generated_Code/PE_LDD.o
 .debug_macro   0x00000000       0x11 ./Generated_Code/PE_LDD.o
 .debug_macro   0x00000000       0x94 ./Generated_Code/PE_LDD.o
 .debug_macro   0x00000000      0x616 ./Generated_Code/PE_LDD.o
 .debug_macro   0x00000000       0x97 ./Generated_Code/PE_LDD.o
 .debug_macro   0x00000000       0x11 ./Generated_Code/PE_LDD.o
 .debug_macro   0x00000000      0x132 ./Generated_Code/PE_LDD.o
 .debug_macro   0x00000000       0x2e ./Generated_Code/PE_LDD.o
 .debug_macro   0x00000000       0x34 ./Generated_Code/PE_LDD.o
 .group         0x00000000        0x8 ./Generated_Code/Term1.o
 .group         0x00000000        0x8 ./Generated_Code/Term1.o
 .group         0x00000000        0x8 ./Generated_Code/Term1.o
 .group         0x00000000        0x8 ./Generated_Code/Term1.o
 .group         0x00000000        0x8 ./Generated_Code/Term1.o
 .group         0x00000000        0x8 ./Generated_Code/Term1.o
 .group         0x00000000        0x8 ./Generated_Code/Term1.o
 .group         0x00000000        0x8 ./Generated_Code/Term1.o
 .group         0x00000000        0x8 ./Generated_Code/Term1.o
 .group         0x00000000        0x8 ./Generated_Code/Term1.o
 .group         0x00000000        0x8 ./Generated_Code/Term1.o
 .text          0x00000000        0x0 ./Generated_Code/Term1.o
 .data          0x00000000        0x0 ./Generated_Code/Term1.o
 .bss           0x00000000        0x0 ./Generated_Code/Term1.o
 .text.Term1_SendChar
                0x00000000       0x20 ./Generated_Code/Term1.o
 .text.Term1_ReadChar
                0x00000000       0x1c ./Generated_Code/Term1.o
 .text.Term1_KeyPressed
                0x00000000       0x1c ./Generated_Code/Term1.o
 .text.Term1_CRLF
                0x00000000       0x24 ./Generated_Code/Term1.o
 .debug_macro   0x00000000      0x84a ./Generated_Code/Term1.o
 .debug_macro   0x00000000       0x16 ./Generated_Code/Term1.o
 .debug_macro   0x00000000       0x44 ./Generated_Code/Term1.o
 .debug_macro   0x00000000      0x209 ./Generated_Code/Term1.o
 .debug_macro   0x00000000     0x1672 ./Generated_Code/Term1.o
 .debug_macro   0x00000000      0x14e ./Generated_Code/Term1.o
 .debug_macro   0x00000000       0x6a ./Generated_Code/Term1.o
 .debug_macro   0x00000000     0x9b9f ./Generated_Code/Term1.o
 .debug_macro   0x00000000       0x9a ./Generated_Code/Term1.o
 .debug_macro   0x00000000       0x5e ./Generated_Code/Term1.o
 .debug_macro   0x00000000       0x11 ./Generated_Code/Term1.o
 .group         0x00000000        0x8 ./Generated_Code/Vectors.o
 .group         0x00000000        0x8 ./Generated_Code/Vectors.o
 .group         0x00000000        0x8 ./Generated_Code/Vectors.o
 .group         0x00000000        0x8 ./Generated_Code/Vectors.o
 .group         0x00000000        0x8 ./Generated_Code/Vectors.o
 .group         0x00000000        0x8 ./Generated_Code/Vectors.o
 .group         0x00000000        0x8 ./Generated_Code/Vectors.o
 .group         0x00000000        0x8 ./Generated_Code/Vectors.o
 .group         0x00000000        0x8 ./Generated_Code/Vectors.o
 .group         0x00000000        0x8 ./Generated_Code/Vectors.o
 .group         0x00000000        0x8 ./Generated_Code/Vectors.o
 .group         0x00000000        0x8 ./Generated_Code/Vectors.o
 .group         0x00000000        0x8 ./Generated_Code/Vectors.o
 .group         0x00000000        0x8 ./Generated_Code/Vectors.o
 .group         0x00000000        0x8 ./Generated_Code/Vectors.o
 .group         0x00000000        0x8 ./Generated_Code/Vectors.o
 .group         0x00000000        0x8 ./Generated_Code/Vectors.o
 .group         0x00000000        0x8 ./Generated_Code/Vectors.o
 .text          0x00000000        0x0 ./Generated_Code/Vectors.o
 .data          0x00000000        0x0 ./Generated_Code/Vectors.o
 .bss           0x00000000        0x0 ./Generated_Code/Vectors.o
 .debug_macro   0x00000000      0x84a ./Generated_Code/Vectors.o
 .debug_macro   0x00000000       0x16 ./Generated_Code/Vectors.o
 .debug_macro   0x00000000       0x44 ./Generated_Code/Vectors.o
 .debug_macro   0x00000000      0x209 ./Generated_Code/Vectors.o
 .debug_macro   0x00000000     0x1672 ./Generated_Code/Vectors.o
 .debug_macro   0x00000000      0x14e ./Generated_Code/Vectors.o
 .debug_macro   0x00000000       0x6a ./Generated_Code/Vectors.o
 .debug_macro   0x00000000     0x9b9f ./Generated_Code/Vectors.o
 .debug_macro   0x00000000       0x94 ./Generated_Code/Vectors.o
 .debug_macro   0x00000000       0x5e ./Generated_Code/Vectors.o
 .debug_macro   0x00000000       0x11 ./Generated_Code/Vectors.o
 .debug_macro   0x00000000       0x94 ./Generated_Code/Vectors.o
 .debug_macro   0x00000000      0x616 ./Generated_Code/Vectors.o
 .debug_macro   0x00000000       0x97 ./Generated_Code/Vectors.o
 .debug_macro   0x00000000       0x11 ./Generated_Code/Vectors.o
 .debug_macro   0x00000000      0x132 ./Generated_Code/Vectors.o
 .debug_macro   0x00000000       0x2e ./Generated_Code/Vectors.o
 .debug_macro   0x00000000       0x34 ./Generated_Code/Vectors.o
 .group         0x00000000        0x8 ./Generated_Code/leftSwitch.o
 .group         0x00000000        0x8 ./Generated_Code/leftSwitch.o
 .group         0x00000000        0x8 ./Generated_Code/leftSwitch.o
 .group         0x00000000        0x8 ./Generated_Code/leftSwitch.o
 .group         0x00000000        0x8 ./Generated_Code/leftSwitch.o
 .group         0x00000000        0x8 ./Generated_Code/leftSwitch.o
 .group         0x00000000        0x8 ./Generated_Code/leftSwitch.o
 .group         0x00000000        0x8 ./Generated_Code/leftSwitch.o
 .group         0x00000000        0x8 ./Generated_Code/leftSwitch.o
 .group         0x00000000        0x8 ./Generated_Code/leftSwitch.o
 .group         0x00000000        0x8 ./Generated_Code/leftSwitch.o
 .group         0x00000000        0x8 ./Generated_Code/leftSwitch.o
 .text          0x00000000        0x0 ./Generated_Code/leftSwitch.o
 .data          0x00000000        0x0 ./Generated_Code/leftSwitch.o
 .bss           0x00000000        0x0 ./Generated_Code/leftSwitch.o
 .debug_info    0x00000000       0x7d ./Generated_Code/leftSwitch.o
 .debug_abbrev  0x00000000       0x29 ./Generated_Code/leftSwitch.o
 .debug_aranges
                0x00000000       0x18 ./Generated_Code/leftSwitch.o
 .debug_macro   0x00000000       0xb6 ./Generated_Code/leftSwitch.o
 .debug_macro   0x00000000      0x84a ./Generated_Code/leftSwitch.o
 .debug_macro   0x00000000       0x16 ./Generated_Code/leftSwitch.o
 .debug_macro   0x00000000       0x44 ./Generated_Code/leftSwitch.o
 .debug_macro   0x00000000      0x209 ./Generated_Code/leftSwitch.o
 .debug_macro   0x00000000     0x1672 ./Generated_Code/leftSwitch.o
 .debug_macro   0x00000000      0x14e ./Generated_Code/leftSwitch.o
 .debug_macro   0x00000000       0x6a ./Generated_Code/leftSwitch.o
 .debug_macro   0x00000000     0x9b9f ./Generated_Code/leftSwitch.o
 .debug_macro   0x00000000       0x94 ./Generated_Code/leftSwitch.o
 .debug_macro   0x00000000      0x12c ./Generated_Code/leftSwitch.o
 .debug_macro   0x00000000       0x9a ./Generated_Code/leftSwitch.o
 .debug_macro   0x00000000       0x2e ./Generated_Code/leftSwitch.o
 .debug_line    0x00000000      0x28f ./Generated_Code/leftSwitch.o
 .debug_str     0x00000000    0x3fc45 ./Generated_Code/leftSwitch.o
 .comment       0x00000000       0x71 ./Generated_Code/leftSwitch.o
 .ARM.attributes
                0x00000000       0x33 ./Generated_Code/leftSwitch.o
 .group         0x00000000        0x8 ./Generated_Code/rightSwitch.o
 .group         0x00000000        0x8 ./Generated_Code/rightSwitch.o
 .group         0x00000000        0x8 ./Generated_Code/rightSwitch.o
 .group         0x00000000        0x8 ./Generated_Code/rightSwitch.o
 .group         0x00000000        0x8 ./Generated_Code/rightSwitch.o
 .group         0x00000000        0x8 ./Generated_Code/rightSwitch.o
 .group         0x00000000        0x8 ./Generated_Code/rightSwitch.o
 .group         0x00000000        0x8 ./Generated_Code/rightSwitch.o
 .group         0x00000000        0x8 ./Generated_Code/rightSwitch.o
 .group         0x00000000        0x8 ./Generated_Code/rightSwitch.o
 .group         0x00000000        0x8 ./Generated_Code/rightSwitch.o
 .group         0x00000000        0x8 ./Generated_Code/rightSwitch.o
 .text          0x00000000        0x0 ./Generated_Code/rightSwitch.o
 .data          0x00000000        0x0 ./Generated_Code/rightSwitch.o
 .bss           0x00000000        0x0 ./Generated_Code/rightSwitch.o
 .debug_info    0x00000000       0x7d ./Generated_Code/rightSwitch.o
 .debug_abbrev  0x00000000       0x29 ./Generated_Code/rightSwitch.o
 .debug_aranges
                0x00000000       0x18 ./Generated_Code/rightSwitch.o
 .debug_macro   0x00000000       0xb6 ./Generated_Code/rightSwitch.o
 .debug_macro   0x00000000      0x84a ./Generated_Code/rightSwitch.o
 .debug_macro   0x00000000       0x16 ./Generated_Code/rightSwitch.o
 .debug_macro   0x00000000       0x44 ./Generated_Code/rightSwitch.o
 .debug_macro   0x00000000      0x209 ./Generated_Code/rightSwitch.o
 .debug_macro   0x00000000     0x1672 ./Generated_Code/rightSwitch.o
 .debug_macro   0x00000000      0x14e ./Generated_Code/rightSwitch.o
 .debug_macro   0x00000000       0x6a ./Generated_Code/rightSwitch.o
 .debug_macro   0x00000000     0x9b9f ./Generated_Code/rightSwitch.o
 .debug_macro   0x00000000       0x94 ./Generated_Code/rightSwitch.o
 .debug_macro   0x00000000      0x12c ./Generated_Code/rightSwitch.o
 .debug_macro   0x00000000       0x9a ./Generated_Code/rightSwitch.o
 .debug_macro   0x00000000       0x2e ./Generated_Code/rightSwitch.o
 .debug_line    0x00000000      0x291 ./Generated_Code/rightSwitch.o
 .debug_str     0x00000000    0x3fc48 ./Generated_Code/rightSwitch.o
 .comment       0x00000000       0x71 ./Generated_Code/rightSwitch.o
 .ARM.attributes
                0x00000000       0x33 ./Generated_Code/rightSwitch.o
 .group         0x00000000        0x8 ./.metadata/.plugins/org.eclipse.cdt.make.core/specs.o
 .text          0x00000000        0x0 ./.metadata/.plugins/org.eclipse.cdt.make.core/specs.o
 .data          0x00000000        0x0 ./.metadata/.plugins/org.eclipse.cdt.make.core/specs.o
 .bss           0x00000000        0x0 ./.metadata/.plugins/org.eclipse.cdt.make.core/specs.o
 .debug_info    0x00000000       0x21 ./.metadata/.plugins/org.eclipse.cdt.make.core/specs.o
 .debug_abbrev  0x00000000       0x13 ./.metadata/.plugins/org.eclipse.cdt.make.core/specs.o
 .debug_aranges
                0x00000000       0x18 ./.metadata/.plugins/org.eclipse.cdt.make.core/specs.o
 .debug_macro   0x00000000       0x11 ./.metadata/.plugins/org.eclipse.cdt.make.core/specs.o
 .debug_macro   0x00000000      0x84a ./.metadata/.plugins/org.eclipse.cdt.make.core/specs.o
 .debug_line    0x00000000       0x58 ./.metadata/.plugins/org.eclipse.cdt.make.core/specs.o
 .debug_str     0x00000000     0x2415 ./.metadata/.plugins/org.eclipse.cdt.make.core/specs.o
 .comment       0x00000000       0x71 ./.metadata/.plugins/org.eclipse.cdt.make.core/specs.o
 .ARM.attributes
                0x00000000       0x33 ./.metadata/.plugins/org.eclipse.cdt.make.core/specs.o
 .text          0x00000000        0x0 c:/freescale/kds_3.0.0/toolchain/bin/../lib/gcc/arm-none-eabi/4.8.4/../../../../arm-none-eabi/lib/armv7e-m\libg_s.a(lib_a-exit.o)
 .data          0x00000000        0x0 c:/freescale/kds_3.0.0/toolchain/bin/../lib/gcc/arm-none-eabi/4.8.4/../../../../arm-none-eabi/lib/armv7e-m\libg_s.a(lib_a-exit.o)
 .bss           0x00000000        0x0 c:/freescale/kds_3.0.0/toolchain/bin/../lib/gcc/arm-none-eabi/4.8.4/../../../../arm-none-eabi/lib/armv7e-m\libg_s.a(lib_a-exit.o)
 .text          0x00000000        0x0 c:/freescale/kds_3.0.0/toolchain/bin/../lib/gcc/arm-none-eabi/4.8.4/../../../../arm-none-eabi/lib/armv7e-m\libg_s.a(lib_a-impure.o)
 .data          0x00000000        0x0 c:/freescale/kds_3.0.0/toolchain/bin/../lib/gcc/arm-none-eabi/4.8.4/../../../../arm-none-eabi/lib/armv7e-m\libg_s.a(lib_a-impure.o)
 .bss           0x00000000        0x0 c:/freescale/kds_3.0.0/toolchain/bin/../lib/gcc/arm-none-eabi/4.8.4/../../../../arm-none-eabi/lib/armv7e-m\libg_s.a(lib_a-impure.o)
 .data._impure_ptr
                0x00000000        0x4 c:/freescale/kds_3.0.0/toolchain/bin/../lib/gcc/arm-none-eabi/4.8.4/../../../../arm-none-eabi/lib/armv7e-m\libg_s.a(lib_a-impure.o)
 .text          0x00000000        0x0 c:/freescale/kds_3.0.0/toolchain/bin/../lib/gcc/arm-none-eabi/4.8.4/../../../../arm-none-eabi/lib/armv7e-m\libg_s.a(lib_a-init.o)
 .data          0x00000000        0x0 c:/freescale/kds_3.0.0/toolchain/bin/../lib/gcc/arm-none-eabi/4.8.4/../../../../arm-none-eabi/lib/armv7e-m\libg_s.a(lib_a-init.o)
 .bss           0x00000000        0x0 c:/freescale/kds_3.0.0/toolchain/bin/../lib/gcc/arm-none-eabi/4.8.4/../../../../arm-none-eabi/lib/armv7e-m\libg_s.a(lib_a-init.o)
 .text          0x00000000        0x0 c:/freescale/kds_3.0.0/toolchain/bin/../lib/gcc/arm-none-eabi/4.8.4/../../../../arm-none-eabi/lib/armv7e-m\libg_s.a(lib_a-memset.o)
 .data          0x00000000        0x0 c:/freescale/kds_3.0.0/toolchain/bin/../lib/gcc/arm-none-eabi/4.8.4/../../../../arm-none-eabi/lib/armv7e-m\libg_s.a(lib_a-memset.o)
 .bss           0x00000000        0x0 c:/freescale/kds_3.0.0/toolchain/bin/../lib/gcc/arm-none-eabi/4.8.4/../../../../arm-none-eabi/lib/armv7e-m\libg_s.a(lib_a-memset.o)
 .text          0x00000000        0x0 c:/freescale/kds_3.0.0/toolchain/bin/../lib/gcc/arm-none-eabi/4.8.4/../../../../arm-none-eabi/lib/armv7e-m\libnosys.a(_exit.o)
 .data          0x00000000        0x0 c:/freescale/kds_3.0.0/toolchain/bin/../lib/gcc/arm-none-eabi/4.8.4/../../../../arm-none-eabi/lib/armv7e-m\libnosys.a(_exit.o)
 .bss           0x00000000        0x0 c:/freescale/kds_3.0.0/toolchain/bin/../lib/gcc/arm-none-eabi/4.8.4/../../../../arm-none-eabi/lib/armv7e-m\libnosys.a(_exit.o)
 .text          0x00000000        0x0 c:/freescale/kds_3.0.0/toolchain/bin/../lib/gcc/arm-none-eabi/4.8.4/armv7e-m/crtend.o
 .data          0x00000000        0x0 c:/freescale/kds_3.0.0/toolchain/bin/../lib/gcc/arm-none-eabi/4.8.4/armv7e-m/crtend.o
 .bss           0x00000000        0x0 c:/freescale/kds_3.0.0/toolchain/bin/../lib/gcc/arm-none-eabi/4.8.4/armv7e-m/crtend.o
 .eh_frame      0x00000000        0x4 c:/freescale/kds_3.0.0/toolchain/bin/../lib/gcc/arm-none-eabi/4.8.4/armv7e-m/crtend.o
 .jcr           0x00000000        0x4 c:/freescale/kds_3.0.0/toolchain/bin/../lib/gcc/arm-none-eabi/4.8.4/armv7e-m/crtend.o
 .ARM.attributes
                0x00000000       0x2e c:/freescale/kds_3.0.0/toolchain/bin/../lib/gcc/arm-none-eabi/4.8.4/armv7e-m/crtend.o
 .text          0x00000000        0x0 c:/freescale/kds_3.0.0/toolchain/bin/../lib/gcc/arm-none-eabi/4.8.4/armv7e-m/crtn.o
 .data          0x00000000        0x0 c:/freescale/kds_3.0.0/toolchain/bin/../lib/gcc/arm-none-eabi/4.8.4/armv7e-m/crtn.o
 .bss           0x00000000        0x0 c:/freescale/kds_3.0.0/toolchain/bin/../lib/gcc/arm-none-eabi/4.8.4/armv7e-m/crtn.o

Memory Configuration

Name             Origin             Length             Attributes
m_interrupts     0x00000000         0x000000f8         xr
m_text           0x00000410         0x0001fbf0         xr
m_data           0x1fffe000         0x00002000         rw
m_data_20000000  0x20000000         0x00002000         rw
m_cfmprotrom     0x00000400         0x00000010         xr
*default*        0x00000000         0xffffffff

Linker script and memory map

LOAD c:/freescale/kds_3.0.0/toolchain/bin/../lib/gcc/arm-none-eabi/4.8.4/armv7e-m/crti.o
LOAD c:/freescale/kds_3.0.0/toolchain/bin/../lib/gcc/arm-none-eabi/4.8.4/armv7e-m/crtbegin.o
LOAD c:/freescale/kds_3.0.0/toolchain/bin/../lib/gcc/arm-none-eabi/4.8.4/../../../../arm-none-eabi/lib/armv7e-m/crt0.o
LOAD ./Sources/Events.o
LOAD ./Sources/OurMethods.o
LOAD ./Sources/main.o
LOAD ./Project_Settings/Startup_Code/startup.o
LOAD ./Generated_Code/AD1.o
LOAD ./Generated_Code/ASerialLdd1.o
LOAD ./Generated_Code/AdcLdd1.o
LOAD ./Generated_Code/BitIoLdd1.o
LOAD ./Generated_Code/BitIoLdd2.o
LOAD ./Generated_Code/Cpu.o
LOAD ./Generated_Code/Inhr1.o
LOAD ./Generated_Code/PE_LDD.o
LOAD ./Generated_Code/Term1.o
LOAD ./Generated_Code/Vectors.o
LOAD ./Generated_Code/leftSwitch.o
LOAD ./Generated_Code/rightSwitch.o
LOAD ./.metadata/.plugins/org.eclipse.cdt.make.core/specs.o
LOAD c:/freescale/kds_3.0.0/toolchain/bin/../lib/gcc/arm-none-eabi/4.8.4/../../../../arm-none-eabi/lib/armv7e-m\libstdc++_s.a
LOAD c:/freescale/kds_3.0.0/toolchain/bin/../lib/gcc/arm-none-eabi/4.8.4/../../../../arm-none-eabi/lib/armv7e-m\libm.a
START GROUP
LOAD c:/freescale/kds_3.0.0/toolchain/bin/../lib/gcc/arm-none-eabi/4.8.4/armv7e-m\libgcc.a
LOAD c:/freescale/kds_3.0.0/toolchain/bin/../lib/gcc/arm-none-eabi/4.8.4/../../../../arm-none-eabi/lib/armv7e-m\libg_s.a
LOAD c:/freescale/kds_3.0.0/toolchain/bin/../lib/gcc/arm-none-eabi/4.8.4/../../../../arm-none-eabi/lib/armv7e-m\libc_s.a
END GROUP
START GROUP
LOAD c:/freescale/kds_3.0.0/toolchain/bin/../lib/gcc/arm-none-eabi/4.8.4/armv7e-m\libgcc.a
LOAD c:/freescale/kds_3.0.0/toolchain/bin/../lib/gcc/arm-none-eabi/4.8.4/../../../../arm-none-eabi/lib/armv7e-m\libc_s.a
LOAD c:/freescale/kds_3.0.0/toolchain/bin/../lib/gcc/arm-none-eabi/4.8.4/../../../../arm-none-eabi/lib/armv7e-m\libnosys.a
END GROUP
START GROUP
LOAD c:/freescale/kds_3.0.0/toolchain/bin/../lib/gcc/arm-none-eabi/4.8.4/armv7e-m\libgcc.a
LOAD c:/freescale/kds_3.0.0/toolchain/bin/../lib/gcc/arm-none-eabi/4.8.4/../../../../arm-none-eabi/lib/armv7e-m\libc_s.a
LOAD c:/freescale/kds_3.0.0/toolchain/bin/../lib/gcc/arm-none-eabi/4.8.4/../../../../arm-none-eabi/lib/armv7e-m\libnosys.a
END GROUP
LOAD c:/freescale/kds_3.0.0/toolchain/bin/../lib/gcc/arm-none-eabi/4.8.4/armv7e-m/crtend.o
LOAD c:/freescale/kds_3.0.0/toolchain/bin/../lib/gcc/arm-none-eabi/4.8.4/armv7e-m/crtn.o
                0x20000000                _estack = 0x20000000
                0x20000000                __SP_INIT = _estack
                0x20000000                __stack = _estack
                0x00000000                __heap_size = 0x0
                0x00000400                __stack_size = 0x400

.interrupts     0x00000000       0xf8
                0x00000000                __vector_table = .
                0x00000000                . = ALIGN (0x4)
 *(.vectortable)
 .vectortable   0x00000000       0xf8 ./Generated_Code/Vectors.o
                0x00000000                __vect_table
                0x000000f8                . = ALIGN (0x4)

.cfmprotect     0x00000400       0x10
                0x00000400                . = ALIGN (0x4)
 *(.cfmconfig)
 .cfmconfig     0x00000400       0x10 ./Generated_Code/Cpu.o
                0x00000400                _cfm
                0x00000410                . = ALIGN (0x4)

.text           0x00000410     0x13ec
                0x00000410                . = ALIGN (0x4)
 *(.text)
 .text          0x00000410       0x54 c:/freescale/kds_3.0.0/toolchain/bin/../lib/gcc/arm-none-eabi/4.8.4/armv7e-m/crtbegin.o
 .text          0x00000464       0x74 c:/freescale/kds_3.0.0/toolchain/bin/../lib/gcc/arm-none-eabi/4.8.4/../../../../arm-none-eabi/lib/armv7e-m/crt0.o
                0x00000464                _start
                0x00000464                _mainCRTStartup
 *(.text*)
 .text.Cpu_OnNMIINT
                0x000004d8        0xc ./Sources/Events.o
                0x000004d8                Cpu_OnNMIINT
 .text.AD1_OnEnd
                0x000004e4        0xc ./Sources/Events.o
                0x000004e4                AD1_OnEnd
 .text.AD1_OnCalibrationEnd
                0x000004f0        0xc ./Sources/Events.o
                0x000004f0                AD1_OnCalibrationEnd
 .text.DisplaySetUp
                0x000004fc       0x3c ./Sources/OurMethods.o
                0x000004fc                DisplaySetUp
 .text.UpdateDisplay
                0x00000538       0x38 ./Sources/OurMethods.o
                0x00000538                UpdateDisplay
 .text.main     0x00000570       0x78 ./Sources/main.o
                0x00000570                main
 .text.__copy_rom_section
                0x000005e8       0xe4 ./Project_Settings/Startup_Code/startup.o
                0x000005e8                __copy_rom_section
 .text.__copy_rom_sections_to_ram
                0x000006cc       0x9c ./Project_Settings/Startup_Code/startup.o
                0x000006cc                __copy_rom_sections_to_ram
 .text.__init_registers
                0x00000768        0xc ./Project_Settings/Startup_Code/startup.o
                0x00000768                __init_registers
 .text.__init_user
                0x00000774        0xc ./Project_Settings/Startup_Code/startup.o
                0x00000774                __init_user
 .text.__thumb_startup
                0x00000780       0x34 ./Project_Settings/Startup_Code/startup.o
                0x00000780                __thumb_startup
 .text.ClrSumV  0x000007b4       0x28 ./Generated_Code/AD1.o
 .text.AD1_HWEnDi
                0x000007dc       0x54 ./Generated_Code/AD1.o
                0x000007dc                AD1_HWEnDi
 .text.AD1_Measure
                0x00000830       0x44 ./Generated_Code/AD1.o
                0x00000830                AD1_Measure
 .text.AD1_GetValue16
                0x00000874       0x5c ./Generated_Code/AD1.o
                0x00000874                AD1_GetValue16
 .text.AD1_Calibrate
                0x000008d0       0x7c ./Generated_Code/AD1.o
                0x000008d0                AD1_Calibrate
 .text.AdcLdd1_OnMeasurementComplete
                0x0000094c       0xb0 ./Generated_Code/AD1.o
                0x0000094c                AdcLdd1_OnMeasurementComplete
 .text.AD1_Init
                0x000009fc       0x2c ./Generated_Code/AD1.o
                0x000009fc                AD1_Init
 .text.ASerialLdd1_Init
                0x00000a28      0x160 ./Generated_Code/ASerialLdd1.o
                0x00000a28                ASerialLdd1_Init
 .text.ASerialLdd1_ReceiveBlock
                0x00000b88       0x48 ./Generated_Code/ASerialLdd1.o
                0x00000b88                ASerialLdd1_ReceiveBlock
 .text.ASerialLdd1_SendBlock
                0x00000bd0       0x58 ./Generated_Code/ASerialLdd1.o
                0x00000bd0                ASerialLdd1_SendBlock
 .text.InterruptRx
                0x00000c28       0x50 ./Generated_Code/ASerialLdd1.o
 .text.InterruptTx
                0x00000c78       0x60 ./Generated_Code/ASerialLdd1.o
 .text.ASerialLdd1_Main
                0x00000cd8       0xd8 ./Generated_Code/ASerialLdd1.o
                0x00000cd8                ASerialLdd1_Main
 .text.AdcLdd1_Init
                0x00000db0       0xfc ./Generated_Code/AdcLdd1.o
                0x00000db0                AdcLdd1_Init
 .text.AdcLdd1_StartSingleMeasurement
                0x00000eac       0x4c ./Generated_Code/AdcLdd1.o
                0x00000eac                AdcLdd1_StartSingleMeasurement
 .text.AdcLdd1_CreateSampleGroup
                0x00000ef8       0x6c ./Generated_Code/AdcLdd1.o
                0x00000ef8                AdcLdd1_CreateSampleGroup
 .text.AdcLdd1_GetMeasuredValues
                0x00000f64       0x4c ./Generated_Code/AdcLdd1.o
                0x00000f64                AdcLdd1_GetMeasuredValues
 .text.AdcLdd1_GetMeasurementCompleteStatus
                0x00000fb0       0x78 ./Generated_Code/AdcLdd1.o
                0x00000fb0                AdcLdd1_GetMeasurementCompleteStatus
 .text.AdcLdd1_StartCalibration
                0x00001028       0x4c ./Generated_Code/AdcLdd1.o
                0x00001028                AdcLdd1_StartCalibration
 .text.AdcLdd1_GetCalibrationResultStatus
                0x00001074       0xbc ./Generated_Code/AdcLdd1.o
                0x00001074                AdcLdd1_GetCalibrationResultStatus
 .text.AdcLdd1_MeasurementCompleteInterrupt
                0x00001130       0x3c ./Generated_Code/AdcLdd1.o
                0x00001130                AdcLdd1_MeasurementCompleteInterrupt
 .text.BitIoLdd1_Init
                0x0000116c       0x58 ./Generated_Code/BitIoLdd1.o
                0x0000116c                BitIoLdd1_Init
 .text.BitIoLdd2_Init
                0x000011c4       0x58 ./Generated_Code/BitIoLdd2.o
                0x000011c4                BitIoLdd2_Init
 .text.Cpu_INT_NMIInterrupt
                0x0000121c       0x1c ./Generated_Code/Cpu.o
                0x0000121c                Cpu_INT_NMIInterrupt
 .text.Cpu_Interrupt
                0x00001238       0x18 ./Generated_Code/Cpu.o
                0x00001238                Cpu_Interrupt
 .text.__init_hardware
                0x00001250      0x11c ./Generated_Code/Cpu.o
                0x00001250                __init_hardware
 .text.Cpu_SetBASEPRI
                0x0000136c       0x18 ./Generated_Code/Cpu.o
                0x0000136c                Cpu_SetBASEPRI
 .text.PE_low_level_init
                0x00001384       0xbc ./Generated_Code/Cpu.o
                0x00001384                PE_low_level_init
 .text.HWEnDi   0x00001440       0x1c ./Generated_Code/Inhr1.o
 .text.Inhr1_SendChar
                0x0000145c       0x5c ./Generated_Code/Inhr1.o
                0x0000145c                Inhr1_SendChar
 .text.Inhr1_Init
                0x000014b8       0x24 ./Generated_Code/Inhr1.o
                0x000014b8                Inhr1_Init
 .text.ASerialLdd1_OnBreak
                0x000014dc       0x24 ./Generated_Code/Inhr1.o
                0x000014dc                ASerialLdd1_OnBreak
 .text.SendESCPrefix
                0x00001500       0x24 ./Generated_Code/Term1.o
 .text.Term1_SendStr
                0x00001524       0x34 ./Generated_Code/Term1.o
                0x00001524                Term1_SendStr
 .text.LongToStr
                0x00001558       0xf4 ./Generated_Code/Term1.o
 .text.Term1_SendNum
                0x0000164c       0x54 ./Generated_Code/Term1.o
                0x0000164c                Term1_SendNum
 .text.Term1_Cls
                0x000016a0       0x28 ./Generated_Code/Term1.o
                0x000016a0                Term1_Cls
 .text.Term1_MoveTo
                0x000016c8       0x44 ./Generated_Code/Term1.o
                0x000016c8                Term1_MoveTo
 .text.exit     0x0000170c       0x28 c:/freescale/kds_3.0.0/toolchain/bin/../lib/gcc/arm-none-eabi/4.8.4/../../../../arm-none-eabi/lib/armv7e-m\libg_s.a(lib_a-exit.o)
                0x0000170c                exit
 .text.__libc_init_array
                0x00001734       0x4c c:/freescale/kds_3.0.0/toolchain/bin/../lib/gcc/arm-none-eabi/4.8.4/../../../../arm-none-eabi/lib/armv7e-m\libg_s.a(lib_a-init.o)
                0x00001734                __libc_init_array
 .text.memset   0x00001780       0x10 c:/freescale/kds_3.0.0/toolchain/bin/../lib/gcc/arm-none-eabi/4.8.4/../../../../arm-none-eabi/lib/armv7e-m\libg_s.a(lib_a-memset.o)
                0x00001780                memset
 .text._exit    0x00001790        0x4 c:/freescale/kds_3.0.0/toolchain/bin/../lib/gcc/arm-none-eabi/4.8.4/../../../../arm-none-eabi/lib/armv7e-m\libnosys.a(_exit.o)
                0x00001790                _exit
 *(.rodata)
 .rodata        0x00001794       0x44 ./Sources/OurMethods.o
 *(.rodata*)
 .rodata.ChannelToPin
                0x000017d8        0x4 ./Generated_Code/AdcLdd1.o
 .rodata.str1.1
                0x000017dc        0x2 c:/freescale/kds_3.0.0/toolchain/bin/../lib/gcc/arm-none-eabi/4.8.4/../../../../arm-none-eabi/lib/armv7e-m\libg_s.a(lib_a-impure.o)
 *fill*         0x000017de        0x2 
 .rodata._global_impure_ptr
                0x000017e0        0x4 c:/freescale/kds_3.0.0/toolchain/bin/../lib/gcc/arm-none-eabi/4.8.4/../../../../arm-none-eabi/lib/armv7e-m\libg_s.a(lib_a-impure.o)
                0x000017e0                _global_impure_ptr
 *(.glue_7)
 .glue_7        0x00000000        0x0 linker stubs
 *(.glue_7t)
 .glue_7t       0x00000000        0x0 linker stubs
 *(.eh_frame)
 .eh_frame      0x000017e4        0x0 c:/freescale/kds_3.0.0/toolchain/bin/../lib/gcc/arm-none-eabi/4.8.4/armv7e-m/crtbegin.o
 *(.init)
 .init          0x000017e4        0x4 c:/freescale/kds_3.0.0/toolchain/bin/../lib/gcc/arm-none-eabi/4.8.4/armv7e-m/crti.o
                0x000017e4                _init
 .init          0x000017e8        0x8 c:/freescale/kds_3.0.0/toolchain/bin/../lib/gcc/arm-none-eabi/4.8.4/armv7e-m/crtn.o
 *(.fini)
 .fini          0x000017f0        0x4 c:/freescale/kds_3.0.0/toolchain/bin/../lib/gcc/arm-none-eabi/4.8.4/armv7e-m/crti.o
                0x000017f0                _fini
 .fini          0x000017f4        0x8 c:/freescale/kds_3.0.0/toolchain/bin/../lib/gcc/arm-none-eabi/4.8.4/armv7e-m/crtn.o
                0x000017fc                . = ALIGN (0x4)
                0x000017fc                _etext = .

.vfp11_veneer   0x000017fc        0x0
 .vfp11_veneer  0x00000000        0x0 linker stubs

.v4_bx          0x000017fc        0x0
 .v4_bx         0x00000000        0x0 linker stubs

.iplt           0x000017fc        0x0
 .iplt          0x00000000        0x0 c:/freescale/kds_3.0.0/toolchain/bin/../lib/gcc/arm-none-eabi/4.8.4/armv7e-m/crtbegin.o

.ARM.extab
 *(.ARM.extab* .gnu.linkonce.armextab.*)

.ARM            0x000017fc        0x8
                0x000017fc                __exidx_start = .
 *(.ARM.exidx*)
 .ARM.exidx     0x000017fc        0x8 c:/freescale/kds_3.0.0/toolchain/bin/../lib/gcc/arm-none-eabi/4.8.4/../../../../arm-none-eabi/lib/armv7e-m/crt0.o
                0x00001804                __exidx_end = .

.rel.dyn        0x00001804        0x0
 .rel.iplt      0x00000000        0x0 c:/freescale/kds_3.0.0/toolchain/bin/../lib/gcc/arm-none-eabi/4.8.4/armv7e-m/crtbegin.o

.ctors          0x00001804        0x0
                0x00001804                __CTOR_LIST__ = .
 *crtbegin.o(.ctors)
 *(EXCLUDE_FILE(*crtend.o) .ctors)
 *(SORT(.ctors.*))
 *(.ctors)
                0x00001804                __CTOR_END__ = .

.dtors          0x00001804        0x0
                0x00001804                __DTOR_LIST__ = .
 *crtbegin.o(.dtors)
 *(EXCLUDE_FILE(*crtend.o) .dtors)
 *(SORT(.dtors.*))
 *(.dtors)
                0x00001804                __DTOR_END__ = .

.preinit_array  0x00001804        0x0
                0x00001804                PROVIDE (__preinit_array_start, .)
 *(.preinit_array*)
                0x00001804                PROVIDE (__preinit_array_end, .)

.init_array     0x00001804        0x4
                0x00001804                PROVIDE (__init_array_start, .)
 *(SORT(.init_array.*))
 *(.init_array*)
 .init_array    0x00001804        0x4 c:/freescale/kds_3.0.0/toolchain/bin/../lib/gcc/arm-none-eabi/4.8.4/armv7e-m/crtbegin.o
                0x00001808                PROVIDE (__init_array_end, .)

.fini_array     0x00001808        0x4
                0x00001808                PROVIDE (__fini_array_start, .)
 *(SORT(.fini_array.*))
 *(.fini_array*)
 .fini_array    0x00001808        0x4 c:/freescale/kds_3.0.0/toolchain/bin/../lib/gcc/arm-none-eabi/4.8.4/armv7e-m/crtbegin.o
                0x0000180c                PROVIDE (__fini_array_end, .)
                0x0000180c                ___ROM_AT = .

.data           0x1fffe000       0x60 load address 0x0000180c
                0x1fffe000                . = ALIGN (0x4)
                0x1fffe000                _sdata = .
 *(.data)
 *(.data*)
 .data.impure_data
                0x1fffe000       0x60 c:/freescale/kds_3.0.0/toolchain/bin/../lib/gcc/arm-none-eabi/4.8.4/../../../../arm-none-eabi/lib/armv7e-m\libg_s.a(lib_a-impure.o)
                0x1fffe060                . = ALIGN (0x4)
                0x1fffe060                _edata = .
                0x00000060                ___data_size = (_edata - _sdata)
                0x0000186c                ___m_data_20000000_ROMStart = (___ROM_AT + SIZEOF (.data))

.jcr            0x1fffe060        0x0 load address 0x0000186c
 .jcr           0x1fffe060        0x0 c:/freescale/kds_3.0.0/toolchain/bin/../lib/gcc/arm-none-eabi/4.8.4/armv7e-m/crtbegin.o

.igot.plt       0x1fffe060        0x0 load address 0x0000186c
 .igot.plt      0x00000000        0x0 c:/freescale/kds_3.0.0/toolchain/bin/../lib/gcc/arm-none-eabi/4.8.4/armv7e-m/crtbegin.o

.m_data_20000000
                0x20000000        0x0 load address 0x0000186c
                0x20000000                . = ALIGN (0x4)
                0x20000000                ___m_data_20000000_RAMStart = .
 *(.m_data_20000000)
                0x20000000                ___m_data_20000000_RAMEnd = .
                0x20000000                . = ALIGN (0x4)
                0x00000000                ___m_data_20000000_ROMSize = (___m_data_20000000_RAMEnd - ___m_data_20000000_RAMStart)
                0x20000000                . = ALIGN (0x4)

.bss            0x1fffe060       0x88 load address 0x0000186c
                0x1fffe060                __START_BSS = .
                0x1fffe060                PROVIDE (__bss_start__, __START_BSS)
 *(.bss)
 .bss           0x1fffe060       0x1c c:/freescale/kds_3.0.0/toolchain/bin/../lib/gcc/arm-none-eabi/4.8.4/armv7e-m/crtbegin.o
 *(.bss*)
 .bss.SumChan   0x1fffe07c        0x1 ./Generated_Code/AD1.o
 .bss.ModeFlg   0x1fffe07d        0x1 ./Generated_Code/AD1.o
 *fill*         0x1fffe07e        0x2 
 .bss.SampleGroup
                0x1fffe080        0x4 ./Generated_Code/AD1.o
 .bss.OutFlg    0x1fffe084        0x1 ./Generated_Code/AD1.o
 *fill*         0x1fffe085        0x3 
 .bss.DeviceDataPrv__DEFAULT_RTOS_ALLOC
                0x1fffe088       0x20 ./Generated_Code/ASerialLdd1.o
 .bss.DeviceDataPrv__DEFAULT_RTOS_ALLOC
                0x1fffe0a8        0x8 ./Generated_Code/AdcLdd1.o
 .bss.INT_ADC0__DEFAULT_RTOS_ISRPARAM
                0x1fffe0b0        0x4 ./Generated_Code/AdcLdd1.o
 .bss.DeviceDataPrv__DEFAULT_RTOS_ALLOC
                0x1fffe0b4        0x4 ./Generated_Code/BitIoLdd1.o
 .bss.DeviceDataPrv__DEFAULT_RTOS_ALLOC
                0x1fffe0b8        0x4 ./Generated_Code/BitIoLdd2.o
 .bss.SR_lock   0x1fffe0bc        0x1 ./Generated_Code/Cpu.o
                0x1fffe0bc                SR_lock
 *fill*         0x1fffe0bd        0x1 
 .bss.SerFlag   0x1fffe0be        0x2 ./Generated_Code/Inhr1.o
 .bss.BufferRead
                0x1fffe0c0        0x1 ./Generated_Code/Inhr1.o
 .bss.OutBuffer
                0x1fffe0c1        0x1 ./Generated_Code/Inhr1.o
 *fill*         0x1fffe0c2        0x2 
 .bss.PE_LDD_DeviceDataList
                0x1fffe0c4       0x10 ./Generated_Code/PE_LDD.o
                0x1fffe0c4                PE_LDD_DeviceDataList
 *(COMMON)
 COMMON         0x1fffe0d4        0xc ./Generated_Code/AD1.o
                0x1fffe0d4                AD1_OutV
                0x1fffe0dc                AdcLdd1_DeviceDataPtr
 COMMON         0x1fffe0e0        0x1 ./Generated_Code/Cpu.o
                0x1fffe0e0                SR_reg
 *fill*         0x1fffe0e1        0x3 
 COMMON         0x1fffe0e4        0x4 ./Generated_Code/Inhr1.o
                0x1fffe0e4                ASerialLdd1_DeviceDataPtr
                0x1fffe0e8                . = ALIGN (0x4)
                0x1fffe0e8                __END_BSS = .
                0x1fffe0e8                PROVIDE (__bss_end__, __END_BSS)
                0x0000186c                _romp_at = ((___ROM_AT + SIZEOF (.data)) + SIZEOF (.m_data_20000000))

.romp           0x1fffe0e8       0x24 load address 0x0000186c
                0x0000186c                __S_romp = _romp_at
                0x1fffe0e8        0x4 LONG 0x180c ___ROM_AT
                0x1fffe0ec        0x4 LONG 0x1fffe000 _sdata
                0x1fffe0f0        0x4 LONG 0x60 ___data_size
                0x1fffe0f4        0x4 LONG 0x186c ___m_data_20000000_ROMStart
                0x1fffe0f8        0x4 LONG 0x20000000 ___m_data_20000000_RAMStart
                0x1fffe0fc        0x4 LONG 0x0 ___m_data_20000000_ROMSize
                0x1fffe100        0x4 LONG 0x0
                0x1fffe104        0x4 LONG 0x0
                0x1fffe108        0x4 LONG 0x0

._user_heap_stack
                0x1fffe10c      0x400 load address 0x00001890
                0x1fffe10c                . = ALIGN (0x4)
                0x1fffe10c                PROVIDE (end, .)
                0x1fffe10c                PROVIDE (_end, .)
                0x1fffe10c                __heap_addr = .
                0x1fffe10c                __HeapBase = .
                0x1fffe10c                . = (. + __heap_size)
                0x1fffe10c                __HeapLimit = .
                0x1fffe50c                . = (. + __stack_size)
 *fill*         0x1fffe10c      0x400 
                0x1fffe50c                . = ALIGN (0x4)

.ARM.attributes
                0x00000000       0x2a
 *(.ARM.attributes)
 .ARM.attributes
                0x00000000       0x1e c:/freescale/kds_3.0.0/toolchain/bin/../lib/gcc/arm-none-eabi/4.8.4/armv7e-m/crti.o
 .ARM.attributes
                0x0000001e       0x2e c:/freescale/kds_3.0.0/toolchain/bin/../lib/gcc/arm-none-eabi/4.8.4/armv7e-m/crtbegin.o
 .ARM.attributes
                0x0000004c       0x1c c:/freescale/kds_3.0.0/toolchain/bin/../lib/gcc/arm-none-eabi/4.8.4/../../../../arm-none-eabi/lib/armv7e-m/crt0.o
 .ARM.attributes
                0x00000068       0x33 ./Sources/Events.o
 .ARM.attributes
                0x0000009b       0x33 ./Sources/OurMethods.o
 .ARM.attributes
                0x000000ce       0x33 ./Sources/main.o
 .ARM.attributes
                0x00000101       0x33 ./Project_Settings/Startup_Code/startup.o
 .ARM.attributes
                0x00000134       0x33 ./Generated_Code/AD1.o
 .ARM.attributes
                0x00000167       0x33 ./Generated_Code/ASerialLdd1.o
 .ARM.attributes
                0x0000019a       0x33 ./Generated_Code/AdcLdd1.o
 .ARM.attributes
                0x000001cd       0x33 ./Generated_Code/BitIoLdd1.o
 .ARM.attributes
                0x00000200       0x33 ./Generated_Code/BitIoLdd2.o
 .ARM.attributes
                0x00000233       0x33 ./Generated_Code/Cpu.o
 .ARM.attributes
                0x00000266       0x33 ./Generated_Code/Inhr1.o
 .ARM.attributes
                0x00000299       0x33 ./Generated_Code/PE_LDD.o
 .ARM.attributes
                0x000002cc       0x33 ./Generated_Code/Term1.o
 .ARM.attributes
                0x000002ff       0x33 ./Generated_Code/Vectors.o
 .ARM.attributes
                0x00000332       0x2e c:/freescale/kds_3.0.0/toolchain/bin/../lib/gcc/arm-none-eabi/4.8.4/../../../../arm-none-eabi/lib/armv7e-m\libg_s.a(lib_a-exit.o)
 .ARM.attributes
                0x00000360       0x2e c:/freescale/kds_3.0.0/toolchain/bin/../lib/gcc/arm-none-eabi/4.8.4/../../../../arm-none-eabi/lib/armv7e-m\libg_s.a(lib_a-impure.o)
 .ARM.attributes
                0x0000038e       0x2e c:/freescale/kds_3.0.0/toolchain/bin/../lib/gcc/arm-none-eabi/4.8.4/../../../../arm-none-eabi/lib/armv7e-m\libg_s.a(lib_a-init.o)
 .ARM.attributes
                0x000003bc       0x2e c:/freescale/kds_3.0.0/toolchain/bin/../lib/gcc/arm-none-eabi/4.8.4/../../../../arm-none-eabi/lib/armv7e-m\libg_s.a(lib_a-memset.o)
 .ARM.attributes
                0x000003ea       0x2e c:/freescale/kds_3.0.0/toolchain/bin/../lib/gcc/arm-none-eabi/4.8.4/../../../../arm-none-eabi/lib/armv7e-m\libnosys.a(_exit.o)
 .ARM.attributes
                0x00000418       0x1e c:/freescale/kds_3.0.0/toolchain/bin/../lib/gcc/arm-none-eabi/4.8.4/armv7e-m/crtn.o
OUTPUT(crane.elf elf32-littlearm)

.debug_info     0x00000000     0x3186
 .debug_info    0x00000000       0xb8 ./Sources/Events.o
 .debug_info    0x000000b8       0xd9 ./Sources/OurMethods.o
 .debug_info    0x00000191       0xde ./Sources/main.o
 .debug_info    0x0000026f      0x20a ./Project_Settings/Startup_Code/startup.o
 .debug_info    0x00000479      0x2d8 ./Generated_Code/AD1.o
 .debug_info    0x00000751      0x939 ./Generated_Code/ASerialLdd1.o
 .debug_info    0x0000108a      0x941 ./Generated_Code/AdcLdd1.o
 .debug_info    0x000019cb      0x2d7 ./Generated_Code/BitIoLdd1.o
 .debug_info    0x00001ca2      0x2d7 ./Generated_Code/BitIoLdd2.o
 .debug_info    0x00001f79      0x9e9 ./Generated_Code/Cpu.o
 .debug_info    0x00002962      0x20b ./Generated_Code/Inhr1.o
 .debug_info    0x00002b6d      0x251 ./Generated_Code/PE_LDD.o
 .debug_info    0x00002dbe      0x2ba ./Generated_Code/Term1.o
 .debug_info    0x00003078      0x10e ./Generated_Code/Vectors.o

.debug_abbrev   0x00000000      0xf31
 .debug_abbrev  0x00000000       0x45 ./Sources/Events.o
 .debug_abbrev  0x00000045       0x84 ./Sources/OurMethods.o
 .debug_abbrev  0x000000c9       0x84 ./Sources/main.o
 .debug_abbrev  0x0000014d      0x11e ./Project_Settings/Startup_Code/startup.o
 .debug_abbrev  0x0000026b      0x19e ./Generated_Code/AD1.o
 .debug_abbrev  0x00000409      0x1c3 ./Generated_Code/ASerialLdd1.o
 .debug_abbrev  0x000005cc      0x1d2 ./Generated_Code/AdcLdd1.o
 .debug_abbrev  0x0000079e      0x10d ./Generated_Code/BitIoLdd1.o
 .debug_abbrev  0x000008ab      0x10d ./Generated_Code/BitIoLdd2.o
 .debug_abbrev  0x000009b8      0x178 ./Generated_Code/Cpu.o
 .debug_abbrev  0x00000b30      0x117 ./Generated_Code/Inhr1.o
 .debug_abbrev  0x00000c47      0x10d ./Generated_Code/PE_LDD.o
 .debug_abbrev  0x00000d54      0x139 ./Generated_Code/Term1.o
 .debug_abbrev  0x00000e8d       0xa4 ./Generated_Code/Vectors.o

.debug_aranges  0x00000000      0x368
 .debug_aranges
                0x00000000       0x30 ./Sources/Events.o
 .debug_aranges
                0x00000030       0x28 ./Sources/OurMethods.o
 .debug_aranges
                0x00000058       0x20 ./Sources/main.o
 .debug_aranges
                0x00000078       0x50 ./Project_Settings/Startup_Code/startup.o
 .debug_aranges
                0x000000c8       0x60 ./Generated_Code/AD1.o
 .debug_aranges
                0x00000128       0x58 ./Generated_Code/ASerialLdd1.o
 .debug_aranges
                0x00000180       0x60 ./Generated_Code/AdcLdd1.o
 .debug_aranges
                0x000001e0       0x28 ./Generated_Code/BitIoLdd1.o
 .debug_aranges
                0x00000208       0x28 ./Generated_Code/BitIoLdd2.o
 .debug_aranges
                0x00000230       0x40 ./Generated_Code/Cpu.o
 .debug_aranges
                0x00000270       0x48 ./Generated_Code/Inhr1.o
 .debug_aranges
                0x000002b8       0x30 ./Generated_Code/PE_LDD.o
 .debug_aranges
                0x000002e8       0x68 ./Generated_Code/Term1.o
 .debug_aranges
                0x00000350       0x18 ./Generated_Code/Vectors.o

.debug_ranges   0x00000000      0x280
 .debug_ranges  0x00000000       0x20 ./Sources/Events.o
 .debug_ranges  0x00000020       0x18 ./Sources/OurMethods.o
 .debug_ranges  0x00000038       0x10 ./Sources/main.o
 .debug_ranges  0x00000048       0x40 ./Project_Settings/Startup_Code/startup.o
 .debug_ranges  0x00000088       0x50 ./Generated_Code/AD1.o
 .debug_ranges  0x000000d8       0x48 ./Generated_Code/ASerialLdd1.o
 .debug_ranges  0x00000120       0x50 ./Generated_Code/AdcLdd1.o
 .debug_ranges  0x00000170       0x18 ./Generated_Code/BitIoLdd1.o
 .debug_ranges  0x00000188       0x18 ./Generated_Code/BitIoLdd2.o
 .debug_ranges  0x000001a0       0x30 ./Generated_Code/Cpu.o
 .debug_ranges  0x000001d0       0x38 ./Generated_Code/Inhr1.o
 .debug_ranges  0x00000208       0x20 ./Generated_Code/PE_LDD.o
 .debug_ranges  0x00000228       0x58 ./Generated_Code/Term1.o

.debug_macro    0x00000000    0x19048
 .debug_macro   0x00000000      0x14e ./Sources/Events.o
 .debug_macro   0x0000014e      0x84a ./Sources/Events.o
 .debug_macro   0x00000998       0x16 ./Sources/Events.o
 .debug_macro   0x000009ae       0x44 ./Sources/Events.o
 .debug_macro   0x000009f2      0x209 ./Sources/Events.o
 .debug_macro   0x00000bfb     0x1672 ./Sources/Events.o
 .debug_macro   0x0000226d      0x14e ./Sources/Events.o
 .debug_macro   0x000023bb       0x6a ./Sources/Events.o
 .debug_macro   0x00002425     0x9b9f ./Sources/Events.o
 .debug_macro   0x0000bfc4       0x94 ./Sources/Events.o
 .debug_macro   0x0000c058       0x5e ./Sources/Events.o
 .debug_macro   0x0000c0b6       0x11 ./Sources/Events.o
 .debug_macro   0x0000c0c7       0x94 ./Sources/Events.o
 .debug_macro   0x0000c15b      0x616 ./Sources/Events.o
 .debug_macro   0x0000c771       0x97 ./Sources/Events.o
 .debug_macro   0x0000c808       0x11 ./Sources/Events.o
 .debug_macro   0x0000c819      0x132 ./Sources/Events.o
 .debug_macro   0x0000c94b       0x2e ./Sources/Events.o
 .debug_macro   0x0000c979       0x34 ./Sources/Events.o
 .debug_macro   0x0000c9ad       0xa0 ./Sources/OurMethods.o
 .debug_macro   0x0000ca4d       0x9a ./Sources/OurMethods.o
 .debug_macro   0x0000cae7       0x22 ./Sources/OurMethods.o
 .debug_macro   0x0000cb09      0x161 ./Sources/main.o
 .debug_macro   0x0000cc6a      0x121 ./Project_Settings/Startup_Code/startup.o
 .debug_macro   0x0000cd8b       0x58 ./Project_Settings/Startup_Code/startup.o
 .debug_macro   0x0000cde3       0x35 ./Project_Settings/Startup_Code/startup.o
 .debug_macro   0x0000ce18       0xa3 ./Project_Settings/Startup_Code/startup.o
 .debug_macro   0x0000cebb      0x166 ./Project_Settings/Startup_Code/startup.o
 .debug_macro   0x0000d021       0x4a ./Project_Settings/Startup_Code/startup.o
 .debug_macro   0x0000d06b       0x52 ./Project_Settings/Startup_Code/startup.o
 .debug_macro   0x0000d0bd       0x16 ./Project_Settings/Startup_Code/startup.o
 .debug_macro   0x0000d0d3       0x43 ./Project_Settings/Startup_Code/startup.o
 .debug_macro   0x0000d116      0x180 ./Project_Settings/Startup_Code/startup.o
 .debug_macro   0x0000d296      0x2a6 ./Project_Settings/Startup_Code/startup.o
 .debug_macro   0x0000d53c       0x10 ./Project_Settings/Startup_Code/startup.o
 .debug_macro   0x0000d54c       0x35 ./Project_Settings/Startup_Code/startup.o
 .debug_macro   0x0000d581       0x16 ./Project_Settings/Startup_Code/startup.o
 .debug_macro   0x0000d597       0x22 ./Project_Settings/Startup_Code/startup.o
 .debug_macro   0x0000d5b9       0x10 ./Project_Settings/Startup_Code/startup.o
 .debug_macro   0x0000d5c9      0x20f ./Project_Settings/Startup_Code/startup.o
 .debug_macro   0x0000d7d8     0x9b93 ./Project_Settings/Startup_Code/startup.o
 .debug_macro   0x0001736b      0x166 ./Generated_Code/AD1.o
 .debug_macro   0x000174d1       0xc5 ./Generated_Code/ASerialLdd1.o
 .debug_macro   0x00017596       0x58 ./Generated_Code/ASerialLdd1.o
 .debug_macro   0x000175ee       0x17 ./Generated_Code/ASerialLdd1.o
 .debug_macro   0x00017605      0x7ab ./Generated_Code/ASerialLdd1.o
 .debug_macro   0x00017db0      0x9b1 ./Generated_Code/ASerialLdd1.o
 .debug_macro   0x00018761       0xd5 ./Generated_Code/AdcLdd1.o
 .debug_macro   0x00018836       0xa6 ./Generated_Code/BitIoLdd1.o
 .debug_macro   0x000188dc      0x12c ./Generated_Code/BitIoLdd1.o
 .debug_macro   0x00018a08       0xa6 ./Generated_Code/BitIoLdd2.o
 .debug_macro   0x00018aae       0x2e ./Generated_Code/BitIoLdd2.o
 .debug_macro   0x00018adc      0x15e ./Generated_Code/Cpu.o
 .debug_macro   0x00018c3a       0xdf ./Generated_Code/Inhr1.o
 .debug_macro   0x00018d19      0x124 ./Generated_Code/PE_LDD.o
 .debug_macro   0x00018e3d       0xad ./Generated_Code/Term1.o
 .debug_macro   0x00018eea      0x15e ./Generated_Code/Vectors.o

.debug_line     0x00000000     0x3100
 .debug_line    0x00000000      0x376 ./Sources/Events.o
 .debug_line    0x00000376      0x29c ./Sources/OurMethods.o
 .debug_line    0x00000612      0x385 ./Sources/main.o
 .debug_line    0x00000997      0x3f4 ./Project_Settings/Startup_Code/startup.o
 .debug_line    0x00000d8b      0x480 ./Generated_Code/AD1.o
 .debug_line    0x0000120b      0x384 ./Generated_Code/ASerialLdd1.o
 .debug_line    0x0000158f      0x39e ./Generated_Code/AdcLdd1.o
 .debug_line    0x0000192d      0x2a8 ./Generated_Code/BitIoLdd1.o
 .debug_line    0x00001bd5      0x2a8 ./Generated_Code/BitIoLdd2.o
 .debug_line    0x00001e7d      0x4c6 ./Generated_Code/Cpu.o
 .debug_line    0x00002343      0x29f ./Generated_Code/Inhr1.o
 .debug_line    0x000025e2      0x34b ./Generated_Code/PE_LDD.o
 .debug_line    0x0000292d      0x392 ./Generated_Code/Term1.o
 .debug_line    0x00002cbf      0x441 ./Generated_Code/Vectors.o

.debug_str      0x00000000    0x566bf
 .debug_str     0x00000000    0x44cc5 ./Sources/Events.o
                              0x44e0f (size before relaxing)
 .debug_str     0x00044cc5       0xa3 ./Sources/OurMethods.o
                              0x3ee11 (size before relaxing)
 .debug_str     0x00044d68       0x2d ./Sources/main.o
                              0x44e5f (size before relaxing)
 .debug_str     0x00044d95     0x25f0 ./Project_Settings/Startup_Code/startup.o
                              0x3a1e3 (size before relaxing)
 .debug_str     0x00047385      0x198 ./Generated_Code/AD1.o
                              0x44f88 (size before relaxing)
 .debug_str     0x0004751d     0xe6bd ./Generated_Code/ASerialLdd1.o
                              0x4dba7 (size before relaxing)
 .debug_str     0x00055bda      0x3b9 ./Generated_Code/AdcLdd1.o
                              0x44695 (size before relaxing)
 .debug_str     0x00055f93       0xaf ./Generated_Code/BitIoLdd1.o
                              0x3fd82 (size before relaxing)
 .debug_str     0x00056042       0x6d ./Generated_Code/BitIoLdd2.o
                              0x3fd82 (size before relaxing)
 .debug_str     0x000560af      0x240 ./Generated_Code/Cpu.o
                              0x451ad (size before relaxing)
 .debug_str     0x000562ef      0x16c ./Generated_Code/Inhr1.o
                              0x3f125 (size before relaxing)
 .debug_str     0x0005645b      0x17e ./Generated_Code/PE_LDD.o
                              0x44fa5 (size before relaxing)
 .debug_str     0x000565d9       0xca ./Generated_Code/Term1.o
                              0x3f060 (size before relaxing)
 .debug_str     0x000566a3       0x1c ./Generated_Code/Vectors.o
                              0x44e38 (size before relaxing)

.comment        0x00000000       0x70
 .comment       0x00000000       0x70 ./Sources/Events.o
                                 0x71 (size before relaxing)
 .comment       0x00000000       0x71 ./Sources/OurMethods.o
 .comment       0x00000000       0x71 ./Sources/main.o
 .comment       0x00000000       0x71 ./Project_Settings/Startup_Code/startup.o
 .comment       0x00000000       0x71 ./Generated_Code/AD1.o
 .comment       0x00000000       0x71 ./Generated_Code/ASerialLdd1.o
 .comment       0x00000000       0x71 ./Generated_Code/AdcLdd1.o
 .comment       0x00000000       0x71 ./Generated_Code/BitIoLdd1.o
 .comment       0x00000000       0x71 ./Generated_Code/BitIoLdd2.o
 .comment       0x00000000       0x71 ./Generated_Code/Cpu.o
 .comment       0x00000000       0x71 ./Generated_Code/Inhr1.o
 .comment       0x00000000       0x71 ./Generated_Code/PE_LDD.o
 .comment       0x00000000       0x71 ./Generated_Code/Term1.o
 .comment       0x00000000       0x71 ./Generated_Code/Vectors.o

.debug_frame    0x00000000      0x8e4
 .debug_frame   0x00000000       0x58 ./Sources/Events.o
 .debug_frame   0x00000058       0x4c ./Sources/OurMethods.o
 .debug_frame   0x000000a4       0x30 ./Sources/main.o
 .debug_frame   0x000000d4       0xc0 ./Project_Settings/Startup_Code/startup.o
 .debug_frame   0x00000194      0x114 ./Generated_Code/AD1.o
 .debug_frame   0x000002a8      0x100 ./Generated_Code/ASerialLdd1.o
 .debug_frame   0x000003a8      0x114 ./Generated_Code/AdcLdd1.o
 .debug_frame   0x000004bc       0x48 ./Generated_Code/BitIoLdd1.o
 .debug_frame   0x00000504       0x48 ./Generated_Code/BitIoLdd2.o
 .debug_frame   0x0000054c       0xa4 ./Generated_Code/Cpu.o
 .debug_frame   0x000005f0       0xc0 ./Generated_Code/Inhr1.o
 .debug_frame   0x000006b0       0x64 ./Generated_Code/PE_LDD.o
 .debug_frame   0x00000714      0x13c ./Generated_Code/Term1.o
 .debug_frame   0x00000850       0x28 c:/freescale/kds_3.0.0/toolchain/bin/../lib/gcc/arm-none-eabi/4.8.4/../../../../arm-none-eabi/lib/armv7e-m\libg_s.a(lib_a-exit.o)
 .debug_frame   0x00000878       0x2c c:/freescale/kds_3.0.0/toolchain/bin/../lib/gcc/arm-none-eabi/4.8.4/../../../../arm-none-eabi/lib/armv7e-m\libg_s.a(lib_a-init.o)
 .debug_frame   0x000008a4       0x20 c:/freescale/kds_3.0.0/toolchain/bin/../lib/gcc/arm-none-eabi/4.8.4/../../../../arm-none-eabi/lib/armv7e-m\libg_s.a(lib_a-memset.o)
 .debug_frame   0x000008c4       0x20 c:/freescale/kds_3.0.0/toolchain/bin/../lib/gcc/arm-none-eabi/4.8.4/../../../../arm-none-eabi/lib/armv7e-m\libnosys.a(_exit.o)
